11-06 14:53:10.562 W/unknown:ViewManagerPropertyUpdater( 6850): Could not find generated setter for class com.swmansion.rnscreens.ScreenContentWrapperManager
11-06 14:53:10.728 W/unknown:ViewManagerPropertyUpdater( 6850): Could not find generated setter for class com.facebook.react.views.debuggingoverlay.DebuggingOverlayManager
11-06 14:53:10.745 W/unknown:ViewManagerPropertyUpdater( 6850): Could not find generated setter for class com.swmansion.gesturehandler.react.RNGestureHandlerButtonViewManager
11-06 14:53:10.766 W/unknown:ViewManagerPropertyUpdater( 6850): Could not find generated setter for class com.facebook.react.views.safeareaview.ReactSafeAreaViewManager
11-06 14:53:10.768 W/unknown:ViewManagerPropertyUpdater( 6850): Could not find generated setter for class com.facebook.react.views.safeareaview.ReactSafeAreaViewShadowNode
11-06 14:53:10.786 W/unknown:ViewManagerPropertyUpdater( 6850): Could not find generated setter for class com.facebook.react.views.modal.ReactModalHostManager
11-06 14:53:10.803 W/unknown:ViewManagerPropertyUpdater( 6850): Could not find generated setter for class com.facebook.react.views.text.frescosupport.FrescoBasedReactTextInlineImageViewManager
11-06 14:53:10.804 W/unknown:ViewManagerPropertyUpdater( 6850): Could not find generated setter for class com.facebook.react.views.text.frescosupport.FrescoBasedReactTextInlineImageShadowNode
11-06 14:53:10.822 W/unknown:ViewManagerPropertyUpdater( 6850): Could not find generated setter for class com.facebook.react.views.progressbar.ReactProgressBarViewManager
11-06 14:53:10.826 W/unknown:ViewManagerPropertyUpdater( 6850): Could not find generated setter for class com.facebook.react.views.progressbar.ProgressBarShadowNode
11-06 14:53:10.841 W/unknown:ViewManagerPropertyUpdater( 6850): Could not find generated setter for class com.facebook.react.views.scroll.ReactHorizontalScrollViewManager
11-06 14:53:10.867 W/unknown:ViewManagerPropertyUpdater( 6850): Could not find generated setter for class com.facebook.react.views.image.ReactImageManager
11-06 14:53:10.887 W/unknown:ViewManagerPropertyUpdater( 6850): Could not find generated setter for class com.facebook.react.views.text.ReactTextViewManager
11-06 14:53:10.894 W/unknown:ViewManagerPropertyUpdater( 6850): Could not find generated setter for class com.facebook.react.views.text.ReactTextShadowNode
11-06 14:53:10.915 W/unknown:ViewManagerPropertyUpdater( 6850): Could not find generated setter for class com.facebook.react.views.scroll.ReactHorizontalScrollContainerViewManager
11-06 14:53:10.930 W/unknown:ViewManagerPropertyUpdater( 6850): Could not find generated setter for class com.facebook.react.views.unimplementedview.ReactUnimplementedViewManager
11-06 14:53:10.947 W/unknown:ViewManagerPropertyUpdater( 6850): Could not find generated setter for class com.facebook.react.views.scroll.ReactScrollViewManager
11-06 14:53:10.969 W/unknown:ViewManagerPropertyUpdater( 6850): Could not find generated setter for class com.facebook.react.views.view.ReactViewManager
11-06 14:53:10.984 W/unknown:ViewManagerPropertyUpdater( 6850): Could not find generated setter for class com.facebook.react.views.drawer.ReactDrawerLayoutManager
11-06 14:53:11.002 W/unknown:ViewManagerPropertyUpdater( 6850): Could not find generated setter for class com.facebook.react.views.switchview.ReactSwitchManager
11-06 14:53:11.007 W/unknown:ViewManagerPropertyUpdater( 6850): Could not find generated setter for class com.facebook.react.views.switchview.ReactSwitchShadowNode
11-06 14:53:11.021 W/unknown:ViewManagerPropertyUpdater( 6850): Could not find generated setter for class com.facebook.react.views.text.ReactVirtualTextViewManager
11-06 14:53:11.022 W/unknown:ViewManagerPropertyUpdater( 6850): Could not find generated setter for class com.facebook.react.views.text.ReactVirtualTextShadowNode
11-06 14:53:11.035 W/unknown:ViewManagerPropertyUpdater( 6850): Could not find generated setter for class com.facebook.react.views.swiperefresh.SwipeRefreshLayoutManager
11-06 14:53:11.056 W/unknown:ViewManagerPropertyUpdater( 6850): Could not find generated setter for class com.facebook.react.views.text.ReactRawTextManager
11-06 14:53:11.058 W/unknown:ViewManagerPropertyUpdater( 6850): Could not find generated setter for class com.facebook.react.views.text.ReactRawTextShadowNode
11-06 14:53:11.063 W/unknown:ViewManagerPropertyUpdater( 6850): Could not find generated setter for class com.facebook.react.views.textinput.ReactTextInputManager
11-06 14:53:11.076 W/unknown:ViewManagerPropertyUpdater( 6850): Could not find generated setter for class com.facebook.react.views.textinput.ReactTextInputShadowNode
11-06 14:53:11.095 W/unknown:ViewManagerPropertyUpdater( 6850): Could not find generated setter for class com.swmansion.gesturehandler.react.RNGestureHandlerRootViewManager
11-06 14:53:11.121 W/BridgelessReactContext( 6850): [WARNING] Bridgeless doesn't support CatalystInstance. Accessing an API that's not part of the new architecture is not encouraged usage.
11-06 14:53:11.139 I/ExpoModulesCore( 6850): ✅ JSI interop was installed
11-06 14:53:11.145 I/ExpoModulesCore( 6850): ✅ Constants were exported
11-06 14:53:11.174 D/audio_hw_primary(  602): out_set_parameters: enter: usecase(1: low-latency-playback) kvpairs: suspend_playback=false
11-06 14:53:11.175 W/audio_hw_primary(  602): out_write: underrun(113) frames_by_time(48245) > out->last_fifo_frames_remaining(384)
11-06 14:53:11.216 D/audio_hw_primary(  602): out_set_parameters: enter: usecase(1: low-latency-playback) kvpairs: suspend_playback=true
11-06 14:53:11.259 I/ReactNativeJS( 6850): Running "main"
11-06 14:53:11.311 W/eussantos.test( 6850): CheckJNI: method to register "installJSIBindings" not in the given class. This is slow, consider changing your RegisterNatives calls.
11-06 14:53:11.600 I/ReactNativeJNI( 6850): Error occurred, shutting down websocket connection: WebSocket exception Failed to connect to localhost/127.0.0.1:8081
11-06 14:53:11.792 I/ActivityTaskManager( 1073): Displayed com.ma1heussantos.teste/.MainActivity: +2s946ms
11-06 14:53:11.826 E/ReactNativeJS( 6850): Error: Call to function 'ExpoAsset.downloadAsync' has been rejected.
11-06 14:53:11.826 E/ReactNativeJS( 6850): → Caused by: Unable to download asset from url: node_modules_expogooglefonts_roboto_400regular_roboto_400regular
11-06 14:53:11.826 E/ReactNativeJS( 6850): 
11-06 14:53:11.826 E/ReactNativeJS( 6850): This error is located at:
11-06 14:53:11.826 E/ReactNativeJS( 6850):     at RootLayout (/tmp/expo-bundler-0.21315876930760402-1762347605303/index.js:109741:44)
11-06 14:53:11.826 E/ReactNativeJS( 6850):     at Try (/tmp/expo-bundler-0.21315876930760402-1762347605303/index.js:78234:22)
11-06 14:53:11.826 E/ReactNativeJS( 6850):     at Suspense (<anonymous>)
11-06 14:53:11.826 E/ReactNativeJS( 6850):     at Route (/tmp/expo-bundler-0.21315876930760402-1762347605303/index.js:76121:24)
11-06 14:53:11.826 E/ReactNativeJS( 6850):     at BaseRoute (/tmp/expo-bundler-0.21315876930760402-1762347605303/index.js:76474:24)
11-06 14:53:11.826 E/ReactNativeJS( 6850):     at StaticContainer (/tmp/expo-bundler-0.21315876930760402-1762347605303/index.js:67289:17)
11-06 14:53:11.826 E/ReactNativeJS( 6850):     at EnsureSingleNavigator (/tmp/expo-bundler-0.21315876930760402-1762347605303/index.js:63281:24)
11-06 14:53:11.826 E/ReactNativeJS( 6850):     at SceneView (/tmp/expo-bundler-0.21315876930760402-1762347605303/index.js:67134:22)
11-06 14:53:11.826 E/ReactNativeJS( 6850):     at PreventRemoveProvider (/tmp/expo-bundler-0.21315876930760402-1762347605303/index.js:65768:25)
11-06 14:53:11.826 E/ReactNativeJS( 6850):     at NavigationContent (/tmp/expo-bundler-0.21315876930760402-1762347605303/index.js:66863:22)
11-06 14:53:11.826 E/ReactNativeJS( 6850):     at anonymous (/tmp/expo-bundler-0.21315876930760402-1762347605303/index.js:66878:27)
11-06 14:53:11.826 E/ReactNativeJS( 6850):     at Content (/tmp/expo-bundler-0.21315876930760402-1762347605303/index.js:85927:51)
11-06 14:53:11.826 E/ReactNativeJS( 6850):     at RNCSafeAreaProvider (<anonymous>)
11-06 14:53:11.826 E/ReactNativeJS( 6850):     at SafeAreaProvider (/tmp/expo-bundler-0.21315876930760402-1762347605303/index.js:72563:24)
11-06 14:53:11.826 E/ReactNativeJS( 6850):     at wrapper (/tmp/expo-bundler-0.21315876930760402-1762347605303/index.js:85842:27)
11-06 14:53:11.826 E/ReactNativeJS( 6850):     at ThemeProvider (/tmp/expo-bundler-0.21315876930760402-1762347605303/index.js:63413:21)
11-06 14:53:11.826 E/ReactNativeJS( 6850):     at EnsureSingleNavigator (/tmp/expo-bundler-0.21315876930760402-1762347605303/index.js:63281:24)
11-06 14:53:11.826 E/ReactNativeJS( 6850):     at BaseNavigationContainer (/tmp/expo-bundler-0.21315876930760402-1762347605303/index.js:61611:28)
11-06 14:53:11.826 E/ReactNativeJS( 6850):     at NavigationContainerInner (/tmp/expo-bundler-0.21315876930760402-1762347605303/index.js:86064:30)
11-06 14:53:11.826 E/ReactNativeJS( 6850):     at ContextNavigator (/tmp/expo-bundler-0.21315876930760402-1762347605303/index.js:85863:24)
11-06 14:53:11.826 E/ReactNativeJS( 6850):     at ExpoRoot (/tmp/expo-bundler-0.21315876930760402-1762347605303/index.js:85833:28)
11-06 14:53:11.826 E/ReactNativeJS( 6850):     at App (<anonymous>)
11-06 14:53:11.826 E/ReactNativeJS( 6850):     at RCTView (<anonymous>)
11-06 14:53:11.826 E/ReactNativeJS( 6850):     at anonymous (/tmp/expo-bundler-0.21315876930760402-1762347605303/index.js:33265:43)
11-06 14:53:11.826 E/ReactNativeJS( 6850):     at AppContainer (/tmp/expo-bundler-0.21315876930760402-1762347605303/index.js:33221:24), js engine: hermes
11-06 14:53:11.840 E/unknown:ReactNative( 6850): Error: Call to function 'ExpoAsset.downloadAsync' has been rejected.
11-06 14:53:11.840 E/unknown:ReactNative( 6850): → Caused by: Unable to download asset from url: node_modules_expogooglefonts_roboto_400regular_roboto_400regular
11-06 14:53:11.840 E/unknown:ReactNative( 6850): 
11-06 14:53:11.840 E/unknown:ReactNative( 6850): This error is located at:
11-06 14:53:11.840 E/unknown:ReactNative( 6850):     at RootLayout (/tmp/expo-bundler-0.21315876930760402-1762347605303/index.js:109741:44)
11-06 14:53:11.840 E/unknown:ReactNative( 6850):     at Try (/tmp/expo-bundler-0.21315876930760402-1762347605303/index.js:78234:22)
11-06 14:53:11.840 E/unknown:ReactNative( 6850):     at Suspense (<anonymous>)
11-06 14:53:11.840 E/unknown:ReactNative( 6850):     at Route (/tmp/expo-bundler-0.21315876930760402-1762347605303/index.js:76121:24)
11-06 14:53:11.840 E/unknown:ReactNative( 6850):     at BaseRoute (/tmp/expo-bundler-0.21315876930760402-1762347605303/index.js:76474:24)
11-06 14:53:11.840 E/unknown:ReactNative( 6850):     at StaticContainer (/tmp/expo-bundler-0.21315876930760402-1762347605303/index.js:67289:17)
11-06 14:53:11.840 E/unknown:ReactNative( 6850):     at EnsureSingleNavigator (/tmp/expo-bundler-0.21315876930760402-1762347605303/index.js:63281:24)
11-06 14:53:11.840 E/unknown:ReactNative( 6850):     at SceneView (/tmp/expo-bundler-0.21315876930760402-1762347605303/index.js:67134:22)
11-06 14:53:11.840 E/unknown:ReactNative( 6850):     at PreventRemoveProvider (/tmp/expo-bundler-0.21315876930760402-1762347605303/index.js:65768:25)
11-06 14:53:11.840 E/unknown:ReactNative( 6850):     at NavigationContent (/tmp/expo-bundler-0.21315876930760402-1762347605303/index.js:66863:22)
11-06 14:53:11.840 E/unknown:ReactNative( 6850):     at anonymous (/tmp/expo-bundler-0.21315876930760402-1762347605303/index.js:66878:27)
11-06 14:53:11.840 E/unknown:ReactNative( 6850):     at Content (/tmp/expo-bundler-0.21315876930760402-1762347605303/index.js:85927:51)
11-06 14:53:11.840 E/unknown:ReactNative( 6850):     at RNCSafeAreaProvider (<anonymous>)
11-06 14:53:11.840 E/unknown:ReactNative( 6850):     at SafeAreaProvider (/tmp/expo-bundler-0.21315876930760402-1762347605303/index.js:72563:24)
11-06 14:53:11.840 E/unknown:ReactNative( 6850):     at wrapper (/tmp/expo-bundler-0.21315876930760402-1762347605303/index.js:85842:27)
11-06 14:53:11.840 E/unknown:ReactNative( 6850):     at ThemeProvider (/tmp/expo-bundler-0.21315876930760402-1762347605303/index.js:63413:21)
11-06 14:53:11.840 E/unknown:ReactNative( 6850):     at EnsureSingleNavigator (/tmp/expo-bundler-0.21315876930760402-1762347605303/index.js:63281:24)
11-06 14:53:11.840 E/unknown:ReactNative( 6850):     at BaseNavigationContainer (/tmp/expo-bundler-0.21315876930760402-1762347605303/index.js:61611:28)
11-06 14:53:11.840 E/unknown:ReactNative( 6850):     at NavigationContainerInner (/tmp/expo-bundler-0.21315876930760402-1762347605303/index.js:86064:30)
11-06 14:53:11.840 E/unknown:ReactNative( 6850):     at ContextNavigator (/tmp/expo-bundler-0.21315876930760402-1762347605303/index.js:85863:24)
11-06 14:53:11.840 E/unknown:ReactNative( 6850):     at ExpoRoot (/tmp/expo-bundler-0.21315876930760402-1762347605303/index.js:85833:28)
11-06 14:53:11.840 E/unknown:ReactNative( 6850):     at App (<anonymous>)
11-06 14:53:11.840 E/unknown:ReactNative( 6850):     at RCTView (<anonymous>)
11-06 14:53:11.840 E/unknown:ReactNative( 6850):     at anonymous (/tmp/expo-bundler-0.21315876930760402-1762347605303/index.js:33265:43)
11-06 14:53:11.840 E/unknown:ReactNative( 6850):     at AppContainer (/tmp/expo-bundler-0.21315876930760402-1762347605303/index.js:33221:24), js engine: hermes, stack:
11-06 14:53:11.840 E/unknown:ReactNative( 6850): _construct@5702:66
11-06 14:53:11.840 E/unknown:ReactNative( 6850): Wrapper@5674:24
11-06 14:53:11.840 E/unknown:ReactNative( 6850): _callSuper@58419:169
11-06 14:53:11.840 E/unknown:ReactNative( 6850): CodedError@58430:24
11-06 14:53:11.929 E/TaskPersister( 1073): File error accessing recents directory (directory doesn't exist?).
11-06 14:53:12.217 D/audio_hw_primary(  602): out_set_parameters: enter: usecase(1: low-latency-playback) kvpairs: suspend_playback=false
11-06 14:53:12.219 D/audio_hw_primary(  602): out_standby: enter: stream (0xeeac64c0) usecase(1: low-latency-playback)
11-06 14:53:12.196 E/[Awinic] aw87xxx_set_profile(    0): not found struct aw87xxx, dev_index = [0]
11-06 14:53:12.196 E/[Awinic] aw87xxx_pa_dev_0_event(    0): set profile[Off] failed
11-06 14:53:12.196 E/rouleur_codec rouleur-codec(    0): ASoC: POST_PMD: AW87XXX event failed: -22
11-06 14:53:12.198 I/afe_close(    0): port_id = 0xb030
11-06 14:53:12.288 D/audio_hw_primary(  602): disable_audio_route: reset and update mixer path: low-latency-playback
11-06 14:53:12.289 D/soundtrigger(  602): audio_extn_sound_trigger_update_stream_status: uc_info->id 1 of type 0 for Event 2, with Raise=0
11-06 14:53:12.290 D/hardware_info(  602): hw_info_append_hw_type : device_name = speaker
11-06 14:53:12.290 D/audio_hw_primary(  602): disable_snd_device: snd_device(2: speaker)
11-06 14:53:12.297 I/soundtrigger(  602): audio_extn_sound_trigger_update_device_status: device 0x2 of type 0 for Event 0, with Raise=0
11-06 14:53:12.303 I/system_server( 1073): oneway function results will be dropped but finished with status OK and parcel size 4
11-06 14:53:12.827 D/QCNEJ/WlanStaInfoRelay( 2379): Received action: android.net.wifi.RSSI_CHANGED
11-06 14:53:13.612 I/ReactNativeJNI( 6850): Error occurred, shutting down websocket connection: WebSocket exception Failed to connect to localhost/127.0.0.1:8081
11-06 14:53:13.836 E/[schedu][0xaf15feab40][14:53:13.921439] wlan(    0): [1855:E:WMA] wma_roam_stats_event_handler: Roam 11kv stats extract failed vdev 0
11-06 14:53:13.898 E/        (    0): cw_update_data vol = 4079  cap = 87 temp = 340
11-06 14:53:13.901 I/        (    0): smblite_lib_get_prop_usb_present 1229
11-06 14:53:13.906 E/ALG     (    0): get_time_to_full_locked: failed to get ACT_BATT_CAP rc=-19
11-06 14:53:13.909 W/healthd (    0): battery l=87 v=4079 t=34.0 h=2 st=2 c=-205383 fc=0 cc=0 chg=u
11-06 14:53:13.911 I/        (    0): smblite_lib_get_prop_usb_present 1229
11-06 14:53:13.999 V/LocSvc_BatteryListener(  628): healthInfoChanged_2_1:236] healthInfoChanged_2_1: 2
11-06 14:53:14.000 V/LocSvc_BatteryListener(  628): healthInfoChanged:225] healthInfoChanged: 2
11-06 14:53:13.911 I/chatty  (    0): uid=0(root) logd identical 1 line
11-06 14:53:13.912 I/        (    0): smblite_lib_get_prop_usb_present 1229
11-06 14:53:13.912 E/ALG     (    0): get_time_to_full_locked: failed to get ACT_BATT_CAP rc=-19
11-06 14:53:14.002 E/BatteryService( 1073): Processing new values: info={.chargerAcOnline = false, .chargerUsbOnline = true, .chargerWirelessOnline = false, .maxChargingCurrent = 0, .maxChargingVoltage = 0, .batteryStatus = CHARGING, .batteryHealth = GOOD, .batteryPresent = true, .batteryLevel = 87, .batteryVoltage = 4079, .batteryTemperature = 340, .batteryCurrent = -205383, .batteryCycleCount = 0, .batteryFullCharge = 0, .batteryChargeCounter = 0, .batteryTechnology = Li-ion}, mBatteryLevelCritical=false, batteryTemperature=340, mPlugType=2
11-06 14:53:14.002 E/BatteryService( 1073): shutdownIfOverTempLocked batteryTemperature=340
11-06 14:53:14.003 D/BatteryService( 1073): Sending ACTION_BATTERY_CHANGED. scale:100, info:{.chargerAcOnline = false, .chargerUsbOnline = true, .chargerWirelessOnline = false, .maxChargingCurrent = 0, .maxChargingVoltage = 0, .batteryStatus = CHARGING, .batteryHealth = GOOD, .batteryPresent = true, .batteryLevel = 87, .batteryVoltage = 4079, .batteryTemperature = 340, .batteryCurrent = -205383, .batteryCycleCount = 0, .batteryFullCharge = 0, .batteryChargeCounter = 0, .batteryTechnology = Li-ion}
11-06 14:53:13.916 I/        (    0): smblite_lib_get_prop_usb_present 1229
11-06 14:53:14.010 D/KeyguardUpdateMonitor( 2121): received broadcast android.intent.action.BATTERY_CHANGED
11-06 14:53:14.014 D/QtiCarrierConfigHelper( 2433): WARNING, no carrier configs on phone Id: 0
11-06 14:53:14.017 D/KeyguardUpdateMonitor( 2121): handleBatteryUpdate
