11-06 15:08:39.605 E/ALG     (    0): get_time_to_full_locked: failed to get ACT_BATT_CAP rc=-19
11-06 15:08:39.693 V/LocSvc_BatteryListener(  628): healthInfoChanged_2_1:236] healthInfoChanged_2_1: 2
11-06 15:08:39.693 V/LocSvc_BatteryListener(  628): healthInfoChanged:225] healthInfoChanged: 2
11-06 15:08:39.693 E/BatteryService( 1073): Processing new values: info={.chargerAcOnline = false, .chargerUsbOnline = true, .chargerWirelessOnline = false, .maxChargingCurrent = 0, .maxChargingVoltage = 0, .batteryStatus = CHARGING, .batteryHealth = GOOD, .batteryPresent = true, .batteryLevel = 89, .batteryVoltage = 4112, .batteryTemperature = 330, .batteryCurrent = -30212, .batteryCycleCount = 0, .batteryFullCharge = 0, .batteryChargeCounter = 0, .batteryTechnology = Li-ion}, mBatteryLevelCritical=false, batteryTemperature=330, mPlugType=2
11-06 15:08:39.694 E/BatteryService( 1073): shutdownIfOverTempLocked batteryTemperature=330
11-06 15:08:39.829 I/ReactNativeJNI( 6850): Error occurred, shutting down websocket connection: WebSocket exception Failed to connect to localhost/127.0.0.1:8081
11-06 15:08:41.232 E/ALG     (    0): get_time_to_full_locked: failed to get ACT_BATT_CAP rc=-19
11-06 15:08:41.233 W/healthd (    0): battery l=89 v=4111 t=33.0 h=2 st=2 c=-33264 fc=0 cc=0 chg=u
11-06 15:08:41.324 V/LocSvc_BatteryListener(  628): healthInfoChanged_2_1:236] healthInfoChanged_2_1: 2
11-06 15:08:41.324 V/LocSvc_BatteryListener(  628): healthInfoChanged:225] healthInfoChanged: 2
11-06 15:08:41.236 E/ALG     (    0): get_time_to_full_locked: failed to get ACT_BATT_CAP rc=-19
11-06 15:08:41.325 E/BatteryService( 1073): Processing new values: info={.chargerAcOnline = false, .chargerUsbOnline = true, .chargerWirelessOnline = false, .maxChargingCurrent = 0, .maxChargingVoltage = 0, .batteryStatus = CHARGING, .batteryHealth = GOOD, .batteryPresent = true, .batteryLevel = 89, .batteryVoltage = 4111, .batteryTemperature = 330, .batteryCurrent = -33264, .batteryCycleCount = 0, .batteryFullCharge = 0, .batteryChargeCounter = 0, .batteryTechnology = Li-ion}, mBatteryLevelCritical=false, batteryTemperature=330, mPlugType=2
11-06 15:08:41.326 E/BatteryService( 1073): shutdownIfOverTempLocked batteryTemperature=330
11-06 15:08:41.326 D/BatteryService( 1073): Sending ACTION_BATTERY_CHANGED. scale:100, info:{.chargerAcOnline = false, .chargerUsbOnline = true, .chargerWirelessOnline = false, .maxChargingCurrent = 0, .maxChargingVoltage = 0, .batteryStatus = CHARGING, .batteryHealth = GOOD, .batteryPresent = true, .batteryLevel = 89, .batteryVoltage = 4111, .batteryTemperature = 330, .batteryCurrent = -33264, .batteryCycleCount = 0, .batteryFullCharge = 0, .batteryChargeCounter = 0, .batteryTechnology = Li-ion}
11-06 15:08:41.329 D/KeyguardUpdateMonitor( 2121): received broadcast android.intent.action.BATTERY_CHANGED
11-06 15:08:41.329 D/QtiCarrierConfigHelper( 2433): WARNING, no carrier configs on phone Id: 0
11-06 15:08:41.334 D/KeyguardUpdateMonitor( 2121): handleBatteryUpdate
11-06 15:08:41.867 I/ReactNativeJNI( 6850): Error occurred, shutting down websocket connection: WebSocket exception Failed to connect to localhost/127.0.0.1:8081
11-06 15:08:47.791 E/        (    0): cw_update_data vol = 4112  cap = 89 temp = 330
11-06 15:08:47.793 I/        (    0): smblite_lib_get_prop_usb_present 1229
11-06 15:08:47.793 I/        (    0): smblite_lib_get_prop_usb_present 1229
11-06 15:08:47.794 E/ALG     (    0): get_time_to_full_locked: failed to get ACT_BATT_CAP rc=-19
11-06 15:08:47.795 I/        (    0): smblite_lib_get_prop_usb_present 1229
11-06 15:08:47.796 I/        (    0): smblite_lib_get_prop_usb_present 1229
11-06 15:08:47.796 W/healthd (    0): battery l=89 v=4112 t=33.0 h=2 st=2 c=-36163 fc=0 cc=0 chg=u
11-06 15:08:47.798 I/        (    0): smblite_lib_get_prop_usb_present 1229
11-06 15:08:47.798 E/ALG     (    0): get_time_to_full_locked: failed to get ACT_BATT_CAP rc=-19
11-06 15:08:43.912 I/chatty  ( 6850): uid=10094(u0_a94) com.ma1heussantos.teste identical 1 line
11-06 15:08:45.961 I/ReactNativeJNI( 6850): Error occurred, shutting down websocket connection: WebSocket exception Failed to connect to localhost/127.0.0.1:8081
11-06 15:08:47.885 V/LocSvc_BatteryListener(  628): healthInfoChanged_2_1:236] healthInfoChanged_2_1: 2
11-06 15:08:47.885 V/LocSvc_BatteryListener(  628): healthInfoChanged:225] healthInfoChanged: 2
11-06 15:08:47.886 E/BatteryService( 1073): Processing new values: info={.chargerAcOnline = false, .chargerUsbOnline = true, .chargerWirelessOnline = false, .maxChargingCurrent = 0, .maxChargingVoltage = 0, .batteryStatus = CHARGING, .batteryHealth = GOOD, .batteryPresent = true, .batteryLevel = 89, .batteryVoltage = 4112, .batteryTemperature = 330, .batteryCurrent = -36163, .batteryCycleCount = 0, .batteryFullCharge = 0, .batteryChargeCounter = 0, .batteryTechnology = Li-ion}, mBatteryLevelCritical=false, batteryTemperature=330, mPlugType=2
11-06 15:08:47.887 E/BatteryService( 1073): shutdownIfOverTempLocked batteryTemperature=330
11-06 15:08:47.887 D/BatteryService( 1073): Sending ACTION_BATTERY_CHANGED. scale:100, info:{.chargerAcOnline = false, .chargerUsbOnline = true, .chargerWirelessOnline = false, .maxChargingCurrent = 0, .maxChargingVoltage = 0, .batteryStatus = CHARGING, .batteryHealth = GOOD, .batteryPresent = true, .batteryLevel = 89, .batteryVoltage = 4112, .batteryTemperature = 330, .batteryCurrent = -36163, .batteryCycleCount = 0, .batteryFullCharge = 0, .batteryChargeCounter = 0, .batteryTechnology = Li-ion}
11-06 15:08:47.890 D/QtiCarrierConfigHelper( 2433): WARNING, no carrier configs on phone Id: 0
11-06 15:08:47.891 D/KeyguardUpdateMonitor( 2121): received broadcast android.intent.action.BATTERY_CHANGED
11-06 15:08:47.897 D/KeyguardUpdateMonitor( 2121): handleBatteryUpdate
11-06 15:08:47.991 I/ReactNativeJNI( 6850): Error occurred, shutting down websocket connection: WebSocket exception Failed to connect to localhost/127.0.0.1:8081
11-06 15:08:50.039 I/ReactNativeJNI( 6850): Error occurred, shutting down websocket connection: WebSocket exception Failed to connect to localhost/127.0.0.1:8081
11-06 15:08:50.075 I/br.com.gertec.service.BatteryLevelService( 3532): Nível da bateria: 89
11-06 15:08:50.076 W/ContextImpl( 3532): Calling a method in the system process without a qualified user: android.app.ContextImpl.stopService:1681 android.content.ContextWrapper.stopService:730 br.com.gertec.service.BatteryLevelService.f:7 br.com.gertec.service.BatteryLevelService$a.run:88 android.os.Handler.handleCallback:938 
11-06 15:08:52.080 I/ReactNativeJNI( 6850): Error occurred, shutting down websocket connection: WebSocket exception Failed to connect to localhost/127.0.0.1:8081
11-06 15:08:55.982 E/        (    0): cw_update_data vol = 4112  cap = 89 temp = 330
11-06 15:08:55.985 I/        (    0): smblite_lib_get_prop_usb_present 1229
11-06 15:08:55.986 I/chatty  (    0): uid=0(root) logd identical 2 lines
11-06 15:08:55.987 I/        (    0): smblite_lib_get_prop_usb_present 1229
11-06 15:08:55.987 E/ALG     (    0): get_time_to_full_locked: failed to get ACT_BATT_CAP rc=-19
11-06 15:08:55.989 W/healthd (    0): battery l=89 v=4112 t=33.0 h=2 st=2 c=-31127 fc=0 cc=0 chg=u
11-06 15:08:55.991 E/ALG     (    0): get_time_to_full_locked: failed to get ACT_BATT_CAP rc=-19
11-06 15:08:55.992 I/        (    0): smblite_lib_get_prop_usb_present 1229
11-06 15:08:54.128 I/ReactNativeJNI( 6850): Error occurred, shutting down websocket connection: WebSocket exception Failed to connect to localhost/127.0.0.1:8081
11-06 15:08:56.078 V/LocSvc_BatteryListener(  628): healthInfoChanged_2_1:236] healthInfoChanged_2_1: 2
11-06 15:08:56.078 V/LocSvc_BatteryListener(  628): healthInfoChanged:225] healthInfoChanged: 2
11-06 15:08:56.079 E/BatteryService( 1073): Processing new values: info={.chargerAcOnline = false, .chargerUsbOnline = true, .chargerWirelessOnline = false, .maxChargingCurrent = 0, .maxChargingVoltage = 0, .batteryStatus = CHARGING, .batteryHealth = GOOD, .batteryPresent = true, .batteryLevel = 89, .batteryVoltage = 4112, .batteryTemperature = 330, .batteryCurrent = -31127, .batteryCycleCount = 0, .batteryFullCharge = 0, .batteryChargeCounter = 0, .batteryTechnology = Li-ion}, mBatteryLevelCritical=false, batteryTemperature=330, mPlugType=2
11-06 15:08:56.080 E/BatteryService( 1073): shutdownIfOverTempLocked batteryTemperature=330
11-06 15:08:56.173 I/ReactNativeJNI( 6850): Error occurred, shutting down websocket connection: WebSocket exception Failed to connect to localhost/127.0.0.1:8081
11-06 15:09:04.173 E/        (    0): cw_update_data vol = 4112  cap = 89 temp = 330
11-06 15:09:04.175 I/        (    0): smblite_lib_get_prop_usb_present 1229
11-06 15:09:04.176 I/chatty  (    0): uid=0(root) logd identical 2 lines
11-06 15:09:04.176 I/        (    0): smblite_lib_get_prop_usb_present 1229
11-06 15:09:04.177 E/ALG     (    0): get_time_to_full_locked: failed to get ACT_BATT_CAP rc=-19
11-06 15:09:04.178 I/        (    0): smblite_lib_get_prop_usb_present 1229
11-06 15:09:04.180 W/healthd (    0): battery l=89 v=4112 t=33.0 h=2 st=2 c=-50811 fc=0 cc=0 chg=u
11-06 15:09:04.182 E/ALG     (    0): get_time_to_full_locked: failed to get ACT_BATT_CAP rc=-19
11-06 15:09:00.264 I/chatty  ( 6850): uid=10094(u0_a94) com.ma1heussantos.teste identical 2 lines
11-06 15:09:02.310 I/ReactNativeJNI( 6850): Error occurred, shutting down websocket connection: WebSocket exception Failed to connect to localhost/127.0.0.1:8081
11-06 15:09:04.269 V/LocSvc_BatteryListener(  628): healthInfoChanged_2_1:236] healthInfoChanged_2_1: 2
11-06 15:09:04.269 V/LocSvc_BatteryListener(  628): healthInfoChanged:225] healthInfoChanged: 2
11-06 15:09:04.271 E/BatteryService( 1073): Processing new values: info={.chargerAcOnline = false, .chargerUsbOnline = true, .chargerWirelessOnline = false, .maxChargingCurrent = 0, .maxChargingVoltage = 0, .batteryStatus = CHARGING, .batteryHealth = GOOD, .batteryPresent = true, .batteryLevel = 89, .batteryVoltage = 4112, .batteryTemperature = 330, .batteryCurrent = -50811, .batteryCycleCount = 0, .batteryFullCharge = 0, .batteryChargeCounter = 0, .batteryTechnology = Li-ion}, mBatteryLevelCritical=false, batteryTemperature=330, mPlugType=2
11-06 15:09:04.271 E/BatteryService( 1073): shutdownIfOverTempLocked batteryTemperature=330
11-06 15:09:04.355 I/ReactNativeJNI( 6850): Error occurred, shutting down websocket connection: WebSocket exception Failed to connect to localhost/127.0.0.1:8081
11-06 15:09:12.366 E/        (    0): cw_update_data vol = 4113  cap = 89 temp = 330
11-06 15:09:12.369 I/        (    0): smblite_lib_get_prop_usb_present 1229
11-06 15:09:12.369 I/chatty  (    0): uid=0(root) logd identical 1 line
11-06 15:09:12.370 I/        (    0): smblite_lib_get_prop_usb_present 1229
11-06 15:09:12.373 E/ALG     (    0): get_time_to_full_locked: failed to get ACT_BATT_CAP rc=-19
11-06 15:09:12.374 I/        (    0): smblite_lib_get_prop_usb_present 1229
11-06 15:09:12.374 W/healthd (    0): battery l=89 v=4113 t=33.0 h=2 st=2 c=-28228 fc=0 cc=0 chg=u
11-06 15:09:12.375 I/        (    0): smblite_lib_get_prop_usb_present 1229
11-06 15:09:12.378 E/ALG     (    0): get_time_to_full_locked: failed to get ACT_BATT_CAP rc=-19
11-06 15:09:08.448 I/chatty  ( 6850): uid=10094(u0_a94) com.ma1heussantos.teste identical 2 lines
11-06 15:09:10.471 I/ReactNativeJNI( 6850): Error occurred, shutting down websocket connection: WebSocket exception Failed to connect to localhost/127.0.0.1:8081
11-06 15:09:12.465 V/LocSvc_BatteryListener(  628): healthInfoChanged_2_1:236] healthInfoChanged_2_1: 2
11-06 15:09:12.465 V/LocSvc_BatteryListener(  628): healthInfoChanged:225] healthInfoChanged: 2
11-06 15:09:12.467 E/BatteryService( 1073): Processing new values: info={.chargerAcOnline = false, .chargerUsbOnline = true, .chargerWirelessOnline = false, .maxChargingCurrent = 0, .maxChargingVoltage = 0, .batteryStatus = CHARGING, .batteryHealth = GOOD, .batteryPresent = true, .batteryLevel = 89, .batteryVoltage = 4113, .batteryTemperature = 330, .batteryCurrent = -28228, .batteryCycleCount = 0, .batteryFullCharge = 0, .batteryChargeCounter = 0, .batteryTechnology = Li-ion}, mBatteryLevelCritical=false, batteryTemperature=330, mPlugType=2
11-06 15:09:12.468 E/BatteryService( 1073): shutdownIfOverTempLocked batteryTemperature=330
11-06 15:09:12.468 D/BatteryService( 1073): Sending ACTION_BATTERY_CHANGED. scale:100, info:{.chargerAcOnline = false, .chargerUsbOnline = true, .chargerWirelessOnline = false, .maxChargingCurrent = 0, .maxChargingVoltage = 0, .batteryStatus = CHARGING, .batteryHealth = GOOD, .batteryPresent = true, .batteryLevel = 89, .batteryVoltage = 4113, .batteryTemperature = 330, .batteryCurrent = -28228, .batteryCycleCount = 0, .batteryFullCharge = 0, .batteryChargeCounter = 0, .batteryTechnology = Li-ion}
11-06 15:09:12.471 D/QtiCarrierConfigHelper( 2433): WARNING, no carrier configs on phone Id: 0
11-06 15:09:12.472 D/KeyguardUpdateMonitor( 2121): received broadcast android.intent.action.BATTERY_CHANGED
11-06 15:09:12.481 D/KeyguardUpdateMonitor( 2121): handleBatteryUpdate
11-06 15:09:12.514 I/ReactNativeJNI( 6850): Error occurred, shutting down websocket connection: WebSocket exception Failed to connect to localhost/127.0.0.1:8081
11-06 15:09:20.556 E/        (    0): cw_update_data vol = 4112  cap = 89 temp = 330
11-06 15:09:20.559 I/        (    0): smblite_lib_get_prop_usb_present 1229
11-06 15:09:20.559 I/chatty  (    0): uid=0(root) logd identical 1 line
11-06 15:09:20.565 I/        (    0): smblite_lib_get_prop_usb_present 1229
11-06 15:09:20.565 E/ALG     (    0): get_time_to_full_locked: failed to get ACT_BATT_CAP rc=-19
11-06 15:09:16.608 I/chatty  ( 6850): uid=10094(u0_a94) com.ma1heussantos.teste identical 2 lines
11-06 15:09:18.612 I/ReactNativeJNI( 6850): Error occurred, shutting down websocket connection: WebSocket exception Failed to connect to localhost/127.0.0.1:8081
11-06 15:09:20.658 V/LocSvc_BatteryListener(  628): healthInfoChanged_2_1:236] healthInfoChanged_2_1: 2
11-06 15:09:20.658 V/LocSvc_BatteryListener(  628): healthInfoChanged:225] healthInfoChanged: 2
11-06 15:09:20.658 E/BatteryService( 1073): Processing new values: info={.chargerAcOnline = false, .chargerUsbOnline = true, .chargerWirelessOnline = false, .maxChargingCurrent = 0, .maxChargingVoltage = 0, .batteryStatus = CHARGING, .batteryHealth = GOOD, .batteryPresent = true, .batteryLevel = 89, .batteryVoltage = 4112, .batteryTemperature = 330, .batteryCurrent = -34332, .batteryCycleCount = 0, .batteryFullCharge = 0, .batteryChargeCounter = 0, .batteryTechnology = Li-ion}, mBatteryLevelCritical=false, batteryTemperature=330, mPlugType=2
11-06 15:09:20.568 I/        (    0): smblite_lib_get_prop_usb_present 1229
11-06 15:09:20.568 W/healthd (    0): battery l=89 v=4112 t=33.0 h=2 st=2 c=-34332 fc=0 cc=0 chg=u
11-06 15:09:20.568 I/        (    0): smblite_lib_get_prop_usb_present 1229
11-06 15:09:20.570 E/ALG     (    0): get_time_to_full_locked: failed to get ACT_BATT_CAP rc=-19
11-06 15:09:20.659 E/BatteryService( 1073): shutdownIfOverTempLocked batteryTemperature=330
11-06 15:09:20.659 D/BatteryService( 1073): Sending ACTION_BATTERY_CHANGED. scale:100, info:{.chargerAcOnline = false, .chargerUsbOnline = true, .chargerWirelessOnline = false, .maxChargingCurrent = 0, .maxChargingVoltage = 0, .batteryStatus = CHARGING, .batteryHealth = GOOD, .batteryPresent = true, .batteryLevel = 89, .batteryVoltage = 4112, .batteryTemperature = 330, .batteryCurrent = -34332, .batteryCycleCount = 0, .batteryFullCharge = 0, .batteryChargeCounter = 0, .batteryTechnology = Li-ion}
11-06 15:09:20.661 I/ReactNativeJNI( 6850): Error occurred, shutting down websocket connection: WebSocket exception Failed to connect to localhost/127.0.0.1:8081
11-06 15:09:20.663 D/QtiCarrierConfigHelper( 2433): WARNING, no carrier configs on phone Id: 0
11-06 15:09:20.665 D/KeyguardUpdateMonitor( 2121): received broadcast android.intent.action.BATTERY_CHANGED
11-06 15:09:20.670 D/KeyguardUpdateMonitor( 2121): handleBatteryUpdate
11-06 15:09:22.702 I/ReactNativeJNI( 6850): Error occurred, shutting down websocket connection: WebSocket exception Failed to connect to localhost/127.0.0.1:8081
11-06 15:09:28.748 E/        (    0): cw_update_data vol = 4113  cap = 89 temp = 330
11-06 15:09:28.751 I/        (    0): smblite_lib_get_prop_usb_present 1229
11-06 15:09:28.751 I/        (    0): smblite_lib_get_prop_usb_present 1229
11-06 15:09:28.758 E/ALG     (    0): get_time_to_full_locked: failed to get ACT_BATT_CAP rc=-19
11-06 15:09:28.760 W/healthd (    0): battery l=89 v=4113 t=33.0 h=2 st=2 c=-36468 fc=0 cc=0 chg=u
11-06 15:09:28.760 I/        (    0): smblite_lib_get_prop_usb_present 1229
11-06 15:09:28.761 I/chatty  (    0): uid=0(root) logd identical 1 line
11-06 15:09:28.762 I/        (    0): smblite_lib_get_prop_usb_present 1229
11-06 15:09:28.762 E/ALG     (    0): get_time_to_full_locked: failed to get ACT_BATT_CAP rc=-19
11-06 15:09:26.797 I/chatty  ( 6850): uid=10094(u0_a94) com.ma1heussantos.teste identical 2 lines
11-06 15:09:28.843 I/ReactNativeJNI( 6850): Error occurred, shutting down websocket connection: WebSocket exception Failed to connect to localhost/127.0.0.1:8081
11-06 15:09:28.850 V/LocSvc_BatteryListener(  628): healthInfoChanged_2_1:236] healthInfoChanged_2_1: 2
11-06 15:09:28.850 V/LocSvc_BatteryListener(  628): healthInfoChanged:225] healthInfoChanged: 2
11-06 15:09:28.851 E/BatteryService( 1073): Processing new values: info={.chargerAcOnline = false, .chargerUsbOnline = true, .chargerWirelessOnline = false, .maxChargingCurrent = 0, .maxChargingVoltage = 0, .batteryStatus = CHARGING, .batteryHealth = GOOD, .batteryPresent = true, .batteryLevel = 89, .batteryVoltage = 4113, .batteryTemperature = 330, .batteryCurrent = -36468, .batteryCycleCount = 0, .batteryFullCharge = 0, .batteryChargeCounter = 0, .batteryTechnology = Li-ion}, mBatteryLevelCritical=false, batteryTemperature=330, mPlugType=2
11-06 15:09:28.851 E/BatteryService( 1073): shutdownIfOverTempLocked batteryTemperature=330
11-06 15:09:28.851 D/BatteryService( 1073): Sending ACTION_BATTERY_CHANGED. scale:100, info:{.chargerAcOnline = false, .chargerUsbOnline = true, .chargerWirelessOnline = false, .maxChargingCurrent = 0, .maxChargingVoltage = 0, .batteryStatus = CHARGING, .batteryHealth = GOOD, .batteryPresent = true, .batteryLevel = 89, .batteryVoltage = 4113, .batteryTemperature = 330, .batteryCurrent = -36468, .batteryCycleCount = 0, .batteryFullCharge = 0, .batteryChargeCounter = 0, .batteryTechnology = Li-ion}
11-06 15:09:28.855 D/KeyguardUpdateMonitor( 2121): received broadcast android.intent.action.BATTERY_CHANGED
11-06 15:09:28.855 D/QtiCarrierConfigHelper( 2433): WARNING, no carrier configs on phone Id: 0
11-06 15:09:28.858 D/KeyguardUpdateMonitor( 2121): handleBatteryUpdate
11-06 15:09:30.787 E/ActivityManager( 1073): Sending non-protected broadcast CHECK_CONNECTION from system uid 1000 pkg br.com.gertec.service
11-06 15:09:30.787 E/ActivityManager( 1073): java.lang.Throwable
11-06 15:09:30.787 E/ActivityManager( 1073): 	at com.android.server.am.ActivityManagerService.checkBroadcastFromSystem(ActivityManagerService.java:16129)
11-06 15:09:30.787 E/ActivityManager( 1073): 	at com.android.server.am.ActivityManagerService.broadcastIntentLocked(ActivityManagerService.java:16800)
11-06 15:09:30.787 E/ActivityManager( 1073): 	at com.android.server.am.ActivityManagerService.broadcastIntentInPackage(ActivityManagerService.java:16979)
11-06 15:09:30.787 E/ActivityManager( 1073): 	at com.android.server.am.ActivityManagerService$LocalService.broadcastIntentInPackage(ActivityManagerService.java:19647)
11-06 15:09:30.787 E/ActivityManager( 1073): 	at com.android.server.am.PendingIntentRecord.sendInner(PendingIntentRecord.java:462)
11-06 15:09:30.787 E/ActivityManager( 1073): 	at com.android.server.am.PendingIntentRecord.sendWithResult(PendingIntentRecord.java:285)
11-06 15:09:30.787 E/ActivityManager( 1073): 	at com.android.server.am.ActivityManagerService.sendIntentSender(ActivityManagerService.java:5863)
11-06 15:09:30.787 E/ActivityManager( 1073): 	at android.app.PendingIntent.sendAndReturnResult(PendingIntent.java:913)
11-06 15:09:30.787 E/ActivityManager( 1073): 	at android.app.PendingIntent.send(PendingIntent.java:884)
11-06 15:09:30.787 E/ActivityManager( 1073): 	at com.android.server.AlarmManagerService$DeliveryTracker.deliverLocked(AlarmManagerService.java:4760)
11-06 15:09:30.787 E/ActivityManager( 1073): 	at com.android.server.AlarmManagerService.deliverAlarmsLocked(AlarmManagerService.java:3884)
11-06 15:09:30.787 E/ActivityManager( 1073): 	at com.android.server.AlarmManagerService$AlarmThread.run(AlarmManagerService.java:4128)
11-06 15:09:30.790 D/KeyguardUpdateMonitor( 2121): received broadcast android.intent.action.TIME_TICK
11-06 15:09:30.792 I/StatusBarTime( 2121): Clock, isFirstRecoveryCompleted, evtExist == false
11-06 15:09:30.792 I/DropBoxManagerService( 1073): add tag=system_server_wtf isTagEnabled=true flags=0x2
11-06 15:09:30.792 I/StatusBarTime( 2121): Clock, isFirstRecoveryCompleted, kernelExist == false
11-06 15:09:30.792 I/StatusBarTime( 2121): Clock, isFirstRecoveryCompleted, nativeExist == false
11-06 15:09:30.793 I/StatusBarTime( 2121): Clock, updateClock, firstRecoveryCompletedFlag == true
11-06 15:09:30.795 I/StatusBarTime( 2121): Clock, isFirstRecoveryCompleted, evtExist == false
11-06 15:09:30.795 I/StatusBarTime( 2121): Clock, isFirstRecoveryCompleted, kernelExist == false
11-06 15:09:30.796 I/StatusBarTime( 2121): Clock, isFirstRecoveryCompleted, nativeExist == false
11-06 15:09:30.796 I/StatusBarTime( 2121): Clock, updateClock, firstRecoveryCompletedFlag == true
11-06 15:09:30.799 I/StatusBarTime( 2121): Clock, isFirstRecoveryCompleted, evtExist == false
11-06 15:09:30.800 I/StatusBarTime( 2121): Clock, isFirstRecoveryCompleted, kernelExist == false
11-06 15:09:30.800 I/StatusBarTime( 2121): Clock, isFirstRecoveryCompleted, nativeExist == false
11-06 15:09:30.800 I/StatusBarTime( 2121): Clock, updateClock, firstRecoveryCompletedFlag == true
11-06 15:09:30.802 D/KeyguardUpdateMonitor( 2121): handleTimeUpdate
11-06 15:09:30.806 D/KeyguardClockSwitch( 2121): Updating clock: 1509
11-06 15:09:30.848 D/CompatibilityInfo( 1073): mCompatibilityFlags - 10
11-06 15:09:30.849 D/CompatibilityInfo( 1073): applicationDensity - 320
11-06 15:09:30.849 D/CompatibilityInfo( 1073): applicationScale - 1.0
11-06 15:09:30.852 I/br.com.gertec.service.AlarmReceiver( 3532): onReceive: CHECK_CONNECTION
11-06 15:09:30.871 I/ReactNativeJNI( 6850): Error occurred, shutting down websocket connection: WebSocket exception Failed to connect to localhost/127.0.0.1:8081
11-06 15:09:35.179 I/[schedu][0xb3790d7b98][15:09:35.264377] wlan(    0): [1855:I:WMA] [15:09:35.222000] [ROAM_TRIGGER]: VDEV[0] Reason: "LOW RSSI" Cur_rssi_threshold: 81
11-06 15:09:35.179 I/[schedu][0xb3790d7ea7][15:09:35.264417] wlan(    0): [1855:I:WMA] [15:09:35.222000] [ROAM_SCAN]: VDEV[0] Scan_type: PARTIAL next_rssi_threshold: 81 dBm {2427 }
11-06 15:09:35.179 I/[schedu][0xb3790d816a][15:09:35.264454] wlan(    0): [1855:I:WMA]      AP BSSID           TSTAMP       CH   TY  ETP  RSSI/SCR CU%/SCR TOT_SCR
11-06 15:09:35.179 I/[schedu][0xb3790d84a9][15:09:35.264497] wlan(    0): [1855:I:WMA] 44:3b:32:9a:8f:dd [15:09:35.222000] 2427 P_AP    0  77/0     0/0     1529
11-06 15:09:35.179 I/[schedu][0xb3790d893f][15:09:35.264559] wlan(    0): [1855:I:WMA] [15:09:35.254000] [ROAM_RESULT]: VDEV[0] FAILED Reason: NO AP FOUND
11-06 15:09:36.939 E/        (    0): cw_update_data vol = 4109  cap = 89 temp = 330
11-06 15:09:36.941 I/        (    0): smblite_lib_get_prop_usb_present 1229
11-06 15:09:36.941 I/        (    0): smblite_lib_get_prop_usb_present 1229
11-06 15:09:36.943 E/ALG     (    0): get_time_to_full_locked: failed to get ACT_BATT_CAP rc=-19
11-06 15:09:34.966 I/chatty  ( 6850): uid=10094(u0_a94) com.ma1heussantos.teste identical 2 lines
11-06 15:09:37.005 I/ReactNativeJNI( 6850): Error occurred, shutting down websocket connection: WebSocket exception Failed to connect to localhost/127.0.0.1:8081
11-06 15:09:37.033 V/LocSvc_BatteryListener(  628): healthInfoChanged_2_1:236] healthInfoChanged_2_1: 2
11-06 15:09:37.034 V/LocSvc_BatteryListener(  628): healthInfoChanged:225] healthInfoChanged: 2
11-06 15:09:37.034 E/BatteryService( 1073): Processing new values: info={.chargerAcOnline = false, .chargerUsbOnline = true, .chargerWirelessOnline = false, .maxChargingCurrent = 0, .maxChargingVoltage = 0, .batteryStatus = CHARGING, .batteryHealth = GOOD, .batteryPresent = true, .batteryLevel = 89, .batteryVoltage = 4109, .batteryTemperature = 330, .batteryCurrent = -118103, .batteryCycleCount = 0, .batteryFullCharge = 0, .batteryChargeCounter = 0, .batteryTechnology = Li-ion}, mBatteryLevelCritical=false, batteryTemperature=330, mPlugType=2
11-06 15:09:37.034 E/BatteryService( 1073): shutdownIfOverTempLocked batteryTemperature=330
11-06 15:09:36.944 W/healthd (    0): battery l=89 v=4109 t=33.0 h=2 st=2 c=-118103 fc=0 cc=0 chg=u
11-06 15:09:36.946 E/ALG     (    0): get_time_to_full_locked: failed to get ACT_BATT_CAP rc=-19
11-06 15:09:36.948 I/        (    0): smblite_lib_get_prop_usb_present 1229
11-06 15:09:37.034 D/BatteryService( 1073): Sending ACTION_BATTERY_CHANGED. scale:100, info:{.chargerAcOnline = false, .chargerUsbOnline = true, .chargerWirelessOnline = false, .maxChargingCurrent = 0, .maxChargingVoltage = 0, .batteryStatus = CHARGING, .batteryHealth = GOOD, .batteryPresent = true, .batteryLevel = 89, .batteryVoltage = 4109, .batteryTemperature = 330, .batteryCurrent = -118103, .batteryCycleCount = 0, .batteryFullCharge = 0, .batteryChargeCounter = 0, .batteryTechnology = Li-ion}
11-06 15:09:37.037 D/QtiCarrierConfigHelper( 2433): WARNING, no carrier configs on phone Id: 0
11-06 15:09:37.037 D/KeyguardUpdateMonitor( 2121): received broadcast android.intent.action.BATTERY_CHANGED
11-06 15:09:37.044 D/KeyguardUpdateMonitor( 2121): handleBatteryUpdate
11-06 15:09:39.050 I/ReactNativeJNI( 6850): Error occurred, shutting down websocket connection: WebSocket exception Failed to connect to localhost/127.0.0.1:8081
11-06 15:09:36.949 I/chatty  (    0): uid=0(root) logd identical 1 line
11-06 15:09:36.950 I/        (    0): smblite_lib_get_prop_usb_present 1229
11-06 15:09:39.970 I/[schedu][0xb37e89356c][15:09:40.055761] wlan(    0): [1855:I:WMA] [15:09:35.254000] [ROAM_TRIGGER]: VDEV[0] Reason: "LOW RSSI" Sub-Reason: FULL SCANCur_rssi_threshold: 81
11-06 15:09:39.970 I/[schedu][0xb37e8938ee][15:09:40.055808] wlan(    0): [1855:I:WMA] [15:09:35.254000] [ROAM_SCAN]: VDEV[0] Scan_type: FULL next_rssi_threshold: 81 dBm
11-06 15:09:39.970 I/[schedu][0xb37e893ba6][15:09:40.055844] wlan(    0): [1855:I:WMA]      AP BSSID           TSTAMP       CH   TY  ETP  RSSI/SCR CU%/SCR TOT_SCR
11-06 15:09:39.970 I/[schedu][0xb37e893eac][15:09:40.055884] wlan(    0): [1855:I:WMA] 44:3b:32:9a:8f:dd [15:09:35.254000] 2427 P_AP    0  77/0     0/0     1529
11-06 15:09:39.970 I/[schedu][0xb37e8940b4][15:09:40.055912] wlan(    0): [1855:I:WMA] [15:09:40.045000] [ROAM_RESULT]: VDEV[0] FAILED Reason: NO AP FOUND
11-06 15:09:41.230 E/ALG     (    0): get_time_to_full_locked: failed to get ACT_BATT_CAP rc=-19
11-06 15:09:41.231 W/healthd (    0): battery l=89 v=4111 t=33.0 h=2 st=2 c=-57830 fc=0 cc=0 chg=u
11-06 15:09:41.234 E/ALG     (    0): get_time_to_full_locked: failed to get ACT_BATT_CAP rc=-19
11-06 15:09:41.100 I/ReactNativeJNI( 6850): Error occurred, shutting down websocket connection: WebSocket exception Failed to connect to localhost/127.0.0.1:8081
11-06 15:09:41.321 V/LocSvc_BatteryListener(  628): healthInfoChanged_2_1:236] healthInfoChanged_2_1: 2
11-06 15:09:41.322 V/LocSvc_BatteryListener(  628): healthInfoChanged:225] healthInfoChanged: 2
11-06 15:09:41.322 E/BatteryService( 1073): Processing new values: info={.chargerAcOnline = false, .chargerUsbOnline = true, .chargerWirelessOnline = false, .maxChargingCurrent = 0, .maxChargingVoltage = 0, .batteryStatus = CHARGING, .batteryHealth = GOOD, .batteryPresent = true, .batteryLevel = 89, .batteryVoltage = 4111, .batteryTemperature = 330, .batteryCurrent = -57830, .batteryCycleCount = 0, .batteryFullCharge = 0, .batteryChargeCounter = 0, .batteryTechnology = Li-ion}, mBatteryLevelCritical=false, batteryTemperature=330, mPlugType=2
11-06 15:09:41.323 E/BatteryService( 1073): shutdownIfOverTempLocked batteryTemperature=330
11-06 15:09:41.323 D/BatteryService( 1073): Sending ACTION_BATTERY_CHANGED. scale:100, info:{.chargerAcOnline = false, .chargerUsbOnline = true, .chargerWirelessOnline = false, .maxChargingCurrent = 0, .maxChargingVoltage = 0, .batteryStatus = CHARGING, .batteryHealth = GOOD, .batteryPresent = true, .batteryLevel = 89, .batteryVoltage = 4111, .batteryTemperature = 330, .batteryCurrent = -57830, .batteryCycleCount = 0, .batteryFullCharge = 0, .batteryChargeCounter = 0, .batteryTechnology = Li-ion}
11-06 15:09:41.327 D/QtiCarrierConfigHelper( 2433): WARNING, no carrier configs on phone Id: 0
11-06 15:09:41.327 D/KeyguardUpdateMonitor( 2121): received broadcast android.intent.action.BATTERY_CHANGED
11-06 15:09:41.331 D/KeyguardUpdateMonitor( 2121): handleBatteryUpdate
11-06 15:09:43.145 I/ReactNativeJNI( 6850): Error occurred, shutting down websocket connection: WebSocket exception Failed to connect to localhost/127.0.0.1:8081
11-06 15:09:45.133 E/        (    0): cw_update_data vol = 4113  cap = 89 temp = 330
11-06 15:09:45.135 I/        (    0): smblite_lib_get_prop_usb_present 1229
11-06 15:09:45.139 I/chatty  (    0): uid=0(root) logd identical 3 lines
11-06 15:09:45.141 I/        (    0): smblite_lib_get_prop_usb_present 1229
11-06 15:09:45.141 E/ALG     (    0): get_time_to_full_locked: failed to get ACT_BATT_CAP rc=-19
11-06 15:09:45.143 W/healthd (    0): battery l=89 v=4113 t=33.0 h=2 st=2 c=-58441 fc=0 cc=0 chg=u
11-06 15:09:45.193 I/ReactNativeJNI( 6850): Error occurred, shutting down websocket connection: WebSocket exception Failed to connect to localhost/127.0.0.1:8081
11-06 15:09:45.233 V/LocSvc_BatteryListener(  628): healthInfoChanged_2_1:236] healthInfoChanged_2_1: 2
11-06 15:09:45.233 V/LocSvc_BatteryListener(  628): healthInfoChanged:225] healthInfoChanged: 2
11-06 15:09:45.233 E/BatteryService( 1073): Processing new values: info={.chargerAcOnline = false, .chargerUsbOnline = true, .chargerWirelessOnline = false, .maxChargingCurrent = 0, .maxChargingVoltage = 0, .batteryStatus = CHARGING, .batteryHealth = GOOD, .batteryPresent = true, .batteryLevel = 89, .batteryVoltage = 4113, .batteryTemperature = 330, .batteryCurrent = -58441, .batteryCycleCount = 0, .batteryFullCharge = 0, .batteryChargeCounter = 0, .batteryTechnology = Li-ion}, mBatteryLevelCritical=false, batteryTemperature=330, mPlugType=2
11-06 15:09:45.145 E/ALG     (    0): get_time_to_full_locked: failed to get ACT_BATT_CAP rc=-19
11-06 15:09:45.234 E/BatteryService( 1073): shutdownIfOverTempLocked batteryTemperature=330
11-06 15:09:45.234 D/BatteryService( 1073): Sending ACTION_BATTERY_CHANGED. scale:100, info:{.chargerAcOnline = false, .chargerUsbOnline = true, .chargerWirelessOnline = false, .maxChargingCurrent = 0, .maxChargingVoltage = 0, .batteryStatus = CHARGING, .batteryHealth = GOOD, .batteryPresent = true, .batteryLevel = 89, .batteryVoltage = 4113, .batteryTemperature = 330, .batteryCurrent = -58441, .batteryCycleCount = 0, .batteryFullCharge = 0, .batteryChargeCounter = 0, .batteryTechnology = Li-ion}
11-06 15:09:45.238 D/KeyguardUpdateMonitor( 2121): received broadcast android.intent.action.BATTERY_CHANGED
11-06 15:09:45.239 D/QtiCarrierConfigHelper( 2433): WARNING, no carrier configs on phone Id: 0
11-06 15:09:45.246 D/KeyguardUpdateMonitor( 2121): handleBatteryUpdate
11-06 15:09:45.932 D/br.com.gertec.service.AlarmReceiver( 3532): serviceState : NULL
11-06 15:09:47.238 I/ReactNativeJNI( 6850): Error occurred, shutting down websocket connection: WebSocket exception Failed to connect to localhost/127.0.0.1:8081
11-06 15:09:48.150 E/[schedu][0xb387e57dcb][15:09:48.235073] wlan(    0): [1855:E:WMA] wma_roam_stats_event_handler: Roam 11kv stats extract failed vdev 0
11-06 15:09:49.282 I/ReactNativeJNI( 6850): Error occurred, shutting down websocket connection: WebSocket exception Failed to connect to localhost/127.0.0.1:8081
11-06 15:09:50.087 I/br.com.gertec.service.BatteryLevelService( 3532): Nível da bateria: 89
11-06 15:09:50.088 W/ContextImpl( 3532): Calling a method in the system process without a qualified user: android.app.ContextImpl.stopService:1681 android.content.ContextWrapper.stopService:730 br.com.gertec.service.BatteryLevelService.f:7 br.com.gertec.service.BatteryLevelService$a.run:88 android.os.Handler.handleCallback:938 
11-06 15:09:51.330 I/ReactNativeJNI( 6850): Error occurred, shutting down websocket connection: WebSocket exception Failed to connect to localhost/127.0.0.1:8081
11-06 15:09:53.327 E/        (    0): cw_update_data vol = 4113  cap = 89 temp = 330
11-06 15:09:53.330 I/        (    0): smblite_lib_get_prop_usb_present 1229
11-06 15:09:53.333 I/chatty  (    0): uid=0(root) logd identical 3 lines
11-06 15:09:53.335 I/        (    0): smblite_lib_get_prop_usb_present 1229
11-06 15:09:53.337 E/ALG     (    0): get_time_to_full_locked: failed to get ACT_BATT_CAP rc=-19
11-06 15:09:53.339 W/healthd (    0): battery l=89 v=4113 t=33.0 h=2 st=2 c=-27923 fc=0 cc=0 chg=u
11-06 15:09:53.374 I/ReactNativeJNI( 6850): Error occurred, shutting down websocket connection: WebSocket exception Failed to connect to localhost/127.0.0.1:8081
11-06 15:09:53.429 V/LocSvc_BatteryListener(  628): healthInfoChanged_2_1:236] healthInfoChanged_2_1: 2
11-06 15:09:53.429 V/LocSvc_BatteryListener(  628): healthInfoChanged:225] healthInfoChanged: 2
11-06 15:09:53.341 E/ALG     (    0): get_time_to_full_locked: failed to get ACT_BATT_CAP rc=-19
11-06 15:09:53.430 E/BatteryService( 1073): Processing new values: info={.chargerAcOnline = false, .chargerUsbOnline = true, .chargerWirelessOnline = false, .maxChargingCurrent = 0, .maxChargingVoltage = 0, .batteryStatus = CHARGING, .batteryHealth = GOOD, .batteryPresent = true, .batteryLevel = 89, .batteryVoltage = 4113, .batteryTemperature = 330, .batteryCurrent = -27923, .batteryCycleCount = 0, .batteryFullCharge = 0, .batteryChargeCounter = 0, .batteryTechnology = Li-ion}, mBatteryLevelCritical=false, batteryTemperature=330, mPlugType=2
11-06 15:09:53.430 E/BatteryService( 1073): shutdownIfOverTempLocked batteryTemperature=330
11-06 15:09:55.423 I/ReactNativeJNI( 6850): Error occurred, shutting down websocket connection: WebSocket exception Failed to connect to localhost/127.0.0.1:8081
11-06 15:10:00.489 E/cw_reset_charger_timer(801) tm(    0): 105813
11-06 15:10:01.518 E/        (    0): cw_update_data vol = 4113  cap = 89 temp = 330
11-06 15:10:01.521 I/        (    0): smblite_lib_get_prop_usb_present 1229
11-06 15:10:01.522 E/ALG     (    0): get_time_to_full_locked: failed to get ACT_BATT_CAP rc=-19
11-06 15:10:01.522 I/        (    0): smblite_lib_get_prop_usb_present 1229
11-06 15:10:01.523 W/healthd (    0): battery l=89 v=4113 t=33.0 h=2 st=2 c=-29754 fc=0 cc=0 chg=u
11-06 15:09:59.518 I/chatty  ( 6850): uid=10094(u0_a94) com.ma1heussantos.teste identical 2 lines
11-06 15:10:01.560 I/ReactNativeJNI( 6850): Error occurred, shutting down websocket connection: WebSocket exception Failed to connect to localhost/127.0.0.1:8081
11-06 15:10:01.613 V/LocSvc_BatteryListener(  628): healthInfoChanged_2_1:236] healthInfoChanged_2_1: 2
11-06 15:10:01.613 V/LocSvc_BatteryListener(  628): healthInfoChanged:225] healthInfoChanged: 2
11-06 15:10:01.614 E/BatteryService( 1073): Processing new values: info={.chargerAcOnline = false, .chargerUsbOnline = true, .chargerWirelessOnline = false, .maxChargingCurrent = 0, .maxChargingVoltage = 0, .batteryStatus = CHARGING, .batteryHealth = GOOD, .batteryPresent = true, .batteryLevel = 89, .batteryVoltage = 4113, .batteryTemperature = 330, .batteryCurrent = -29754, .batteryCycleCount = 0, .batteryFullCharge = 0, .batteryChargeCounter = 0, .batteryTechnology = Li-ion}, mBatteryLevelCritical=false, batteryTemperature=330, mPlugType=2
11-06 15:10:01.614 E/BatteryService( 1073): shutdownIfOverTempLocked batteryTemperature=330
11-06 15:10:01.525 E/ALG     (    0): get_time_to_full_locked: failed to get ACT_BATT_CAP rc=-19
11-06 15:10:01.531 I/        (    0): smblite_lib_get_prop_usb_present 1229
11-06 15:10:03.606 I/ReactNativeJNI( 6850): Error occurred, shutting down websocket connection: WebSocket exception Failed to connect to localhost/127.0.0.1:8081
11-06 15:10:05.653 I/chatty  ( 6850): uid=10094(u0_a94) com.ma1heussantos.teste identical 1 line
11-06 15:10:07.697 I/ReactNativeJNI( 6850): Error occurred, shutting down websocket connection: WebSocket exception Failed to connect to localhost/127.0.0.1:8081
11-06 15:10:09.679 E/WifiClientModeImpl( 1073): ConnectModeState processMessage 131274
11-06 15:10:09.681 V/WifiHAL (  656): WifiVendorCommand 0xb40000743a16fbc0 created vendor_id:0x1374 subcmd:83
11-06 15:10:09.742 I/ReactNativeJNI( 6850): Error occurred, shutting down websocket connection: WebSocket exception Failed to connect to localhost/127.0.0.1:8081
11-06 15:10:01.532 I/chatty  (    0): uid=0(root) logd identical 1 line
11-06 15:10:01.532 I/        (    0): smblite_lib_get_prop_usb_present 1229
11-06 15:10:09.713 E/        (    0): cw_update_data vol = 4111  cap = 89 temp = 330
11-06 15:10:09.715 I/        (    0): smblite_lib_get_prop_usb_present 1229
11-06 15:10:09.718 I/chatty  (    0): uid=0(root) logd identical 2 lines
11-06 15:10:09.719 I/        (    0): smblite_lib_get_prop_usb_present 1229
11-06 15:10:09.720 E/ALG     (    0): get_time_to_full_locked: failed to get ACT_BATT_CAP rc=-19
11-06 15:10:09.720 I/        (    0): smblite_lib_get_prop_usb_present 1229
11-06 15:10:09.721 W/healthd (    0): battery l=89 v=4111 t=33.0 h=2 st=2 c=-63476 fc=0 cc=0 chg=u
11-06 15:10:09.723 E/ALG     (    0): get_time_to_full_locked: failed to get ACT_BATT_CAP rc=-19
11-06 15:10:09.810 V/LocSvc_BatteryListener(  628): healthInfoChanged_2_1:236] healthInfoChanged_2_1: 2
11-06 15:10:09.810 V/LocSvc_BatteryListener(  628): healthInfoChanged:225] healthInfoChanged: 2
11-06 15:10:09.811 E/BatteryService( 1073): Processing new values: info={.chargerAcOnline = false, .chargerUsbOnline = true, .chargerWirelessOnline = false, .maxChargingCurrent = 0, .maxChargingVoltage = 0, .batteryStatus = CHARGING, .batteryHealth = GOOD, .batteryPresent = true, .batteryLevel = 89, .batteryVoltage = 4111, .batteryTemperature = 330, .batteryCurrent = -63476, .batteryCycleCount = 0, .batteryFullCharge = 0, .batteryChargeCounter = 0, .batteryTechnology = Li-ion}, mBatteryLevelCritical=false, batteryTemperature=330, mPlugType=2
11-06 15:10:09.812 E/BatteryService( 1073): shutdownIfOverTempLocked batteryTemperature=330
11-06 15:10:09.812 D/BatteryService( 1073): Sending ACTION_BATTERY_CHANGED. scale:100, info:{.chargerAcOnline = false, .chargerUsbOnline = true, .chargerWirelessOnline = false, .maxChargingCurrent = 0, .maxChargingVoltage = 0, .batteryStatus = CHARGING, .batteryHealth = GOOD, .batteryPresent = true, .batteryLevel = 89, .batteryVoltage = 4111, .batteryTemperature = 330, .batteryCurrent = -63476, .batteryCycleCount = 0, .batteryFullCharge = 0, .batteryChargeCounter = 0, .batteryTechnology = Li-ion}
11-06 15:10:09.816 D/KeyguardUpdateMonitor( 2121): received broadcast android.intent.action.BATTERY_CHANGED
11-06 15:10:09.817 D/QtiCarrierConfigHelper( 2433): WARNING, no carrier configs on phone Id: 0
11-06 15:10:09.821 D/KeyguardUpdateMonitor( 2121): handleBatteryUpdate
11-06 15:10:11.789 I/ReactNativeJNI( 6850): Error occurred, shutting down websocket connection: WebSocket exception Failed to connect to localhost/127.0.0.1:8081
11-06 15:10:17.904 E/        (    0): cw_update_data vol = 4113  cap = 89 temp = 330
11-06 15:10:17.906 I/        (    0): smblite_lib_get_prop_usb_present 1229
11-06 15:10:17.908 I/chatty  (    0): uid=0(root) logd identical 1 line
11-06 15:10:17.908 I/        (    0): smblite_lib_get_prop_usb_present 1229
11-06 15:10:17.910 E/ALG     (    0): get_time_to_full_locked: failed to get ACT_BATT_CAP rc=-19
11-06 15:10:17.912 W/healthd (    0): battery l=89 v=4113 t=33.0 h=2 st=2 c=-39367 fc=0 cc=0 chg=u
11-06 15:10:17.912 I/        (    0): smblite_lib_get_prop_usb_present 1229
11-06 15:10:17.914 I/        (    0): smblite_lib_get_prop_usb_present 1229
11-06 15:10:17.915 E/ALG     (    0): get_time_to_full_locked: failed to get ACT_BATT_CAP rc=-19
11-06 15:10:15.881 I/chatty  ( 6850): uid=10094(u0_a94) com.ma1heussantos.teste identical 2 lines
11-06 15:10:17.926 I/ReactNativeJNI( 6850): Error occurred, shutting down websocket connection: WebSocket exception Failed to connect to localhost/127.0.0.1:8081
11-06 15:10:18.002 V/LocSvc_BatteryListener(  628): healthInfoChanged_2_1:236] healthInfoChanged_2_1: 2
11-06 15:10:18.002 V/LocSvc_BatteryListener(  628): healthInfoChanged:225] healthInfoChanged: 2
11-06 15:10:18.003 E/BatteryService( 1073): Processing new values: info={.chargerAcOnline = false, .chargerUsbOnline = true, .chargerWirelessOnline = false, .maxChargingCurrent = 0, .maxChargingVoltage = 0, .batteryStatus = CHARGING, .batteryHealth = GOOD, .batteryPresent = true, .batteryLevel = 89, .batteryVoltage = 4113, .batteryTemperature = 330, .batteryCurrent = -39367, .batteryCycleCount = 0, .batteryFullCharge = 0, .batteryChargeCounter = 0, .batteryTechnology = Li-ion}, mBatteryLevelCritical=false, batteryTemperature=330, mPlugType=2
11-06 15:10:18.004 E/BatteryService( 1073): shutdownIfOverTempLocked batteryTemperature=330
11-06 15:10:18.004 D/BatteryService( 1073): Sending ACTION_BATTERY_CHANGED. scale:100, info:{.chargerAcOnline = false, .chargerUsbOnline = true, .chargerWirelessOnline = false, .maxChargingCurrent = 0, .maxChargingVoltage = 0, .batteryStatus = CHARGING, .batteryHealth = GOOD, .batteryPresent = true, .batteryLevel = 89, .batteryVoltage = 4113, .batteryTemperature = 330, .batteryCurrent = -39367, .batteryCycleCount = 0, .batteryFullCharge = 0, .batteryChargeCounter = 0, .batteryTechnology = Li-ion}
11-06 15:10:18.008 D/KeyguardUpdateMonitor( 2121): received broadcast android.intent.action.BATTERY_CHANGED
11-06 15:10:18.009 D/QtiCarrierConfigHelper( 2433): WARNING, no carrier configs on phone Id: 0
11-06 15:10:18.016 D/KeyguardUpdateMonitor( 2121): handleBatteryUpdate
11-06 15:10:19.973 I/ReactNativeJNI( 6850): Error occurred, shutting down websocket connection: WebSocket exception Failed to connect to localhost/127.0.0.1:8081
11-06 15:10:21.769 I/[schedu][0xb3ae5f0b04][15:10:21.854875] wlan(    0): [1855:I:WMA] [15:10:21.814000] [ROAM_TRIGGER]: VDEV[0] Reason: "LOW RSSI" Cur_rssi_threshold: 81
11-06 15:10:21.769 I/[schedu][0xb3ae5f0e19][15:10:21.854917] wlan(    0): [1855:I:WMA] [15:10:21.814000] [ROAM_SCAN]: VDEV[0] Scan_type: PARTIAL next_rssi_threshold: 81 dBm {2427 }
11-06 15:10:21.769 I/[schedu][0xb3ae5f10bf][15:10:21.854952] wlan(    0): [1855:I:WMA]      AP BSSID           TSTAMP       CH   TY  ETP  RSSI/SCR CU%/SCR TOT_SCR
11-06 15:10:21.769 I/[schedu][0xb3ae5f13bb][15:10:21.854992] wlan(    0): [1855:I:WMA] 44:3b:32:9a:8f:dd [15:10:21.815000] 2427 P_AP    0  77/0     0/0     1529
11-06 15:10:21.770 I/[schedu][0xb3ae5f15c7][15:10:21.855019] wlan(    0): [1855:I:WMA] [15:10:21.846000] [ROAM_RESULT]: VDEV[0] FAILED Reason: NO AP FOUND
11-06 15:10:26.095 E/        (    0): cw_update_data vol = 4110  cap = 89 temp = 330
11-06 15:10:26.097 I/        (    0): smblite_lib_get_prop_usb_present 1229
11-06 15:10:26.099 I/chatty  (    0): uid=0(root) logd identical 2 lines
11-06 15:10:26.099 I/        (    0): smblite_lib_get_prop_usb_present 1229
11-06 15:10:26.099 E/ALG     (    0): get_time_to_full_locked: failed to get ACT_BATT_CAP rc=-19
11-06 15:10:26.101 W/healthd (    0): battery l=89 v=4110 t=33.0 h=2 st=2 c=-155792 fc=0 cc=0 chg=u
11-06 15:10:26.103 E/ALG     (    0): get_time_to_full_locked: failed to get ACT_BATT_CAP rc=-19
11-06 15:10:24.063 I/chatty  ( 6850): uid=10094(u0_a94) com.ma1heussantos.teste identical 2 lines
11-06 15:10:26.107 I/ReactNativeJNI( 6850): Error occurred, shutting down websocket connection: WebSocket exception Failed to connect to localhost/127.0.0.1:8081
11-06 15:10:26.190 V/LocSvc_BatteryListener(  628): healthInfoChanged_2_1:236] healthInfoChanged_2_1: 2
11-06 15:10:26.190 V/LocSvc_BatteryListener(  628): healthInfoChanged:225] healthInfoChanged: 2
11-06 15:10:26.191 E/BatteryService( 1073): Processing new values: info={.chargerAcOnline = false, .chargerUsbOnline = true, .chargerWirelessOnline = false, .maxChargingCurrent = 0, .maxChargingVoltage = 0, .batteryStatus = CHARGING, .batteryHealth = GOOD, .batteryPresent = true, .batteryLevel = 89, .batteryVoltage = 4110, .batteryTemperature = 330, .batteryCurrent = -155792, .batteryCycleCount = 0, .batteryFullCharge = 0, .batteryChargeCounter = 0, .batteryTechnology = Li-ion}, mBatteryLevelCritical=false, batteryTemperature=330, mPlugType=2
11-06 15:10:26.191 E/BatteryService( 1073): shutdownIfOverTempLocked batteryTemperature=330
11-06 15:10:26.191 D/BatteryService( 1073): Sending ACTION_BATTERY_CHANGED. scale:100, info:{.chargerAcOnline = false, .chargerUsbOnline = true, .chargerWirelessOnline = false, .maxChargingCurrent = 0, .maxChargingVoltage = 0, .batteryStatus = CHARGING, .batteryHealth = GOOD, .batteryPresent = true, .batteryLevel = 89, .batteryVoltage = 4110, .batteryTemperature = 330, .batteryCurrent = -155792, .batteryCycleCount = 0, .batteryFullCharge = 0, .batteryChargeCounter = 0, .batteryTechnology = Li-ion}
11-06 15:10:26.194 D/KeyguardUpdateMonitor( 2121): received broadcast android.intent.action.BATTERY_CHANGED
11-06 15:10:26.195 D/QtiCarrierConfigHelper( 2433): WARNING, no carrier configs on phone Id: 0
11-06 15:10:26.108 I/        (    0): smblite_lib_get_prop_usb_present 1229
11-06 15:10:26.197 D/KeyguardUpdateMonitor( 2121): handleBatteryUpdate
11-06 15:10:26.666 I/[schedu][0xb3b3f97f9c][15:10:26.751150] wlan(    0): [1855:I:WMA] [15:10:21.846000] [ROAM_TRIGGER]: VDEV[0] Reason: "LOW RSSI" Sub-Reason: FULL SCANCur_rssi_threshold: 81
11-06 15:10:26.666 I/[schedu][0xb3b3f984a8][15:10:26.751217] wlan(    0): [1855:I:WMA] [15:10:21.846000] [ROAM_SCAN]: VDEV[0] Scan_type: FULL next_rssi_threshold: 81 dBm
11-06 15:10:26.666 I/[schedu][0xb3b3f9875b][15:10:26.751253] wlan(    0): [1855:I:WMA]      AP BSSID           TSTAMP       CH   TY  ETP  RSSI/SCR CU%/SCR TOT_SCR
11-06 15:10:26.666 I/[schedu][0xb3b3f98a5c][15:10:26.751293] wlan(    0): [1855:I:WMA] 44:3b:32:9a:8f:dd [15:10:21.846000] 2427 P_AP    0  77/0     0/0     1529
11-06 15:10:26.666 I/[schedu][0xb3b3f98c70][15:10:26.751321] wlan(    0): [1855:I:WMA] [15:10:26.740000] [ROAM_RESULT]: VDEV[0] FAILED Reason: NO AP FOUND
11-06 15:10:28.157 I/ReactNativeJNI( 6850): Error occurred, shutting down websocket connection: WebSocket exception Failed to connect to localhost/127.0.0.1:8081
11-06 15:10:31.465 E/[schedu][0xb3b9777c5f][15:10:31.550253] wlan(    0): [1855:E:WMA] wma_roam_stats_event_handler: Roam 11kv stats extract failed vdev 0
11-06 15:10:34.283 E/        (    0): cw_update_data vol = 4114  cap = 89 temp = 330
11-06 15:10:34.285 I/        (    0): smblite_lib_get_prop_usb_present 1229
11-06 15:10:34.285 I/chatty  (    0): uid=0(root) logd identical 1 line
11-06 15:10:34.287 I/        (    0): smblite_lib_get_prop_usb_present 1229
11-06 15:10:34.287 E/ALG     (    0): get_time_to_full_locked: failed to get ACT_BATT_CAP rc=-19
11-06 15:10:34.288 I/        (    0): smblite_lib_get_prop_usb_present 1229
11-06 15:10:34.290 W/healthd (    0): battery l=89 v=4114 t=33.0 h=2 st=2 c=-51116 fc=0 cc=0 chg=u
11-06 15:10:32.238 I/chatty  ( 6850): uid=10094(u0_a94) com.ma1heussantos.teste identical 2 lines
11-06 15:10:34.283 I/ReactNativeJNI( 6850): Error occurred, shutting down websocket connection: WebSocket exception Failed to connect to localhost/127.0.0.1:8081
11-06 15:10:34.379 V/LocSvc_BatteryListener(  628): healthInfoChanged_2_1:236] healthInfoChanged_2_1: 2
11-06 15:10:34.380 V/LocSvc_BatteryListener(  628): healthInfoChanged:225] healthInfoChanged: 2
11-06 15:10:34.381 E/BatteryService( 1073): Processing new values: info={.chargerAcOnline = false, .chargerUsbOnline = true, .chargerWirelessOnline = false, .maxChargingCurrent = 0, .maxChargingVoltage = 0, .batteryStatus = CHARGING, .batteryHealth = GOOD, .batteryPresent = true, .batteryLevel = 89, .batteryVoltage = 4114, .batteryTemperature = 330, .batteryCurrent = -51116, .batteryCycleCount = 0, .batteryFullCharge = 0, .batteryChargeCounter = 0, .batteryTechnology = Li-ion}, mBatteryLevelCritical=false, batteryTemperature=330, mPlugType=2
11-06 15:10:34.293 E/ALG     (    0): get_time_to_full_locked: failed to get ACT_BATT_CAP rc=-19
11-06 15:10:34.381 E/BatteryService( 1073): shutdownIfOverTempLocked batteryTemperature=330
11-06 15:10:34.381 D/BatteryService( 1073): Sending ACTION_BATTERY_CHANGED. scale:100, info:{.chargerAcOnline = false, .chargerUsbOnline = true, .chargerWirelessOnline = false, .maxChargingCurrent = 0, .maxChargingVoltage = 0, .batteryStatus = CHARGING, .batteryHealth = GOOD, .batteryPresent = true, .batteryLevel = 89, .batteryVoltage = 4114, .batteryTemperature = 330, .batteryCurrent = -51116, .batteryCycleCount = 0, .batteryFullCharge = 0, .batteryChargeCounter = 0, .batteryTechnology = Li-ion}
11-06 15:10:34.386 D/QtiCarrierConfigHelper( 2433): WARNING, no carrier configs on phone Id: 0
11-06 15:10:34.300 I/        (    0): smblite_lib_get_prop_usb_present 1229
11-06 15:10:34.386 D/KeyguardUpdateMonitor( 2121): received broadcast android.intent.action.BATTERY_CHANGED
11-06 15:10:34.390 D/KeyguardUpdateMonitor( 2121): handleBatteryUpdate
