11-06 15:00:19.889 I/        (    0): smblite_lib_get_prop_usb_present 1229
11-06 15:00:19.889 I/        (    0): smblite_lib_get_prop_usb_present 1229
11-06 15:00:19.890 W/healthd (    0): battery l=88 v=4102 t=34.0 h=2 st=2 c=-33111 fc=0 cc=0 chg=u
11-06 15:00:19.893 E/ALG     (    0): get_time_to_full_locked: failed to get ACT_BATT_CAP rc=-19
11-06 15:00:19.361 I/ReactNativeJNI( 6850): Error occurred, shutting down websocket connection: WebSocket exception Failed to connect to localhost/127.0.0.1:8081
11-06 15:00:19.981 V/LocSvc_BatteryListener(  628): healthInfoChanged_2_1:236] healthInfoChanged_2_1: 2
11-06 15:00:19.981 V/LocSvc_BatteryListener(  628): healthInfoChanged:225] healthInfoChanged: 2
11-06 15:00:19.984 E/BatteryService( 1073): Processing new values: info={.chargerAcOnline = false, .chargerUsbOnline = true, .chargerWirelessOnline = false, .maxChargingCurrent = 0, .maxChargingVoltage = 0, .batteryStatus = CHARGING, .batteryHealth = GOOD, .batteryPresent = true, .batteryLevel = 88, .batteryVoltage = 4102, .batteryTemperature = 340, .batteryCurrent = -33111, .batteryCycleCount = 0, .batteryFullCharge = 0, .batteryChargeCounter = 0, .batteryTechnology = Li-ion}, mBatteryLevelCritical=false, batteryTemperature=340, mPlugType=2
11-06 15:00:19.897 I/        (    0): smblite_lib_get_prop_usb_present 1229
11-06 15:00:19.984 E/BatteryService( 1073): shutdownIfOverTempLocked batteryTemperature=340
11-06 15:00:21.413 I/ReactNativeJNI( 6850): Error occurred, shutting down websocket connection: WebSocket exception Failed to connect to localhost/127.0.0.1:8081
11-06 15:00:19.897 I/        (    0): smblite_lib_get_prop_usb_present 1229
11-06 15:00:28.074 E/        (    0): cw_update_data vol = 4100  cap = 88 temp = 340
11-06 15:00:28.076 I/        (    0): smblite_lib_get_prop_usb_present 1229
11-06 15:00:28.078 I/chatty  (    0): uid=0(root) logd identical 2 lines
11-06 15:00:28.078 I/        (    0): smblite_lib_get_prop_usb_present 1229
11-06 15:00:28.079 E/ALG     (    0): get_time_to_full_locked: failed to get ACT_BATT_CAP rc=-19
11-06 15:00:28.081 I/        (    0): smblite_lib_get_prop_usb_present 1229
11-06 15:00:28.084 W/healthd (    0): battery l=88 v=4100 t=34.0 h=2 st=2 c=-129242 fc=0 cc=0 chg=u
11-06 15:00:28.087 E/ALG     (    0): get_time_to_full_locked: failed to get ACT_BATT_CAP rc=-19
11-06 15:00:25.509 I/chatty  ( 6850): uid=10094(u0_a94) com.ma1heussantos.teste identical 2 lines
11-06 15:00:27.552 I/ReactNativeJNI( 6850): Error occurred, shutting down websocket connection: WebSocket exception Failed to connect to localhost/127.0.0.1:8081
11-06 15:00:28.174 V/LocSvc_BatteryListener(  628): healthInfoChanged_2_1:236] healthInfoChanged_2_1: 2
11-06 15:00:28.174 V/LocSvc_BatteryListener(  628): healthInfoChanged:225] healthInfoChanged: 2
11-06 15:00:28.176 E/BatteryService( 1073): Processing new values: info={.chargerAcOnline = false, .chargerUsbOnline = true, .chargerWirelessOnline = false, .maxChargingCurrent = 0, .maxChargingVoltage = 0, .batteryStatus = CHARGING, .batteryHealth = GOOD, .batteryPresent = true, .batteryLevel = 88, .batteryVoltage = 4100, .batteryTemperature = 340, .batteryCurrent = -129242, .batteryCycleCount = 0, .batteryFullCharge = 0, .batteryChargeCounter = 0, .batteryTechnology = Li-ion}, mBatteryLevelCritical=false, batteryTemperature=340, mPlugType=2
11-06 15:00:28.176 E/BatteryService( 1073): shutdownIfOverTempLocked batteryTemperature=340
11-06 15:00:28.177 D/BatteryService( 1073): Sending ACTION_BATTERY_CHANGED. scale:100, info:{.chargerAcOnline = false, .chargerUsbOnline = true, .chargerWirelessOnline = false, .maxChargingCurrent = 0, .maxChargingVoltage = 0, .batteryStatus = CHARGING, .batteryHealth = GOOD, .batteryPresent = true, .batteryLevel = 88, .batteryVoltage = 4100, .batteryTemperature = 340, .batteryCurrent = -129242, .batteryCycleCount = 0, .batteryFullCharge = 0, .batteryChargeCounter = 0, .batteryTechnology = Li-ion}
11-06 15:00:28.180 D/QtiCarrierConfigHelper( 2433): WARNING, no carrier configs on phone Id: 0
11-06 15:00:28.181 D/KeyguardUpdateMonitor( 2121): received broadcast android.intent.action.BATTERY_CHANGED
11-06 15:00:28.186 D/KeyguardUpdateMonitor( 2121): handleBatteryUpdate
11-06 15:00:29.601 I/ReactNativeJNI( 6850): Error occurred, shutting down websocket connection: WebSocket exception Failed to connect to localhost/127.0.0.1:8081
11-06 15:00:36.269 E/        (    0): cw_update_data vol = 4102  cap = 88 temp = 340
11-06 15:00:36.272 I/        (    0): smblite_lib_get_prop_usb_present 1229
11-06 15:00:36.273 E/ALG     (    0): get_time_to_full_locked: failed to get ACT_BATT_CAP rc=-19
11-06 15:00:36.274 I/        (    0): smblite_lib_get_prop_usb_present 1229
11-06 15:00:36.275 I/chatty  (    0): uid=0(root) logd identical 1 line
11-06 15:00:36.275 I/        (    0): smblite_lib_get_prop_usb_present 1229
11-06 15:00:36.276 W/healthd (    0): battery l=88 v=4102 t=34.0 h=2 st=2 c=-27923 fc=0 cc=0 chg=u
11-06 15:00:36.276 I/        (    0): smblite_lib_get_prop_usb_present 1229
11-06 15:00:36.278 E/ALG     (    0): get_time_to_full_locked: failed to get ACT_BATT_CAP rc=-19
11-06 15:00:33.697 I/chatty  ( 6850): uid=10094(u0_a94) com.ma1heussantos.teste identical 2 lines
11-06 15:00:35.744 I/ReactNativeJNI( 6850): Error occurred, shutting down websocket connection: WebSocket exception Failed to connect to localhost/127.0.0.1:8081
11-06 15:00:36.365 V/LocSvc_BatteryListener(  628): healthInfoChanged_2_1:236] healthInfoChanged_2_1: 2
11-06 15:00:36.365 V/LocSvc_BatteryListener(  628): healthInfoChanged:225] healthInfoChanged: 2
11-06 15:00:36.366 E/BatteryService( 1073): Processing new values: info={.chargerAcOnline = false, .chargerUsbOnline = true, .chargerWirelessOnline = false, .maxChargingCurrent = 0, .maxChargingVoltage = 0, .batteryStatus = CHARGING, .batteryHealth = GOOD, .batteryPresent = true, .batteryLevel = 88, .batteryVoltage = 4102, .batteryTemperature = 340, .batteryCurrent = -27923, .batteryCycleCount = 0, .batteryFullCharge = 0, .batteryChargeCounter = 0, .batteryTechnology = Li-ion}, mBatteryLevelCritical=false, batteryTemperature=340, mPlugType=2
11-06 15:00:36.367 E/BatteryService( 1073): shutdownIfOverTempLocked batteryTemperature=340
11-06 15:00:36.367 D/BatteryService( 1073): Sending ACTION_BATTERY_CHANGED. scale:100, info:{.chargerAcOnline = false, .chargerUsbOnline = true, .chargerWirelessOnline = false, .maxChargingCurrent = 0, .maxChargingVoltage = 0, .batteryStatus = CHARGING, .batteryHealth = GOOD, .batteryPresent = true, .batteryLevel = 88, .batteryVoltage = 4102, .batteryTemperature = 340, .batteryCurrent = -27923, .batteryCycleCount = 0, .batteryFullCharge = 0, .batteryChargeCounter = 0, .batteryTechnology = Li-ion}
11-06 15:00:36.370 D/QtiCarrierConfigHelper( 2433): WARNING, no carrier configs on phone Id: 0
11-06 15:00:36.370 D/KeyguardUpdateMonitor( 2121): received broadcast android.intent.action.BATTERY_CHANGED
11-06 15:00:36.374 D/KeyguardUpdateMonitor( 2121): handleBatteryUpdate
11-06 15:00:37.792 I/ReactNativeJNI( 6850): Error occurred, shutting down websocket connection: WebSocket exception Failed to connect to localhost/127.0.0.1:8081
11-06 15:00:41.231 E/ALG     (    0): get_time_to_full_locked: failed to get ACT_BATT_CAP rc=-19
11-06 15:00:41.233 W/healthd (    0): battery l=88 v=4101 t=34.0 h=2 st=2 c=-49591 fc=0 cc=0 chg=u
11-06 15:00:41.236 E/ALG     (    0): get_time_to_full_locked: failed to get ACT_BATT_CAP rc=-19
11-06 15:00:39.839 I/ReactNativeJNI( 6850): Error occurred, shutting down websocket connection: WebSocket exception Failed to connect to localhost/127.0.0.1:8081
11-06 15:00:41.323 V/LocSvc_BatteryListener(  628): healthInfoChanged_2_1:236] healthInfoChanged_2_1: 2
11-06 15:00:41.323 V/LocSvc_BatteryListener(  628): healthInfoChanged:225] healthInfoChanged: 2
11-06 15:00:41.324 E/BatteryService( 1073): Processing new values: info={.chargerAcOnline = false, .chargerUsbOnline = true, .chargerWirelessOnline = false, .maxChargingCurrent = 0, .maxChargingVoltage = 0, .batteryStatus = CHARGING, .batteryHealth = GOOD, .batteryPresent = true, .batteryLevel = 88, .batteryVoltage = 4101, .batteryTemperature = 340, .batteryCurrent = -49591, .batteryCycleCount = 0, .batteryFullCharge = 0, .batteryChargeCounter = 0, .batteryTechnology = Li-ion}, mBatteryLevelCritical=false, batteryTemperature=340, mPlugType=2
11-06 15:00:41.325 E/BatteryService( 1073): shutdownIfOverTempLocked batteryTemperature=340
11-06 15:00:41.325 D/BatteryService( 1073): Sending ACTION_BATTERY_CHANGED. scale:100, info:{.chargerAcOnline = false, .chargerUsbOnline = true, .chargerWirelessOnline = false, .maxChargingCurrent = 0, .maxChargingVoltage = 0, .batteryStatus = CHARGING, .batteryHealth = GOOD, .batteryPresent = true, .batteryLevel = 88, .batteryVoltage = 4101, .batteryTemperature = 340, .batteryCurrent = -49591, .batteryCycleCount = 0, .batteryFullCharge = 0, .batteryChargeCounter = 0, .batteryTechnology = Li-ion}
11-06 15:00:41.329 D/QtiCarrierConfigHelper( 2433): WARNING, no carrier configs on phone Id: 0
11-06 15:00:41.329 D/KeyguardUpdateMonitor( 2121): received broadcast android.intent.action.BATTERY_CHANGED
11-06 15:00:41.338 D/KeyguardUpdateMonitor( 2121): handleBatteryUpdate
11-06 15:00:41.873 I/ReactNativeJNI( 6850): Error occurred, shutting down websocket connection: WebSocket exception Failed to connect to localhost/127.0.0.1:8081
11-06 15:00:44.463 E/        (    0): cw_update_data vol = 4102  cap = 88 temp = 340
11-06 15:00:44.465 I/        (    0): smblite_lib_get_prop_usb_present 1229
11-06 15:00:44.468 I/chatty  (    0): uid=0(root) logd identical 1 line
11-06 15:00:44.468 I/        (    0): smblite_lib_get_prop_usb_present 1229
11-06 15:00:44.469 E/ALG     (    0): get_time_to_full_locked: failed to get ACT_BATT_CAP rc=-19
11-06 15:00:44.471 W/healthd (    0): battery l=88 v=4102 t=34.0 h=2 st=2 c=-35400 fc=0 cc=0 chg=u
11-06 15:00:44.471 I/        (    0): smblite_lib_get_prop_usb_present 1229
11-06 15:00:44.473 I/        (    0): smblite_lib_get_prop_usb_present 1229
11-06 15:00:44.475 E/ALG     (    0): get_time_to_full_locked: failed to get ACT_BATT_CAP rc=-19
11-06 15:00:43.882 I/ReactNativeJNI( 6850): Error occurred, shutting down websocket connection: WebSocket exception Failed to connect to localhost/127.0.0.1:8081
11-06 15:00:44.563 V/LocSvc_BatteryListener(  628): healthInfoChanged_2_1:236] healthInfoChanged_2_1: 2
11-06 15:00:44.563 V/LocSvc_BatteryListener(  628): healthInfoChanged:225] healthInfoChanged: 2
11-06 15:00:44.563 E/BatteryService( 1073): Processing new values: info={.chargerAcOnline = false, .chargerUsbOnline = true, .chargerWirelessOnline = false, .maxChargingCurrent = 0, .maxChargingVoltage = 0, .batteryStatus = CHARGING, .batteryHealth = GOOD, .batteryPresent = true, .batteryLevel = 88, .batteryVoltage = 4102, .batteryTemperature = 340, .batteryCurrent = -35400, .batteryCycleCount = 0, .batteryFullCharge = 0, .batteryChargeCounter = 0, .batteryTechnology = Li-ion}, mBatteryLevelCritical=false, batteryTemperature=340, mPlugType=2
11-06 15:00:44.564 E/BatteryService( 1073): shutdownIfOverTempLocked batteryTemperature=340
11-06 15:00:44.564 D/BatteryService( 1073): Sending ACTION_BATTERY_CHANGED. scale:100, info:{.chargerAcOnline = false, .chargerUsbOnline = true, .chargerWirelessOnline = false, .maxChargingCurrent = 0, .maxChargingVoltage = 0, .batteryStatus = CHARGING, .batteryHealth = GOOD, .batteryPresent = true, .batteryLevel = 88, .batteryVoltage = 4102, .batteryTemperature = 340, .batteryCurrent = -35400, .batteryCycleCount = 0, .batteryFullCharge = 0, .batteryChargeCounter = 0, .batteryTechnology = Li-ion}
11-06 15:00:44.568 D/QtiCarrierConfigHelper( 2433): WARNING, no carrier configs on phone Id: 0
11-06 15:00:44.568 D/KeyguardUpdateMonitor( 2121): received broadcast android.intent.action.BATTERY_CHANGED
11-06 15:00:44.573 D/KeyguardUpdateMonitor( 2121): handleBatteryUpdate
11-06 15:00:44.778 I/ndroid.systemu( 2121): NativeAlloc concurrent copying GC freed 49045(1974KB) AllocSpace objects, 0(0B) LOS objects, 49% free, 3432KB/6864KB, paused 183us total 183.202ms
11-06 15:00:45.917 I/ReactNativeJNI( 6850): Error occurred, shutting down websocket connection: WebSocket exception Failed to connect to localhost/127.0.0.1:8081
11-06 15:00:47.970 I/ReactNativeJNI( 6850): Error occurred, shutting down websocket connection: WebSocket exception Failed to connect to localhost/127.0.0.1:8081
11-06 15:00:49.856 I/br.com.gertec.service.BatteryLevelService( 3532): Nível da bateria: 88
11-06 15:00:49.857 W/ContextImpl( 3532): Calling a method in the system process without a qualified user: android.app.ContextImpl.stopService:1681 android.content.ContextWrapper.stopService:730 br.com.gertec.service.BatteryLevelService.f:7 br.com.gertec.service.BatteryLevelService$a.run:88 android.os.Handler.handleCallback:938 
11-06 15:00:50.021 I/ReactNativeJNI( 6850): Error occurred, shutting down websocket connection: WebSocket exception Failed to connect to localhost/127.0.0.1:8081
11-06 15:00:52.652 E/        (    0): cw_update_data vol = 4103  cap = 88 temp = 340
11-06 15:00:52.655 I/        (    0): smblite_lib_get_prop_usb_present 1229
11-06 15:00:52.657 I/chatty  (    0): uid=0(root) logd identical 2 lines
11-06 15:00:52.658 I/        (    0): smblite_lib_get_prop_usb_present 1229
11-06 15:00:52.660 E/ALG     (    0): get_time_to_full_locked: failed to get ACT_BATT_CAP rc=-19
11-06 15:00:52.662 W/healthd (    0): battery l=88 v=4103 t=34.0 h=2 st=2 c=-72021 fc=0 cc=0 chg=u
11-06 15:00:52.665 E/ALG     (    0): get_time_to_full_locked: failed to get ACT_BATT_CAP rc=-19
11-06 15:00:52.666 I/        (    0): smblite_lib_get_prop_usb_present 1229
11-06 15:00:52.064 I/ReactNativeJNI( 6850): Error occurred, shutting down websocket connection: WebSocket exception Failed to connect to localhost/127.0.0.1:8081
11-06 15:00:52.754 V/LocSvc_BatteryListener(  628): healthInfoChanged_2_1:236] healthInfoChanged_2_1: 2
11-06 15:00:52.754 V/LocSvc_BatteryListener(  628): healthInfoChanged:225] healthInfoChanged: 2
11-06 15:00:52.755 E/BatteryService( 1073): Processing new values: info={.chargerAcOnline = false, .chargerUsbOnline = true, .chargerWirelessOnline = false, .maxChargingCurrent = 0, .maxChargingVoltage = 0, .batteryStatus = CHARGING, .batteryHealth = GOOD, .batteryPresent = true, .batteryLevel = 88, .batteryVoltage = 4103, .batteryTemperature = 340, .batteryCurrent = -72021, .batteryCycleCount = 0, .batteryFullCharge = 0, .batteryChargeCounter = 0, .batteryTechnology = Li-ion}, mBatteryLevelCritical=false, batteryTemperature=340, mPlugType=2
11-06 15:00:52.755 E/BatteryService( 1073): shutdownIfOverTempLocked batteryTemperature=340
11-06 15:00:52.756 D/BatteryService( 1073): Sending ACTION_BATTERY_CHANGED. scale:100, info:{.chargerAcOnline = false, .chargerUsbOnline = true, .chargerWirelessOnline = false, .maxChargingCurrent = 0, .maxChargingVoltage = 0, .batteryStatus = CHARGING, .batteryHealth = GOOD, .batteryPresent = true, .batteryLevel = 88, .batteryVoltage = 4103, .batteryTemperature = 340, .batteryCurrent = -72021, .batteryCycleCount = 0, .batteryFullCharge = 0, .batteryChargeCounter = 0, .batteryTechnology = Li-ion}
11-06 15:00:52.759 D/QtiCarrierConfigHelper( 2433): WARNING, no carrier configs on phone Id: 0
11-06 15:00:52.760 D/KeyguardUpdateMonitor( 2121): received broadcast android.intent.action.BATTERY_CHANGED
11-06 15:00:52.764 D/KeyguardUpdateMonitor( 2121): handleBatteryUpdate
11-06 15:00:54.057 D/KeyguardUpdateMonitor( 2121): received broadcast android.intent.action.TIME_TICK
11-06 15:00:54.057 D/KeyguardUpdateMonitor( 2121): handleTimeUpdate
11-06 15:00:54.059 E/ActivityManager( 1073): Sending non-protected broadcast CHECK_CONNECTION from system uid 1000 pkg br.com.gertec.service
11-06 15:00:54.059 E/ActivityManager( 1073): java.lang.Throwable
11-06 15:00:54.059 E/ActivityManager( 1073): 	at com.android.server.am.ActivityManagerService.checkBroadcastFromSystem(ActivityManagerService.java:16129)
11-06 15:00:54.059 E/ActivityManager( 1073): 	at com.android.server.am.ActivityManagerService.broadcastIntentLocked(ActivityManagerService.java:16800)
11-06 15:00:54.059 E/ActivityManager( 1073): 	at com.android.server.am.ActivityManagerService.broadcastIntentInPackage(ActivityManagerService.java:16979)
11-06 15:00:54.059 E/ActivityManager( 1073): 	at com.android.server.am.ActivityManagerService$LocalService.broadcastIntentInPackage(ActivityManagerService.java:19647)
11-06 15:00:54.059 E/ActivityManager( 1073): 	at com.android.server.am.PendingIntentRecord.sendInner(PendingIntentRecord.java:462)
11-06 15:00:54.059 E/ActivityManager( 1073): 	at com.android.server.am.PendingIntentRecord.sendWithResult(PendingIntentRecord.java:285)
11-06 15:00:54.059 E/ActivityManager( 1073): 	at com.android.server.am.ActivityManagerService.sendIntentSender(ActivityManagerService.java:5863)
11-06 15:00:54.059 E/ActivityManager( 1073): 	at android.app.PendingIntent.sendAndReturnResult(PendingIntent.java:913)
11-06 15:00:54.059 E/ActivityManager( 1073): 	at android.app.PendingIntent.send(PendingIntent.java:884)
11-06 15:00:54.059 E/ActivityManager( 1073): 	at com.android.server.AlarmManagerService$DeliveryTracker.deliverLocked(AlarmManagerService.java:4760)
11-06 15:00:54.059 E/ActivityManager( 1073): 	at com.android.server.AlarmManagerService.deliverAlarmsLocked(AlarmManagerService.java:3884)
11-06 15:00:54.059 E/ActivityManager( 1073): 	at com.android.server.AlarmManagerService$AlarmThread.run(AlarmManagerService.java:4128)
11-06 15:00:54.061 D/KeyguardClockSwitch( 2121): Updating clock: 1500
11-06 15:00:54.065 I/StatusBarTime( 2121): Clock, isFirstRecoveryCompleted, evtExist == false
11-06 15:00:54.066 I/StatusBarTime( 2121): Clock, isFirstRecoveryCompleted, kernelExist == false
11-06 15:00:54.066 I/StatusBarTime( 2121): Clock, isFirstRecoveryCompleted, nativeExist == false
11-06 15:00:54.066 I/StatusBarTime( 2121): Clock, updateClock, firstRecoveryCompletedFlag == true
11-06 15:00:54.068 I/StatusBarTime( 2121): Clock, isFirstRecoveryCompleted, evtExist == false
11-06 15:00:54.069 I/StatusBarTime( 2121): Clock, isFirstRecoveryCompleted, kernelExist == false
11-06 15:00:54.069 I/StatusBarTime( 2121): Clock, isFirstRecoveryCompleted, nativeExist == false
11-06 15:00:54.069 I/StatusBarTime( 2121): Clock, updateClock, firstRecoveryCompletedFlag == true
11-06 15:00:54.070 I/DropBoxManagerService( 1073): add tag=system_server_wtf isTagEnabled=true flags=0x2
11-06 15:00:54.071 I/StatusBarTime( 2121): Clock, isFirstRecoveryCompleted, evtExist == false
11-06 15:00:54.071 I/StatusBarTime( 2121): Clock, isFirstRecoveryCompleted, kernelExist == false
11-06 15:00:54.072 I/StatusBarTime( 2121): Clock, isFirstRecoveryCompleted, nativeExist == false
11-06 15:00:54.072 I/StatusBarTime( 2121): Clock, updateClock, firstRecoveryCompletedFlag == true
11-06 15:00:54.104 D/CompatibilityInfo( 1073): mCompatibilityFlags - 10
11-06 15:00:54.104 D/CompatibilityInfo( 1073): applicationDensity - 320
11-06 15:00:54.104 D/CompatibilityInfo( 1073): applicationScale - 1.0
11-06 15:00:54.107 I/br.com.gertec.service.AlarmReceiver( 3532): onReceive: CHECK_CONNECTION
11-06 15:00:54.110 I/ReactNativeJNI( 6850): Error occurred, shutting down websocket connection: WebSocket exception Failed to connect to localhost/127.0.0.1:8081
11-06 15:01:00.845 E/        (    0): cw_update_data vol = 4103  cap = 88 temp = 340
11-06 15:01:00.847 I/        (    0): smblite_lib_get_prop_usb_present 1229
11-06 15:01:00.847 I/        (    0): smblite_lib_get_prop_usb_present 1229
11-06 15:01:00.848 E/ALG     (    0): get_time_to_full_locked: failed to get ACT_BATT_CAP rc=-19
11-06 15:01:00.848 I/        (    0): smblite_lib_get_prop_usb_present 1229
11-06 15:01:00.850 W/healthd (    0): battery l=88 v=4103 t=34.0 h=2 st=2 c=-27923 fc=0 cc=0 chg=u
11-06 15:01:00.851 I/        (    0): smblite_lib_get_prop_usb_present 1229
11-06 15:01:00.852 I/        (    0): smblite_lib_get_prop_usb_present 1229
11-06 15:01:00.853 E/ALG     (    0): get_time_to_full_locked: failed to get ACT_BATT_CAP rc=-19
11-06 15:00:58.200 I/chatty  ( 6850): uid=10094(u0_a94) com.ma1heussantos.teste identical 2 lines
11-06 15:01:00.249 I/ReactNativeJNI( 6850): Error occurred, shutting down websocket connection: WebSocket exception Failed to connect to localhost/127.0.0.1:8081
11-06 15:01:00.941 V/LocSvc_BatteryListener(  628): healthInfoChanged_2_1:236] healthInfoChanged_2_1: 2
11-06 15:01:00.941 V/LocSvc_BatteryListener(  628): healthInfoChanged:225] healthInfoChanged: 2
11-06 15:01:00.942 E/BatteryService( 1073): Processing new values: info={.chargerAcOnline = false, .chargerUsbOnline = true, .chargerWirelessOnline = false, .maxChargingCurrent = 0, .maxChargingVoltage = 0, .batteryStatus = CHARGING, .batteryHealth = GOOD, .batteryPresent = true, .batteryLevel = 88, .batteryVoltage = 4103, .batteryTemperature = 340, .batteryCurrent = -27923, .batteryCycleCount = 0, .batteryFullCharge = 0, .batteryChargeCounter = 0, .batteryTechnology = Li-ion}, mBatteryLevelCritical=false, batteryTemperature=340, mPlugType=2
11-06 15:01:00.943 E/BatteryService( 1073): shutdownIfOverTempLocked batteryTemperature=340
11-06 15:01:02.295 I/ReactNativeJNI( 6850): Error occurred, shutting down websocket connection: WebSocket exception Failed to connect to localhost/127.0.0.1:8081
11-06 15:01:09.037 E/        (    0): cw_update_data vol = 4103  cap = 88 temp = 340
11-06 15:01:09.039 I/        (    0): smblite_lib_get_prop_usb_present 1229
11-06 15:01:09.043 I/chatty  (    0): uid=0(root) logd identical 2 lines
11-06 15:01:09.043 I/        (    0): smblite_lib_get_prop_usb_present 1229
11-06 15:01:09.044 E/ALG     (    0): get_time_to_full_locked: failed to get ACT_BATT_CAP rc=-19
11-06 15:01:09.044 I/        (    0): smblite_lib_get_prop_usb_present 1229
11-06 15:01:09.046 W/healthd (    0): battery l=88 v=4103 t=34.0 h=2 st=2 c=-28076 fc=0 cc=0 chg=u
11-06 15:01:06.390 I/chatty  ( 6850): uid=10094(u0_a94) com.ma1heussantos.teste identical 2 lines
11-06 15:01:08.438 I/ReactNativeJNI( 6850): Error occurred, shutting down websocket connection: WebSocket exception Failed to connect to localhost/127.0.0.1:8081
11-06 15:01:09.136 V/LocSvc_BatteryListener(  628): healthInfoChanged_2_1:236] healthInfoChanged_2_1: 2
11-06 15:01:09.136 V/LocSvc_BatteryListener(  628): healthInfoChanged:225] healthInfoChanged: 2
11-06 15:01:09.137 E/BatteryService( 1073): Processing new values: info={.chargerAcOnline = false, .chargerUsbOnline = true, .chargerWirelessOnline = false, .maxChargingCurrent = 0, .maxChargingVoltage = 0, .batteryStatus = CHARGING, .batteryHealth = GOOD, .batteryPresent = true, .batteryLevel = 88, .batteryVoltage = 4103, .batteryTemperature = 340, .batteryCurrent = -28076, .batteryCycleCount = 0, .batteryFullCharge = 0, .batteryChargeCounter = 0, .batteryTechnology = Li-ion}, mBatteryLevelCritical=false, batteryTemperature=340, mPlugType=2
11-06 15:01:09.138 E/BatteryService( 1073): shutdownIfOverTempLocked batteryTemperature=340
11-06 15:01:09.049 E/ALG     (    0): get_time_to_full_locked: failed to get ACT_BATT_CAP rc=-19
11-06 15:01:09.193 D/br.com.gertec.service.AlarmReceiver( 3532): serviceState : NULL
11-06 15:01:10.486 I/ReactNativeJNI( 6850): Error occurred, shutting down websocket connection: WebSocket exception Failed to connect to localhost/127.0.0.1:8081
11-06 15:01:17.231 E/        (    0): cw_update_data vol = 4103  cap = 88 temp = 340
11-06 15:01:17.234 I/        (    0): smblite_lib_get_prop_usb_present 1229
11-06 15:01:17.234 I/        (    0): smblite_lib_get_prop_usb_present 1229
11-06 15:01:17.235 E/ALG     (    0): get_time_to_full_locked: failed to get ACT_BATT_CAP rc=-19
11-06 15:01:17.237 I/        (    0): smblite_lib_get_prop_usb_present 1229
11-06 15:01:17.237 I/        (    0): smblite_lib_get_prop_usb_present 1229
11-06 15:01:17.239 W/healthd (    0): battery l=88 v=4103 t=34.0 h=2 st=2 c=-28991 fc=0 cc=0 chg=u
11-06 15:01:17.240 I/        (    0): smblite_lib_get_prop_usb_present 1229
11-06 15:01:17.243 E/ALG     (    0): get_time_to_full_locked: failed to get ACT_BATT_CAP rc=-19
11-06 15:01:14.580 I/chatty  ( 6850): uid=10094(u0_a94) com.ma1heussantos.teste identical 2 lines
11-06 15:01:16.626 I/ReactNativeJNI( 6850): Error occurred, shutting down websocket connection: WebSocket exception Failed to connect to localhost/127.0.0.1:8081
11-06 15:01:17.330 V/LocSvc_BatteryListener(  628): healthInfoChanged_2_1:236] healthInfoChanged_2_1: 2
11-06 15:01:17.330 V/LocSvc_BatteryListener(  628): healthInfoChanged:225] healthInfoChanged: 2
11-06 15:01:17.332 E/BatteryService( 1073): Processing new values: info={.chargerAcOnline = false, .chargerUsbOnline = true, .chargerWirelessOnline = false, .maxChargingCurrent = 0, .maxChargingVoltage = 0, .batteryStatus = CHARGING, .batteryHealth = GOOD, .batteryPresent = true, .batteryLevel = 88, .batteryVoltage = 4103, .batteryTemperature = 340, .batteryCurrent = -28991, .batteryCycleCount = 0, .batteryFullCharge = 0, .batteryChargeCounter = 0, .batteryTechnology = Li-ion}, mBatteryLevelCritical=false, batteryTemperature=340, mPlugType=2
11-06 15:01:17.333 E/BatteryService( 1073): shutdownIfOverTempLocked batteryTemperature=340
11-06 15:01:18.673 I/ReactNativeJNI( 6850): Error occurred, shutting down websocket connection: WebSocket exception Failed to connect to localhost/127.0.0.1:8081
11-06 15:01:25.424 E/        (    0): cw_update_data vol = 4103  cap = 88 temp = 340
11-06 15:01:25.426 I/        (    0): smblite_lib_get_prop_usb_present 1229
11-06 15:01:25.426 I/        (    0): smblite_lib_get_prop_usb_present 1229
11-06 15:01:25.435 E/ALG     (    0): get_time_to_full_locked: failed to get ACT_BATT_CAP rc=-19
11-06 15:01:25.436 I/        (    0): smblite_lib_get_prop_usb_present 1229
11-06 15:01:25.439 W/healthd (    0): battery l=88 v=4103 t=34.0 h=2 st=2 c=-27771 fc=0 cc=0 chg=u
11-06 15:01:25.439 I/        (    0): smblite_lib_get_prop_usb_present 1229
11-06 15:01:25.440 I/        (    0): smblite_lib_get_prop_usb_present 1229
11-06 15:01:25.442 E/ALG     (    0): get_time_to_full_locked: failed to get ACT_BATT_CAP rc=-19
11-06 15:01:22.712 I/chatty  ( 6850): uid=10094(u0_a94) com.ma1heussantos.teste identical 2 lines
11-06 15:01:24.726 I/ReactNativeJNI( 6850): Error occurred, shutting down websocket connection: WebSocket exception Failed to connect to localhost/127.0.0.1:8081
11-06 15:01:25.529 V/LocSvc_BatteryListener(  628): healthInfoChanged_2_1:236] healthInfoChanged_2_1: 2
11-06 15:01:25.530 V/LocSvc_BatteryListener(  628): healthInfoChanged:225] healthInfoChanged: 2
11-06 15:01:25.530 E/BatteryService( 1073): Processing new values: info={.chargerAcOnline = false, .chargerUsbOnline = true, .chargerWirelessOnline = false, .maxChargingCurrent = 0, .maxChargingVoltage = 0, .batteryStatus = CHARGING, .batteryHealth = GOOD, .batteryPresent = true, .batteryLevel = 88, .batteryVoltage = 4103, .batteryTemperature = 340, .batteryCurrent = -27771, .batteryCycleCount = 0, .batteryFullCharge = 0, .batteryChargeCounter = 0, .batteryTechnology = Li-ion}, mBatteryLevelCritical=false, batteryTemperature=340, mPlugType=2
11-06 15:01:25.531 E/BatteryService( 1073): shutdownIfOverTempLocked batteryTemperature=340
11-06 15:01:26.773 I/ReactNativeJNI( 6850): Error occurred, shutting down websocket connection: WebSocket exception Failed to connect to localhost/127.0.0.1:8081
11-06 15:01:28.818 I/ReactNativeJNI( 6850): Error occurred, shutting down websocket connection: WebSocket exception Failed to connect to localhost/127.0.0.1:8081
11-06 15:01:30.786 D/KeyguardUpdateMonitor( 2121): received broadcast android.intent.action.TIME_TICK
11-06 15:01:30.787 I/StatusBarTime( 2121): Clock, isFirstRecoveryCompleted, evtExist == false
11-06 15:01:30.788 I/StatusBarTime( 2121): Clock, isFirstRecoveryCompleted, kernelExist == false
11-06 15:01:30.788 I/StatusBarTime( 2121): Clock, isFirstRecoveryCompleted, nativeExist == false
11-06 15:01:30.788 I/StatusBarTime( 2121): Clock, updateClock, firstRecoveryCompletedFlag == true
11-06 15:01:30.788 E/ActivityManager( 1073): Sending non-protected broadcast CHECK_CONNECTION from system uid 1000 pkg br.com.gertec.service
11-06 15:01:30.788 E/ActivityManager( 1073): java.lang.Throwable
11-06 15:01:30.788 E/ActivityManager( 1073): 	at com.android.server.am.ActivityManagerService.checkBroadcastFromSystem(ActivityManagerService.java:16129)
11-06 15:01:30.788 E/ActivityManager( 1073): 	at com.android.server.am.ActivityManagerService.broadcastIntentLocked(ActivityManagerService.java:16800)
11-06 15:01:30.788 E/ActivityManager( 1073): 	at com.android.server.am.ActivityManagerService.broadcastIntentInPackage(ActivityManagerService.java:16979)
11-06 15:01:30.788 E/ActivityManager( 1073): 	at com.android.server.am.ActivityManagerService$LocalService.broadcastIntentInPackage(ActivityManagerService.java:19647)
11-06 15:01:30.788 E/ActivityManager( 1073): 	at com.android.server.am.PendingIntentRecord.sendInner(PendingIntentRecord.java:462)
11-06 15:01:30.788 E/ActivityManager( 1073): 	at com.android.server.am.PendingIntentRecord.sendWithResult(PendingIntentRecord.java:285)
11-06 15:01:30.788 E/ActivityManager( 1073): 	at com.android.server.am.ActivityManagerService.sendIntentSender(ActivityManagerService.java:5863)
11-06 15:01:30.788 E/ActivityManager( 1073): 	at android.app.PendingIntent.sendAndReturnResult(PendingIntent.java:913)
11-06 15:01:30.788 E/ActivityManager( 1073): 	at android.app.PendingIntent.send(PendingIntent.java:884)
11-06 15:01:30.788 E/ActivityManager( 1073): 	at com.android.server.AlarmManagerService$DeliveryTracker.deliverLocked(AlarmManagerService.java:4760)
11-06 15:01:30.788 E/ActivityManager( 1073): 	at com.android.server.AlarmManagerService.deliverAlarmsLocked(AlarmManagerService.java:3884)
11-06 15:01:30.788 E/ActivityManager( 1073): 	at com.android.server.AlarmManagerService$AlarmThread.run(AlarmManagerService.java:4128)
11-06 15:01:30.790 I/StatusBarTime( 2121): Clock, isFirstRecoveryCompleted, evtExist == false
11-06 15:01:30.791 I/StatusBarTime( 2121): Clock, isFirstRecoveryCompleted, kernelExist == false
11-06 15:01:30.791 I/StatusBarTime( 2121): Clock, isFirstRecoveryCompleted, nativeExist == false
11-06 15:01:30.791 I/StatusBarTime( 2121): Clock, updateClock, firstRecoveryCompletedFlag == true
11-06 15:01:30.792 I/DropBoxManagerService( 1073): add tag=system_server_wtf isTagEnabled=true flags=0x2
11-06 15:01:30.793 I/StatusBarTime( 2121): Clock, isFirstRecoveryCompleted, evtExist == false
11-06 15:01:30.794 I/StatusBarTime( 2121): Clock, isFirstRecoveryCompleted, kernelExist == false
11-06 15:01:30.794 I/StatusBarTime( 2121): Clock, isFirstRecoveryCompleted, nativeExist == false
11-06 15:01:30.794 I/StatusBarTime( 2121): Clock, updateClock, firstRecoveryCompletedFlag == true
11-06 15:01:30.796 D/KeyguardUpdateMonitor( 2121): handleTimeUpdate
11-06 15:01:30.800 D/KeyguardClockSwitch( 2121): Updating clock: 1501
11-06 15:01:30.806 D/CompatibilityInfo( 1073): mCompatibilityFlags - 10
11-06 15:01:30.806 D/CompatibilityInfo( 1073): applicationDensity - 320
11-06 15:01:30.806 D/CompatibilityInfo( 1073): applicationScale - 1.0
11-06 15:01:30.808 I/br.com.gertec.service.AlarmReceiver( 3532): onReceive: CHECK_CONNECTION
11-06 15:01:30.834 I/ReactNativeJNI( 6850): Error occurred, shutting down websocket connection: WebSocket exception Failed to connect to localhost/127.0.0.1:8081
11-06 15:01:31.109 D/DhcpClient( 2236): Unicasting DHCPREQUEST ciaddr=192.168.20.152 request=0.0.0.0 serverid=null to /192.168.20.1:67
11-06 15:01:31.033 I/[soft_i][0xb14efdec51][15:01:31.118681] wlan(    0): [0:I:QDF] DHCP-R TX: SA:3e:48:16:b8:1c:28 DA:44:3b:32:9a:8f:dc msdu_id:1199 status: succ
11-06 15:01:31.248 I/[cds_ol][0xb14f3cfac2][15:01:31.333913] wlan(    0): [1857:I:QDF] DHCP-A RX: SA:44:3b:32:9a:8f:dc DA:3e:48:16:b8:1c:28
11-06 15:01:31.337 D/DhcpClient( 2236): Received packet: 3e:48:16:b8:1c:28 ACK: your new IP /192.168.20.152, netmask /255.255.255.0, gateways [/192.168.20.1] DNS servers: /191.242.80.28 /8.8.8.8 , lease time 3600
11-06 15:01:31.340 D/DhcpClient( 2236): Renewed lease: android.net.networkstack.DhcpResults@5284b77 DHCP server /192.168.20.1 Vendor info null lease 3600 seconds Servername 
11-06 15:01:31.355 D/DhcpClient( 2236): Scheduling renewal in 1799s
11-06 15:01:31.356 D/DhcpClient( 2236): Scheduling rebind in 3149s
11-06 15:01:31.356 D/DhcpClient( 2236): Scheduling expiry in 3599s
11-06 15:01:31.373 E/WifiClientModeImpl( 1073): ConnectModeState processMessage 131212
11-06 15:01:31.376 D/QCNEJ/WlanStaInfoRelay( 2379): Received action: android.net.wifi.STATE_CHANGE
11-06 15:01:31.382 D/QCNEJ/WlanStaInfoRelay( 2379): Received action: android.net.wifi.LINK_CONFIGURATION_CHANGED
11-06 15:01:31.383 E/QCNEJ/WlanStaInfoRelay( 2379): update link properties given null lp
11-06 15:01:31.384 D/Tile.WifiTile( 2121): onWifiSignalChanged enabled=true
11-06 15:01:31.384 D/Tile.WifiTile( 2121): handleUpdateState arg=null
11-06 15:01:32.233 E/WifiClientModeImpl( 1073): ConnectModeState processMessage 131274
11-06 15:01:32.234 V/WifiHAL (  656): WifiVendorCommand 0xb40000743a16fbc0 created vendor_id:0x1374 subcmd:83
11-06 15:01:32.883 I/ReactNativeJNI( 6850): Error occurred, shutting down websocket connection: WebSocket exception Failed to connect to localhost/127.0.0.1:8081
11-06 15:01:33.613 E/        (    0): cw_update_data vol = 4103  cap = 88 temp = 340
11-06 15:01:33.615 I/        (    0): smblite_lib_get_prop_usb_present 1229
11-06 15:01:33.619 I/chatty  (    0): uid=0(root) logd identical 3 lines
11-06 15:01:33.620 I/        (    0): smblite_lib_get_prop_usb_present 1229
11-06 15:01:33.620 E/ALG     (    0): get_time_to_full_locked: failed to get ACT_BATT_CAP rc=-19
11-06 15:01:33.622 W/healthd (    0): battery l=88 v=4103 t=34.0 h=2 st=2 c=-35705 fc=0 cc=0 chg=u
11-06 15:01:33.712 V/LocSvc_BatteryListener(  628): healthInfoChanged_2_1:236] healthInfoChanged_2_1: 2
11-06 15:01:33.625 E/ALG     (    0): get_time_to_full_locked: failed to get ACT_BATT_CAP rc=-19
11-06 15:01:33.712 V/LocSvc_BatteryListener(  628): healthInfoChanged:225] healthInfoChanged: 2
11-06 15:01:33.713 E/BatteryService( 1073): Processing new values: info={.chargerAcOnline = false, .chargerUsbOnline = true, .chargerWirelessOnline = false, .maxChargingCurrent = 0, .maxChargingVoltage = 0, .batteryStatus = CHARGING, .batteryHealth = GOOD, .batteryPresent = true, .batteryLevel = 88, .batteryVoltage = 4103, .batteryTemperature = 340, .batteryCurrent = -35705, .batteryCycleCount = 0, .batteryFullCharge = 0, .batteryChargeCounter = 0, .batteryTechnology = Li-ion}, mBatteryLevelCritical=false, batteryTemperature=340, mPlugType=2
11-06 15:01:33.714 E/BatteryService( 1073): shutdownIfOverTempLocked batteryTemperature=340
11-06 15:01:34.893 I/ReactNativeJNI( 6850): Error occurred, shutting down websocket connection: WebSocket exception Failed to connect to localhost/127.0.0.1:8081
11-06 15:01:41.231 E/ALG     (    0): get_time_to_full_locked: failed to get ACT_BATT_CAP rc=-19
11-06 15:01:41.234 W/healthd (    0): battery l=88 v=4103 t=34.0 h=2 st=2 c=-56304 fc=0 cc=0 chg=u
11-06 15:01:38.987 I/chatty  ( 6850): uid=10094(u0_a94) com.ma1heussantos.teste identical 2 lines
11-06 15:01:41.035 I/ReactNativeJNI( 6850): Error occurred, shutting down websocket connection: WebSocket exception Failed to connect to localhost/127.0.0.1:8081
11-06 15:01:41.323 V/LocSvc_BatteryListener(  628): healthInfoChanged_2_1:236] healthInfoChanged_2_1: 2
11-06 15:01:41.324 V/LocSvc_BatteryListener(  628): healthInfoChanged:225] healthInfoChanged: 2
11-06 15:01:41.236 E/ALG     (    0): get_time_to_full_locked: failed to get ACT_BATT_CAP rc=-19
11-06 15:01:41.324 E/BatteryService( 1073): Processing new values: info={.chargerAcOnline = false, .chargerUsbOnline = true, .chargerWirelessOnline = false, .maxChargingCurrent = 0, .maxChargingVoltage = 0, .batteryStatus = CHARGING, .batteryHealth = GOOD, .batteryPresent = true, .batteryLevel = 88, .batteryVoltage = 4103, .batteryTemperature = 340, .batteryCurrent = -56304, .batteryCycleCount = 0, .batteryFullCharge = 0, .batteryChargeCounter = 0, .batteryTechnology = Li-ion}, mBatteryLevelCritical=false, batteryTemperature=340, mPlugType=2
11-06 15:01:41.325 E/BatteryService( 1073): shutdownIfOverTempLocked batteryTemperature=340
11-06 15:01:41.806 E/        (    0): cw_update_data vol = 4105  cap = 88 temp = 340
11-06 15:01:41.809 I/        (    0): smblite_lib_get_prop_usb_present 1229
11-06 15:01:41.812 I/chatty  (    0): uid=0(root) logd identical 3 lines
11-06 15:01:41.813 I/        (    0): smblite_lib_get_prop_usb_present 1229
11-06 15:01:41.814 E/ALG     (    0): get_time_to_full_locked: failed to get ACT_BATT_CAP rc=-19
11-06 15:01:41.817 W/healthd (    0): battery l=88 v=4105 t=34.0 h=2 st=2 c=-36315 fc=0 cc=0 chg=u
11-06 15:01:41.907 V/LocSvc_BatteryListener(  628): healthInfoChanged_2_1:236] healthInfoChanged_2_1: 2
11-06 15:01:41.907 V/LocSvc_BatteryListener(  628): healthInfoChanged:225] healthInfoChanged: 2
11-06 15:01:41.820 E/ALG     (    0): get_time_to_full_locked: failed to get ACT_BATT_CAP rc=-19
11-06 15:01:41.908 E/BatteryService( 1073): Processing new values: info={.chargerAcOnline = false, .chargerUsbOnline = true, .chargerWirelessOnline = false, .maxChargingCurrent = 0, .maxChargingVoltage = 0, .batteryStatus = CHARGING, .batteryHealth = GOOD, .batteryPresent = true, .batteryLevel = 88, .batteryVoltage = 4105, .batteryTemperature = 340, .batteryCurrent = -36315, .batteryCycleCount = 0, .batteryFullCharge = 0, .batteryChargeCounter = 0, .batteryTechnology = Li-ion}, mBatteryLevelCritical=false, batteryTemperature=340, mPlugType=2
11-06 15:01:41.909 E/BatteryService( 1073): shutdownIfOverTempLocked batteryTemperature=340
11-06 15:01:41.909 D/BatteryService( 1073): Sending ACTION_BATTERY_CHANGED. scale:100, info:{.chargerAcOnline = false, .chargerUsbOnline = true, .chargerWirelessOnline = false, .maxChargingCurrent = 0, .maxChargingVoltage = 0, .batteryStatus = CHARGING, .batteryHealth = GOOD, .batteryPresent = true, .batteryLevel = 88, .batteryVoltage = 4105, .batteryTemperature = 340, .batteryCurrent = -36315, .batteryCycleCount = 0, .batteryFullCharge = 0, .batteryChargeCounter = 0, .batteryTechnology = Li-ion}
11-06 15:01:41.913 D/QtiCarrierConfigHelper( 2433): WARNING, no carrier configs on phone Id: 0
11-06 15:01:41.913 D/KeyguardUpdateMonitor( 2121): received broadcast android.intent.action.BATTERY_CHANGED
11-06 15:01:41.921 D/KeyguardUpdateMonitor( 2121): handleBatteryUpdate
11-06 15:01:43.047 I/ReactNativeJNI( 6850): Error occurred, shutting down websocket connection: WebSocket exception Failed to connect to localhost/127.0.0.1:8081
11-06 15:01:45.097 I/ReactNativeJNI( 6850): Error occurred, shutting down websocket connection: WebSocket exception Failed to connect to localhost/127.0.0.1:8081
11-06 15:01:45.894 D/br.com.gertec.service.AlarmReceiver( 3532): serviceState : NULL
11-06 15:01:47.141 I/ReactNativeJNI( 6850): Error occurred, shutting down websocket connection: WebSocket exception Failed to connect to localhost/127.0.0.1:8081
11-06 15:01:48.969 E/cw_reset_charger_timer(801) tm(    0): 105321
11-06 15:01:49.189 I/ReactNativeJNI( 6850): Error occurred, shutting down websocket connection: WebSocket exception Failed to connect to localhost/127.0.0.1:8081
11-06 15:01:49.866 I/br.com.gertec.service.BatteryLevelService( 3532): Nível da bateria: 88
11-06 15:01:49.867 W/ContextImpl( 3532): Calling a method in the system process without a qualified user: android.app.ContextImpl.stopService:1681 android.content.ContextWrapper.stopService:730 br.com.gertec.service.BatteryLevelService.f:7 br.com.gertec.service.BatteryLevelService$a.run:88 android.os.Handler.handleCallback:938 
11-06 15:01:49.994 E/        (    0): cw_update_data vol = 4104  cap = 88 temp = 340
11-06 15:01:49.997 I/        (    0): smblite_lib_get_prop_usb_present 1229
11-06 15:01:49.998 I/        (    0): smblite_lib_get_prop_usb_present 1229
11-06 15:01:49.999 E/ALG     (    0): get_time_to_full_locked: failed to get ACT_BATT_CAP rc=-19
11-06 15:01:50.000 W/healthd (    0): battery l=88 v=4104 t=34.0 h=2 st=2 c=-35400 fc=0 cc=0 chg=u
11-06 15:01:50.000 I/        (    0): smblite_lib_get_prop_usb_present 1229
11-06 15:01:50.001 I/        (    0): smblite_lib_get_prop_usb_present 1229
11-06 15:01:50.002 E/ALG     (    0): get_time_to_full_locked: failed to get ACT_BATT_CAP rc=-19
11-06 15:01:50.090 V/LocSvc_BatteryListener(  628): healthInfoChanged_2_1:236] healthInfoChanged_2_1: 2
11-06 15:01:50.090 V/LocSvc_BatteryListener(  628): healthInfoChanged:225] healthInfoChanged: 2
11-06 15:01:50.090 E/BatteryService( 1073): Processing new values: info={.chargerAcOnline = false, .chargerUsbOnline = true, .chargerWirelessOnline = false, .maxChargingCurrent = 0, .maxChargingVoltage = 0, .batteryStatus = CHARGING, .batteryHealth = GOOD, .batteryPresent = true, .batteryLevel = 88, .batteryVoltage = 4104, .batteryTemperature = 340, .batteryCurrent = -35400, .batteryCycleCount = 0, .batteryFullCharge = 0, .batteryChargeCounter = 0, .batteryTechnology = Li-ion}, mBatteryLevelCritical=false, batteryTemperature=340, mPlugType=2
11-06 15:01:50.091 E/BatteryService( 1073): shutdownIfOverTempLocked batteryTemperature=340
11-06 15:01:50.091 D/BatteryService( 1073): Sending ACTION_BATTERY_CHANGED. scale:100, info:{.chargerAcOnline = false, .chargerUsbOnline = true, .chargerWirelessOnline = false, .maxChargingCurrent = 0, .maxChargingVoltage = 0, .batteryStatus = CHARGING, .batteryHealth = GOOD, .batteryPresent = true, .batteryLevel = 88, .batteryVoltage = 4104, .batteryTemperature = 340, .batteryCurrent = -35400, .batteryCycleCount = 0, .batteryFullCharge = 0, .batteryChargeCounter = 0, .batteryTechnology = Li-ion}
11-06 15:01:50.094 D/QtiCarrierConfigHelper( 2433): WARNING, no carrier configs on phone Id: 0
11-06 15:01:50.011 I/        (    0): smblite_lib_get_prop_usb_present 1229
11-06 15:01:50.095 D/KeyguardUpdateMonitor( 2121): received broadcast android.intent.action.BATTERY_CHANGED
11-06 15:01:50.100 D/KeyguardUpdateMonitor( 2121): handleBatteryUpdate
11-06 15:01:51.194 I/ReactNativeJNI( 6850): Error occurred, shutting down websocket connection: WebSocket exception Failed to connect to localhost/127.0.0.1:8081
11-06 15:01:58.187 E/        (    0): cw_update_data vol = 4104  cap = 88 temp = 340
11-06 15:01:58.191 I/        (    0): smblite_lib_get_prop_usb_present 1229
11-06 15:01:58.191 I/chatty  (    0): uid=0(root) logd identical 1 line
11-06 15:01:58.192 I/        (    0): smblite_lib_get_prop_usb_present 1229
11-06 15:01:58.193 E/ALG     (    0): get_time_to_full_locked: failed to get ACT_BATT_CAP rc=-19
11-06 15:01:58.194 I/        (    0): smblite_lib_get_prop_usb_present 1229
11-06 15:01:58.195 I/        (    0): smblite_lib_get_prop_usb_present 1229
11-06 15:01:58.195 W/healthd (    0): battery l=88 v=4104 t=34.0 h=2 st=2 c=-32806 fc=0 cc=0 chg=u
11-06 15:01:58.197 E/ALG     (    0): get_time_to_full_locked: failed to get ACT_BATT_CAP rc=-19
11-06 15:01:55.276 I/chatty  ( 6850): uid=10094(u0_a94) com.ma1heussantos.teste identical 2 lines
11-06 15:01:57.323 I/ReactNativeJNI( 6850): Error occurred, shutting down websocket connection: WebSocket exception Failed to connect to localhost/127.0.0.1:8081
11-06 15:01:58.284 V/LocSvc_BatteryListener(  628): healthInfoChanged_2_1:236] healthInfoChanged_2_1: 2
11-06 15:01:58.285 V/LocSvc_BatteryListener(  628): healthInfoChanged:225] healthInfoChanged: 2
11-06 15:01:58.285 E/BatteryService( 1073): Processing new values: info={.chargerAcOnline = false, .chargerUsbOnline = true, .chargerWirelessOnline = false, .maxChargingCurrent = 0, .maxChargingVoltage = 0, .batteryStatus = CHARGING, .batteryHealth = GOOD, .batteryPresent = true, .batteryLevel = 88, .batteryVoltage = 4104, .batteryTemperature = 340, .batteryCurrent = -32806, .batteryCycleCount = 0, .batteryFullCharge = 0, .batteryChargeCounter = 0, .batteryTechnology = Li-ion}, mBatteryLevelCritical=false, batteryTemperature=340, mPlugType=2
11-06 15:01:58.286 E/BatteryService( 1073): shutdownIfOverTempLocked batteryTemperature=340
11-06 15:01:59.370 I/ReactNativeJNI( 6850): Error occurred, shutting down websocket connection: WebSocket exception Failed to connect to localhost/127.0.0.1:8081
11-06 15:02:06.380 E/        (    0): cw_update_data vol = 4103  cap = 88 temp = 340
11-06 15:02:06.384 I/        (    0): smblite_lib_get_prop_usb_present 1229
11-06 15:02:06.385 I/        (    0): smblite_lib_get_prop_usb_present 1229
11-06 15:02:06.386 E/ALG     (    0): get_time_to_full_locked: failed to get ACT_BATT_CAP rc=-19
11-06 15:02:06.386 I/        (    0): smblite_lib_get_prop_usb_present 1229
11-06 15:02:06.387 I/        (    0): smblite_lib_get_prop_usb_present 1229
11-06 15:02:06.388 W/healthd (    0): battery l=88 v=4103 t=34.0 h=2 st=2 c=-33721 fc=0 cc=0 chg=u
11-06 15:02:06.388 I/        (    0): smblite_lib_get_prop_usb_present 1229
11-06 15:02:06.390 E/ALG     (    0): get_time_to_full_locked: failed to get ACT_BATT_CAP rc=-19
11-06 15:02:03.461 I/chatty  ( 6850): uid=10094(u0_a94) com.ma1heussantos.teste identical 2 lines
11-06 15:02:05.496 I/ReactNativeJNI( 6850): Error occurred, shutting down websocket connection: WebSocket exception Failed to connect to localhost/127.0.0.1:8081
11-06 15:02:06.477 V/LocSvc_BatteryListener(  628): healthInfoChanged_2_1:236] healthInfoChanged_2_1: 2
11-06 15:02:06.477 V/LocSvc_BatteryListener(  628): healthInfoChanged:225] healthInfoChanged: 2
11-06 15:02:06.478 E/BatteryService( 1073): Processing new values: info={.chargerAcOnline = false, .chargerUsbOnline = true, .chargerWirelessOnline = false, .maxChargingCurrent = 0, .maxChargingVoltage = 0, .batteryStatus = CHARGING, .batteryHealth = GOOD, .batteryPresent = true, .batteryLevel = 88, .batteryVoltage = 4103, .batteryTemperature = 340, .batteryCurrent = -33721, .batteryCycleCount = 0, .batteryFullCharge = 0, .batteryChargeCounter = 0, .batteryTechnology = Li-ion}, mBatteryLevelCritical=false, batteryTemperature=340, mPlugType=2
11-06 15:02:06.479 E/BatteryService( 1073): shutdownIfOverTempLocked batteryTemperature=340
11-06 15:02:06.479 D/BatteryService( 1073): Sending ACTION_BATTERY_CHANGED. scale:100, info:{.chargerAcOnline = false, .chargerUsbOnline = true, .chargerWirelessOnline = false, .maxChargingCurrent = 0, .maxChargingVoltage = 0, .batteryStatus = CHARGING, .batteryHealth = GOOD, .batteryPresent = true, .batteryLevel = 88, .batteryVoltage = 4103, .batteryTemperature = 340, .batteryCurrent = -33721, .batteryCycleCount = 0, .batteryFullCharge = 0, .batteryChargeCounter = 0, .batteryTechnology = Li-ion}
11-06 15:02:06.483 D/QtiCarrierConfigHelper( 2433): WARNING, no carrier configs on phone Id: 0
11-06 15:02:06.483 D/KeyguardUpdateMonitor( 2121): received broadcast android.intent.action.BATTERY_CHANGED
11-06 15:02:06.488 D/KeyguardUpdateMonitor( 2121): handleBatteryUpdate
11-06 15:02:07.539 I/ReactNativeJNI( 6850): Error occurred, shutting down websocket connection: WebSocket exception Failed to connect to localhost/127.0.0.1:8081
11-06 15:02:09.586 I/ReactNativeJNI( 6850): Error occurred, shutting down websocket connection: WebSocket exception Failed to connect to localhost/127.0.0.1:8081
11-06 15:02:09.925 E/WifiClientModeImpl( 1073): ConnectModeState processMessage 131274
11-06 15:02:09.926 V/WifiHAL (  656): WifiVendorCommand 0xb40000743a16fbc0 created vendor_id:0x1374 subcmd:83
11-06 15:02:11.632 I/ReactNativeJNI( 6850): Error occurred, shutting down websocket connection: WebSocket exception Failed to connect to localhost/127.0.0.1:8081
11-06 15:02:14.571 E/        (    0): cw_update_data vol = 4104  cap = 88 temp = 340
11-06 15:02:14.574 I/        (    0): smblite_lib_get_prop_usb_present 1229
11-06 15:02:14.574 I/        (    0): smblite_lib_get_prop_usb_present 1229
11-06 15:02:14.575 E/ALG     (    0): get_time_to_full_locked: failed to get ACT_BATT_CAP rc=-19
11-06 15:02:14.577 W/healthd (    0): battery l=88 v=4104 t=34.0 h=2 st=2 c=-27313 fc=0 cc=0 chg=u
11-06 15:02:14.577 I/        (    0): smblite_lib_get_prop_usb_present 1229
11-06 15:02:14.578 I/        (    0): smblite_lib_get_prop_usb_present 1229
11-06 15:02:14.579 E/ALG     (    0): get_time_to_full_locked: failed to get ACT_BATT_CAP rc=-19
11-06 15:02:13.680 I/ReactNativeJNI( 6850): Error occurred, shutting down websocket connection: WebSocket exception Failed to connect to localhost/127.0.0.1:8081
11-06 15:02:14.666 V/LocSvc_BatteryListener(  628): healthInfoChanged_2_1:236] healthInfoChanged_2_1: 2
11-06 15:02:14.666 V/LocSvc_BatteryListener(  628): healthInfoChanged:225] healthInfoChanged: 2
11-06 15:02:14.669 E/BatteryService( 1073): Processing new values: info={.chargerAcOnline = false, .chargerUsbOnline = true, .chargerWirelessOnline = false, .maxChargingCurrent = 0, .maxChargingVoltage = 0, .batteryStatus = CHARGING, .batteryHealth = GOOD, .batteryPresent = true, .batteryLevel = 88, .batteryVoltage = 4104, .batteryTemperature = 340, .batteryCurrent = -27313, .batteryCycleCount = 0, .batteryFullCharge = 0, .batteryChargeCounter = 0, .batteryTechnology = Li-ion}, mBatteryLevelCritical=false, batteryTemperature=340, mPlugType=2
11-06 15:02:14.669 E/BatteryService( 1073): shutdownIfOverTempLocked batteryTemperature=340
11-06 15:02:14.669 D/BatteryService( 1073): Sending ACTION_BATTERY_CHANGED. scale:100, info:{.chargerAcOnline = false, .chargerUsbOnline = true, .chargerWirelessOnline = false, .maxChargingCurrent = 0, .maxChargingVoltage = 0, .batteryStatus = CHARGING, .batteryHealth = GOOD, .batteryPresent = true, .batteryLevel = 88, .batteryVoltage = 4104, .batteryTemperature = 340, .batteryCurrent = -27313, .batteryCycleCount = 0, .batteryFullCharge = 0, .batteryChargeCounter = 0, .batteryTechnology = Li-ion}
11-06 15:02:14.584 I/        (    0): smblite_lib_get_prop_usb_present 1229
