11-06 14:53:10.562 W/unknown:ViewManagerPropertyUpdater( 6850): Could not find generated setter for class com.swmansion.rnscreens.ScreenContentWrapperManager
11-06 14:53:10.728 W/unknown:ViewManagerPropertyUpdater( 6850): Could not find generated setter for class com.facebook.react.views.debuggingoverlay.DebuggingOverlayManager
11-06 14:53:10.745 W/unknown:ViewManagerPropertyUpdater( 6850): Could not find generated setter for class com.swmansion.gesturehandler.react.RNGestureHandlerButtonViewManager
11-06 14:53:10.766 W/unknown:ViewManagerPropertyUpdater( 6850): Could not find generated setter for class com.facebook.react.views.safeareaview.ReactSafeAreaViewManager
11-06 14:53:10.768 W/unknown:ViewManagerPropertyUpdater( 6850): Could not find generated setter for class com.facebook.react.views.safeareaview.ReactSafeAreaViewShadowNode
11-06 14:53:10.786 W/unknown:ViewManagerPropertyUpdater( 6850): Could not find generated setter for class com.facebook.react.views.modal.ReactModalHostManager
11-06 14:53:10.803 W/unknown:ViewManagerPropertyUpdater( 6850): Could not find generated setter for class com.facebook.react.views.text.frescosupport.FrescoBasedReactTextInlineImageViewManager
11-06 14:53:10.804 W/unknown:ViewManagerPropertyUpdater( 6850): Could not find generated setter for class com.facebook.react.views.text.frescosupport.FrescoBasedReactTextInlineImageShadowNode
11-06 14:53:10.822 W/unknown:ViewManagerPropertyUpdater( 6850): Could not find generated setter for class com.facebook.react.views.progressbar.ReactProgressBarViewManager
11-06 14:53:10.826 W/unknown:ViewManagerPropertyUpdater( 6850): Could not find generated setter for class com.facebook.react.views.progressbar.ProgressBarShadowNode
11-06 14:53:10.841 W/unknown:ViewManagerPropertyUpdater( 6850): Could not find generated setter for class com.facebook.react.views.scroll.ReactHorizontalScrollViewManager
11-06 14:53:10.867 W/unknown:ViewManagerPropertyUpdater( 6850): Could not find generated setter for class com.facebook.react.views.image.ReactImageManager
11-06 14:53:10.887 W/unknown:ViewManagerPropertyUpdater( 6850): Could not find generated setter for class com.facebook.react.views.text.ReactTextViewManager
11-06 14:53:10.894 W/unknown:ViewManagerPropertyUpdater( 6850): Could not find generated setter for class com.facebook.react.views.text.ReactTextShadowNode
11-06 14:53:10.915 W/unknown:ViewManagerPropertyUpdater( 6850): Could not find generated setter for class com.facebook.react.views.scroll.ReactHorizontalScrollContainerViewManager
11-06 14:53:10.930 W/unknown:ViewManagerPropertyUpdater( 6850): Could not find generated setter for class com.facebook.react.views.unimplementedview.ReactUnimplementedViewManager
11-06 14:53:10.947 W/unknown:ViewManagerPropertyUpdater( 6850): Could not find generated setter for class com.facebook.react.views.scroll.ReactScrollViewManager
11-06 14:53:10.969 W/unknown:ViewManagerPropertyUpdater( 6850): Could not find generated setter for class com.facebook.react.views.view.ReactViewManager
11-06 14:53:10.984 W/unknown:ViewManagerPropertyUpdater( 6850): Could not find generated setter for class com.facebook.react.views.drawer.ReactDrawerLayoutManager
11-06 14:53:11.002 W/unknown:ViewManagerPropertyUpdater( 6850): Could not find generated setter for class com.facebook.react.views.switchview.ReactSwitchManager
11-06 14:53:11.007 W/unknown:ViewManagerPropertyUpdater( 6850): Could not find generated setter for class com.facebook.react.views.switchview.ReactSwitchShadowNode
11-06 14:53:11.021 W/unknown:ViewManagerPropertyUpdater( 6850): Could not find generated setter for class com.facebook.react.views.text.ReactVirtualTextViewManager
11-06 14:53:11.022 W/unknown:ViewManagerPropertyUpdater( 6850): Could not find generated setter for class com.facebook.react.views.text.ReactVirtualTextShadowNode
11-06 14:53:11.035 W/unknown:ViewManagerPropertyUpdater( 6850): Could not find generated setter for class com.facebook.react.views.swiperefresh.SwipeRefreshLayoutManager
11-06 14:53:11.056 W/unknown:ViewManagerPropertyUpdater( 6850): Could not find generated setter for class com.facebook.react.views.text.ReactRawTextManager
11-06 14:53:11.058 W/unknown:ViewManagerPropertyUpdater( 6850): Could not find generated setter for class com.facebook.react.views.text.ReactRawTextShadowNode
11-06 14:53:11.063 W/unknown:ViewManagerPropertyUpdater( 6850): Could not find generated setter for class com.facebook.react.views.textinput.ReactTextInputManager
11-06 14:53:11.076 W/unknown:ViewManagerPropertyUpdater( 6850): Could not find generated setter for class com.facebook.react.views.textinput.ReactTextInputShadowNode
11-06 14:53:11.095 W/unknown:ViewManagerPropertyUpdater( 6850): Could not find generated setter for class com.swmansion.gesturehandler.react.RNGestureHandlerRootViewManager
11-06 14:53:11.121 W/BridgelessReactContext( 6850): [WARNING] Bridgeless doesn't support CatalystInstance. Accessing an API that's not part of the new architecture is not encouraged usage.
11-06 14:53:11.139 I/ExpoModulesCore( 6850): ✅ JSI interop was installed
11-06 14:53:11.145 I/ExpoModulesCore( 6850): ✅ Constants were exported
11-06 14:53:11.174 D/audio_hw_primary(  602): out_set_parameters: enter: usecase(1: low-latency-playback) kvpairs: suspend_playback=false
11-06 14:53:11.175 W/audio_hw_primary(  602): out_write: underrun(113) frames_by_time(48245) > out->last_fifo_frames_remaining(384)
11-06 14:53:11.216 D/audio_hw_primary(  602): out_set_parameters: enter: usecase(1: low-latency-playback) kvpairs: suspend_playback=true
11-06 14:53:11.259 I/ReactNativeJS( 6850): Running "main"
11-06 14:53:11.311 W/eussantos.test( 6850): CheckJNI: method to register "installJSIBindings" not in the given class. This is slow, consider changing your RegisterNatives calls.
11-06 14:53:11.600 I/ReactNativeJNI( 6850): Error occurred, shutting down websocket connection: WebSocket exception Failed to connect to localhost/127.0.0.1:8081
11-06 14:53:11.792 I/ActivityTaskManager( 1073): Displayed com.ma1heussantos.teste/.MainActivity: +2s946ms
11-06 14:53:11.826 E/ReactNativeJS( 6850): Error: Call to function 'ExpoAsset.downloadAsync' has been rejected.
11-06 14:53:11.826 E/ReactNativeJS( 6850): → Caused by: Unable to download asset from url: node_modules_expogooglefonts_roboto_400regular_roboto_400regular
11-06 14:53:11.826 E/ReactNativeJS( 6850): 
11-06 14:53:11.826 E/ReactNativeJS( 6850): This error is located at:
11-06 14:53:11.826 E/ReactNativeJS( 6850):     at RootLayout (/tmp/expo-bundler-0.21315876930760402-1762347605303/index.js:109741:44)
11-06 14:53:11.826 E/ReactNativeJS( 6850):     at Try (/tmp/expo-bundler-0.21315876930760402-1762347605303/index.js:78234:22)
11-06 14:53:11.826 E/ReactNativeJS( 6850):     at Suspense (<anonymous>)
11-06 14:53:11.826 E/ReactNativeJS( 6850):     at Route (/tmp/expo-bundler-0.21315876930760402-1762347605303/index.js:76121:24)
11-06 14:53:11.826 E/ReactNativeJS( 6850):     at BaseRoute (/tmp/expo-bundler-0.21315876930760402-1762347605303/index.js:76474:24)
11-06 14:53:11.826 E/ReactNativeJS( 6850):     at StaticContainer (/tmp/expo-bundler-0.21315876930760402-1762347605303/index.js:67289:17)
11-06 14:53:11.826 E/ReactNativeJS( 6850):     at EnsureSingleNavigator (/tmp/expo-bundler-0.21315876930760402-1762347605303/index.js:63281:24)
11-06 14:53:11.826 E/ReactNativeJS( 6850):     at SceneView (/tmp/expo-bundler-0.21315876930760402-1762347605303/index.js:67134:22)
11-06 14:53:11.826 E/ReactNativeJS( 6850):     at PreventRemoveProvider (/tmp/expo-bundler-0.21315876930760402-1762347605303/index.js:65768:25)
11-06 14:53:11.826 E/ReactNativeJS( 6850):     at NavigationContent (/tmp/expo-bundler-0.21315876930760402-1762347605303/index.js:66863:22)
11-06 14:53:11.826 E/ReactNativeJS( 6850):     at anonymous (/tmp/expo-bundler-0.21315876930760402-1762347605303/index.js:66878:27)
11-06 14:53:11.826 E/ReactNativeJS( 6850):     at Content (/tmp/expo-bundler-0.21315876930760402-1762347605303/index.js:85927:51)
11-06 14:53:11.826 E/ReactNativeJS( 6850):     at RNCSafeAreaProvider (<anonymous>)
11-06 14:53:11.826 E/ReactNativeJS( 6850):     at SafeAreaProvider (/tmp/expo-bundler-0.21315876930760402-1762347605303/index.js:72563:24)
11-06 14:53:11.826 E/ReactNativeJS( 6850):     at wrapper (/tmp/expo-bundler-0.21315876930760402-1762347605303/index.js:85842:27)
11-06 14:53:11.826 E/ReactNativeJS( 6850):     at ThemeProvider (/tmp/expo-bundler-0.21315876930760402-1762347605303/index.js:63413:21)
11-06 14:53:11.826 E/ReactNativeJS( 6850):     at EnsureSingleNavigator (/tmp/expo-bundler-0.21315876930760402-1762347605303/index.js:63281:24)
11-06 14:53:11.826 E/ReactNativeJS( 6850):     at BaseNavigationContainer (/tmp/expo-bundler-0.21315876930760402-1762347605303/index.js:61611:28)
11-06 14:53:11.826 E/ReactNativeJS( 6850):     at NavigationContainerInner (/tmp/expo-bundler-0.21315876930760402-1762347605303/index.js:86064:30)
11-06 14:53:11.826 E/ReactNativeJS( 6850):     at ContextNavigator (/tmp/expo-bundler-0.21315876930760402-1762347605303/index.js:85863:24)
11-06 14:53:11.826 E/ReactNativeJS( 6850):     at ExpoRoot (/tmp/expo-bundler-0.21315876930760402-1762347605303/index.js:85833:28)
11-06 14:53:11.826 E/ReactNativeJS( 6850):     at App (<anonymous>)
11-06 14:53:11.826 E/ReactNativeJS( 6850):     at RCTView (<anonymous>)
11-06 14:53:11.826 E/ReactNativeJS( 6850):     at anonymous (/tmp/expo-bundler-0.21315876930760402-1762347605303/index.js:33265:43)
11-06 14:53:11.826 E/ReactNativeJS( 6850):     at AppContainer (/tmp/expo-bundler-0.21315876930760402-1762347605303/index.js:33221:24), js engine: hermes
11-06 14:53:11.840 E/unknown:ReactNative( 6850): Error: Call to function 'ExpoAsset.downloadAsync' has been rejected.
11-06 14:53:11.840 E/unknown:ReactNative( 6850): → Caused by: Unable to download asset from url: node_modules_expogooglefonts_roboto_400regular_roboto_400regular
11-06 14:53:11.840 E/unknown:ReactNative( 6850): 
11-06 14:53:11.840 E/unknown:ReactNative( 6850): This error is located at:
11-06 14:53:11.840 E/unknown:ReactNative( 6850):     at RootLayout (/tmp/expo-bundler-0.21315876930760402-1762347605303/index.js:109741:44)
11-06 14:53:11.840 E/unknown:ReactNative( 6850):     at Try (/tmp/expo-bundler-0.21315876930760402-1762347605303/index.js:78234:22)
11-06 14:53:11.840 E/unknown:ReactNative( 6850):     at Suspense (<anonymous>)
11-06 14:53:11.840 E/unknown:ReactNative( 6850):     at Route (/tmp/expo-bundler-0.21315876930760402-1762347605303/index.js:76121:24)
11-06 14:53:11.840 E/unknown:ReactNative( 6850):     at BaseRoute (/tmp/expo-bundler-0.21315876930760402-1762347605303/index.js:76474:24)
11-06 14:53:11.840 E/unknown:ReactNative( 6850):     at StaticContainer (/tmp/expo-bundler-0.21315876930760402-1762347605303/index.js:67289:17)
11-06 14:53:11.840 E/unknown:ReactNative( 6850):     at EnsureSingleNavigator (/tmp/expo-bundler-0.21315876930760402-1762347605303/index.js:63281:24)
11-06 14:53:11.840 E/unknown:ReactNative( 6850):     at SceneView (/tmp/expo-bundler-0.21315876930760402-1762347605303/index.js:67134:22)
11-06 14:53:11.840 E/unknown:ReactNative( 6850):     at PreventRemoveProvider (/tmp/expo-bundler-0.21315876930760402-1762347605303/index.js:65768:25)
11-06 14:53:11.840 E/unknown:ReactNative( 6850):     at NavigationContent (/tmp/expo-bundler-0.21315876930760402-1762347605303/index.js:66863:22)
11-06 14:53:11.840 E/unknown:ReactNative( 6850):     at anonymous (/tmp/expo-bundler-0.21315876930760402-1762347605303/index.js:66878:27)
11-06 14:53:11.840 E/unknown:ReactNative( 6850):     at Content (/tmp/expo-bundler-0.21315876930760402-1762347605303/index.js:85927:51)
11-06 14:53:11.840 E/unknown:ReactNative( 6850):     at RNCSafeAreaProvider (<anonymous>)
11-06 14:53:11.840 E/unknown:ReactNative( 6850):     at SafeAreaProvider (/tmp/expo-bundler-0.21315876930760402-1762347605303/index.js:72563:24)
11-06 14:53:11.840 E/unknown:ReactNative( 6850):     at wrapper (/tmp/expo-bundler-0.21315876930760402-1762347605303/index.js:85842:27)
11-06 14:53:11.840 E/unknown:ReactNative( 6850):     at ThemeProvider (/tmp/expo-bundler-0.21315876930760402-1762347605303/index.js:63413:21)
11-06 14:53:11.840 E/unknown:ReactNative( 6850):     at EnsureSingleNavigator (/tmp/expo-bundler-0.21315876930760402-1762347605303/index.js:63281:24)
11-06 14:53:11.840 E/unknown:ReactNative( 6850):     at BaseNavigationContainer (/tmp/expo-bundler-0.21315876930760402-1762347605303/index.js:61611:28)
11-06 14:53:11.840 E/unknown:ReactNative( 6850):     at NavigationContainerInner (/tmp/expo-bundler-0.21315876930760402-1762347605303/index.js:86064:30)
11-06 14:53:11.840 E/unknown:ReactNative( 6850):     at ContextNavigator (/tmp/expo-bundler-0.21315876930760402-1762347605303/index.js:85863:24)
11-06 14:53:11.840 E/unknown:ReactNative( 6850):     at ExpoRoot (/tmp/expo-bundler-0.21315876930760402-1762347605303/index.js:85833:28)
11-06 14:53:11.840 E/unknown:ReactNative( 6850):     at App (<anonymous>)
11-06 14:53:11.840 E/unknown:ReactNative( 6850):     at RCTView (<anonymous>)
11-06 14:53:11.840 E/unknown:ReactNative( 6850):     at anonymous (/tmp/expo-bundler-0.21315876930760402-1762347605303/index.js:33265:43)
11-06 14:53:11.840 E/unknown:ReactNative( 6850):     at AppContainer (/tmp/expo-bundler-0.21315876930760402-1762347605303/index.js:33221:24), js engine: hermes, stack:
11-06 14:53:11.840 E/unknown:ReactNative( 6850): _construct@5702:66
11-06 14:53:11.840 E/unknown:ReactNative( 6850): Wrapper@5674:24
11-06 14:53:11.840 E/unknown:ReactNative( 6850): _callSuper@58419:169
11-06 14:53:11.840 E/unknown:ReactNative( 6850): CodedError@58430:24
11-06 14:53:11.929 E/TaskPersister( 1073): File error accessing recents directory (directory doesn't exist?).
11-06 14:53:12.217 D/audio_hw_primary(  602): out_set_parameters: enter: usecase(1: low-latency-playback) kvpairs: suspend_playback=false
11-06 14:53:12.219 D/audio_hw_primary(  602): out_standby: enter: stream (0xeeac64c0) usecase(1: low-latency-playback)
11-06 14:53:12.196 E/[Awinic] aw87xxx_set_profile(    0): not found struct aw87xxx, dev_index = [0]
11-06 14:53:12.196 E/[Awinic] aw87xxx_pa_dev_0_event(    0): set profile[Off] failed
11-06 14:53:12.196 E/rouleur_codec rouleur-codec(    0): ASoC: POST_PMD: AW87XXX event failed: -22
11-06 14:53:12.198 I/afe_close(    0): port_id = 0xb030
11-06 14:53:12.288 D/audio_hw_primary(  602): disable_audio_route: reset and update mixer path: low-latency-playback
11-06 14:53:12.289 D/soundtrigger(  602): audio_extn_sound_trigger_update_stream_status: uc_info->id 1 of type 0 for Event 2, with Raise=0
11-06 14:53:12.290 D/hardware_info(  602): hw_info_append_hw_type : device_name = speaker
11-06 14:53:12.290 D/audio_hw_primary(  602): disable_snd_device: snd_device(2: speaker)
11-06 14:53:12.297 I/soundtrigger(  602): audio_extn_sound_trigger_update_device_status: device 0x2 of type 0 for Event 0, with Raise=0
11-06 14:53:12.303 I/system_server( 1073): oneway function results will be dropped but finished with status OK and parcel size 4
11-06 14:53:12.827 D/QCNEJ/WlanStaInfoRelay( 2379): Received action: android.net.wifi.RSSI_CHANGED
11-06 14:53:13.612 I/ReactNativeJNI( 6850): Error occurred, shutting down websocket connection: WebSocket exception Failed to connect to localhost/127.0.0.1:8081
11-06 14:53:13.836 E/[schedu][0xaf15feab40][14:53:13.921439] wlan(    0): [1855:E:WMA] wma_roam_stats_event_handler: Roam 11kv stats extract failed vdev 0
11-06 14:53:13.898 E/        (    0): cw_update_data vol = 4079  cap = 87 temp = 340
11-06 14:53:13.901 I/        (    0): smblite_lib_get_prop_usb_present 1229
11-06 14:53:13.906 E/ALG     (    0): get_time_to_full_locked: failed to get ACT_BATT_CAP rc=-19
11-06 14:53:13.909 W/healthd (    0): battery l=87 v=4079 t=34.0 h=2 st=2 c=-205383 fc=0 cc=0 chg=u
11-06 14:53:13.911 I/        (    0): smblite_lib_get_prop_usb_present 1229
11-06 14:53:13.999 V/LocSvc_BatteryListener(  628): healthInfoChanged_2_1:236] healthInfoChanged_2_1: 2
11-06 14:53:14.000 V/LocSvc_BatteryListener(  628): healthInfoChanged:225] healthInfoChanged: 2
11-06 14:53:13.911 I/chatty  (    0): uid=0(root) logd identical 1 line
11-06 14:53:13.912 I/        (    0): smblite_lib_get_prop_usb_present 1229
11-06 14:53:13.912 E/ALG     (    0): get_time_to_full_locked: failed to get ACT_BATT_CAP rc=-19
11-06 14:53:14.002 E/BatteryService( 1073): Processing new values: info={.chargerAcOnline = false, .chargerUsbOnline = true, .chargerWirelessOnline = false, .maxChargingCurrent = 0, .maxChargingVoltage = 0, .batteryStatus = CHARGING, .batteryHealth = GOOD, .batteryPresent = true, .batteryLevel = 87, .batteryVoltage = 4079, .batteryTemperature = 340, .batteryCurrent = -205383, .batteryCycleCount = 0, .batteryFullCharge = 0, .batteryChargeCounter = 0, .batteryTechnology = Li-ion}, mBatteryLevelCritical=false, batteryTemperature=340, mPlugType=2
11-06 14:53:14.002 E/BatteryService( 1073): shutdownIfOverTempLocked batteryTemperature=340
11-06 14:53:14.003 D/BatteryService( 1073): Sending ACTION_BATTERY_CHANGED. scale:100, info:{.chargerAcOnline = false, .chargerUsbOnline = true, .chargerWirelessOnline = false, .maxChargingCurrent = 0, .maxChargingVoltage = 0, .batteryStatus = CHARGING, .batteryHealth = GOOD, .batteryPresent = true, .batteryLevel = 87, .batteryVoltage = 4079, .batteryTemperature = 340, .batteryCurrent = -205383, .batteryCycleCount = 0, .batteryFullCharge = 0, .batteryChargeCounter = 0, .batteryTechnology = Li-ion}
11-06 14:53:13.916 I/        (    0): smblite_lib_get_prop_usb_present 1229
11-06 14:53:14.010 D/KeyguardUpdateMonitor( 2121): received broadcast android.intent.action.BATTERY_CHANGED
11-06 14:53:14.014 D/QtiCarrierConfigHelper( 2433): WARNING, no carrier configs on phone Id: 0
11-06 14:53:14.017 D/KeyguardUpdateMonitor( 2121): handleBatteryUpdate
11-06 14:53:15.623 I/ReactNativeJNI( 6850): Error occurred, shutting down websocket connection: WebSocket exception Failed to connect to localhost/127.0.0.1:8081
11-06 14:53:15.873 D/QCNEJ/WlanStaInfoRelay( 2379): Received action: android.net.wifi.RSSI_CHANGED
11-06 14:53:16.009 I/ndroid.systemu( 2121): NativeAlloc concurrent copying GC freed 27302(1272KB) AllocSpace objects, 0(0B) LOS objects, 49% free, 3396KB/6793KB, paused 131us total 119.621ms
11-06 14:53:17.633 I/ReactNativeJNI( 6850): Error occurred, shutting down websocket connection: WebSocket exception Failed to connect to localhost/127.0.0.1:8081
11-06 14:53:18.911 D/QCNEJ/WlanStaInfoRelay( 2379): Received action: android.net.wifi.RSSI_CHANGED
11-06 14:53:19.645 I/ReactNativeJNI( 6850): Error occurred, shutting down websocket connection: WebSocket exception Failed to connect to localhost/127.0.0.1:8081
11-06 14:53:22.093 E/        (    0): cw_update_data vol = 4079  cap = 87 temp = 340
11-06 14:53:22.096 I/        (    0): smblite_lib_get_prop_usb_present 1229
11-06 14:53:22.101 I/chatty  (    0): uid=0(root) logd identical 3 lines
11-06 14:53:22.102 I/        (    0): smblite_lib_get_prop_usb_present 1229
11-06 14:53:22.103 E/ALG     (    0): get_time_to_full_locked: failed to get ACT_BATT_CAP rc=-19
11-06 14:53:22.105 W/healthd (    0): battery l=87 v=4079 t=34.0 h=2 st=2 c=-235595 fc=0 cc=0 chg=u
11-06 14:53:22.107 E/ALG     (    0): get_time_to_full_locked: failed to get ACT_BATT_CAP rc=-19
11-06 14:53:21.653 I/ReactNativeJNI( 6850): Error occurred, shutting down websocket connection: WebSocket exception Failed to connect to localhost/127.0.0.1:8081
11-06 14:53:22.196 V/LocSvc_BatteryListener(  628): healthInfoChanged_2_1:236] healthInfoChanged_2_1: 2
11-06 14:53:22.196 V/LocSvc_BatteryListener(  628): healthInfoChanged:225] healthInfoChanged: 2
11-06 14:53:22.197 E/BatteryService( 1073): Processing new values: info={.chargerAcOnline = false, .chargerUsbOnline = true, .chargerWirelessOnline = false, .maxChargingCurrent = 0, .maxChargingVoltage = 0, .batteryStatus = CHARGING, .batteryHealth = GOOD, .batteryPresent = true, .batteryLevel = 87, .batteryVoltage = 4079, .batteryTemperature = 340, .batteryCurrent = -235595, .batteryCycleCount = 0, .batteryFullCharge = 0, .batteryChargeCounter = 0, .batteryTechnology = Li-ion}, mBatteryLevelCritical=false, batteryTemperature=340, mPlugType=2
11-06 14:53:22.198 E/BatteryService( 1073): shutdownIfOverTempLocked batteryTemperature=340
11-06 14:53:23.666 I/ReactNativeJNI( 6850): Error occurred, shutting down websocket connection: WebSocket exception Failed to connect to localhost/127.0.0.1:8081
11-06 14:53:23.811 I/eussantos.test( 6850): Background concurrent copying GC freed 18385(1029KB) AllocSpace objects, 2(40KB) LOS objects, 49% free, 4349KB/8699KB, paused 132us total 148.775ms
11-06 14:53:25.669 I/ReactNativeJNI( 6850): Error occurred, shutting down websocket connection: WebSocket exception Failed to connect to localhost/127.0.0.1:8081
11-06 14:53:30.283 E/        (    0): cw_update_data vol = 4081  cap = 87 temp = 340
11-06 14:53:30.287 I/        (    0): smblite_lib_get_prop_usb_present 1229
11-06 14:53:30.287 I/        (    0): smblite_lib_get_prop_usb_present 1229
11-06 14:53:30.287 E/ALG     (    0): get_time_to_full_locked: failed to get ACT_BATT_CAP rc=-19
11-06 14:53:30.289 W/healthd (    0): battery l=87 v=4081 t=34.0 h=2 st=2 c=-194091 fc=0 cc=0 chg=u
11-06 14:53:30.291 E/ALG     (    0): get_time_to_full_locked: failed to get ACT_BATT_CAP rc=-19
11-06 14:53:27.680 I/chatty  ( 6850): uid=10094(u0_a94) com.ma1heussantos.teste identical 1 line
11-06 14:53:29.686 I/ReactNativeJNI( 6850): Error occurred, shutting down websocket connection: WebSocket exception Failed to connect to localhost/127.0.0.1:8081
11-06 14:53:30.378 V/LocSvc_BatteryListener(  628): healthInfoChanged_2_1:236] healthInfoChanged_2_1: 2
11-06 14:53:30.378 V/LocSvc_BatteryListener(  628): healthInfoChanged:225] healthInfoChanged: 2
11-06 14:53:30.379 E/BatteryService( 1073): Processing new values: info={.chargerAcOnline = false, .chargerUsbOnline = true, .chargerWirelessOnline = false, .maxChargingCurrent = 0, .maxChargingVoltage = 0, .batteryStatus = CHARGING, .batteryHealth = GOOD, .batteryPresent = true, .batteryLevel = 87, .batteryVoltage = 4081, .batteryTemperature = 340, .batteryCurrent = -194091, .batteryCycleCount = 0, .batteryFullCharge = 0, .batteryChargeCounter = 0, .batteryTechnology = Li-ion}, mBatteryLevelCritical=false, batteryTemperature=340, mPlugType=2
11-06 14:53:30.295 I/        (    0): smblite_lib_get_prop_usb_present 1229
11-06 14:53:30.380 E/BatteryService( 1073): shutdownIfOverTempLocked batteryTemperature=340
11-06 14:53:30.380 D/BatteryService( 1073): Sending ACTION_BATTERY_CHANGED. scale:100, info:{.chargerAcOnline = false, .chargerUsbOnline = true, .chargerWirelessOnline = false, .maxChargingCurrent = 0, .maxChargingVoltage = 0, .batteryStatus = CHARGING, .batteryHealth = GOOD, .batteryPresent = true, .batteryLevel = 87, .batteryVoltage = 4081, .batteryTemperature = 340, .batteryCurrent = -194091, .batteryCycleCount = 0, .batteryFullCharge = 0, .batteryChargeCounter = 0, .batteryTechnology = Li-ion}
11-06 14:53:30.386 D/QtiCarrierConfigHelper( 2433): WARNING, no carrier configs on phone Id: 0
11-06 14:53:30.387 D/KeyguardUpdateMonitor( 2121): received broadcast android.intent.action.BATTERY_CHANGED
11-06 14:53:30.391 D/KeyguardUpdateMonitor( 2121): handleBatteryUpdate
11-06 14:53:30.788 E/ActivityManager( 1073): Sending non-protected broadcast CHECK_CONNECTION from system uid 1000 pkg br.com.gertec.service
11-06 14:53:30.788 E/ActivityManager( 1073): java.lang.Throwable
11-06 14:53:30.788 E/ActivityManager( 1073): 	at com.android.server.am.ActivityManagerService.checkBroadcastFromSystem(ActivityManagerService.java:16129)
11-06 14:53:30.788 E/ActivityManager( 1073): 	at com.android.server.am.ActivityManagerService.broadcastIntentLocked(ActivityManagerService.java:16800)
11-06 14:53:30.788 E/ActivityManager( 1073): 	at com.android.server.am.ActivityManagerService.broadcastIntentInPackage(ActivityManagerService.java:16979)
11-06 14:53:30.788 E/ActivityManager( 1073): 	at com.android.server.am.ActivityManagerService$LocalService.broadcastIntentInPackage(ActivityManagerService.java:19647)
11-06 14:53:30.788 E/ActivityManager( 1073): 	at com.android.server.am.PendingIntentRecord.sendInner(PendingIntentRecord.java:462)
11-06 14:53:30.788 E/ActivityManager( 1073): 	at com.android.server.am.PendingIntentRecord.sendWithResult(PendingIntentRecord.java:285)
11-06 14:53:30.788 E/ActivityManager( 1073): 	at com.android.server.am.ActivityManagerService.sendIntentSender(ActivityManagerService.java:5863)
11-06 14:53:30.788 E/ActivityManager( 1073): 	at android.app.PendingIntent.sendAndReturnResult(PendingIntent.java:913)
11-06 14:53:30.788 E/ActivityManager( 1073): 	at android.app.PendingIntent.send(PendingIntent.java:884)
11-06 14:53:30.788 E/ActivityManager( 1073): 	at com.android.server.AlarmManagerService$DeliveryTracker.deliverLocked(AlarmManagerService.java:4760)
11-06 14:53:30.788 E/ActivityManager( 1073): 	at com.android.server.AlarmManagerService.deliverAlarmsLocked(AlarmManagerService.java:3884)
11-06 14:53:30.788 E/ActivityManager( 1073): 	at com.android.server.AlarmManagerService$AlarmThread.run(AlarmManagerService.java:4128)
11-06 14:53:30.793 I/DropBoxManagerService( 1073): add tag=system_server_wtf isTagEnabled=true flags=0x2
11-06 14:53:30.804 D/CompatibilityInfo( 1073): mCompatibilityFlags - 10
11-06 14:53:30.804 D/CompatibilityInfo( 1073): applicationDensity - 320
11-06 14:53:30.804 D/CompatibilityInfo( 1073): applicationScale - 1.0
11-06 14:53:30.809 I/br.com.gertec.service.AlarmReceiver( 3532): onReceive: CHECK_CONNECTION
11-06 14:53:31.699 I/ReactNativeJNI( 6850): Error occurred, shutting down websocket connection: WebSocket exception Failed to connect to localhost/127.0.0.1:8081
11-06 14:53:33.706 I/ReactNativeJNI( 6850): Error occurred, shutting down websocket connection: WebSocket exception Failed to connect to localhost/127.0.0.1:8081
11-06 14:53:34.090 D/QCNEJ/WlanStaInfoRelay( 2379): Received action: android.net.wifi.RSSI_CHANGED
11-06 14:53:35.719 I/ReactNativeJNI( 6850): Error occurred, shutting down websocket connection: WebSocket exception Failed to connect to localhost/127.0.0.1:8081
11-06 14:53:30.296 I/chatty  (    0): uid=0(root) logd identical 1 line
11-06 14:53:30.296 I/        (    0): smblite_lib_get_prop_usb_present 1229
11-06 14:53:37.447 E/cw_reset_charger_timer(801) tm(    0): 104830
11-06 14:53:38.475 E/        (    0): cw_update_data vol = 4080  cap = 87 temp = 340
11-06 14:53:38.479 I/        (    0): smblite_lib_get_prop_usb_present 1229
11-06 14:53:38.479 E/ALG     (    0): get_time_to_full_locked: failed to get ACT_BATT_CAP rc=-19
11-06 14:53:38.479 I/        (    0): smblite_lib_get_prop_usb_present 1229
11-06 14:53:37.733 I/ReactNativeJNI( 6850): Error occurred, shutting down websocket connection: WebSocket exception Failed to connect to localhost/127.0.0.1:8081
11-06 14:53:38.571 V/LocSvc_BatteryListener(  628): healthInfoChanged_2_1:236] healthInfoChanged_2_1: 2
11-06 14:53:38.571 V/LocSvc_BatteryListener(  628): healthInfoChanged:225] healthInfoChanged: 2
11-06 14:53:38.480 I/chatty  (    0): uid=0(root) logd identical 1 line
11-06 14:53:38.480 I/        (    0): smblite_lib_get_prop_usb_present 1229
11-06 14:53:38.481 W/healthd (    0): battery l=87 v=4080 t=34.0 h=2 st=2 c=-197754 fc=0 cc=0 chg=u
11-06 14:53:38.482 I/        (    0): smblite_lib_get_prop_usb_present 1229
11-06 14:53:38.484 E/ALG     (    0): get_time_to_full_locked: failed to get ACT_BATT_CAP rc=-19
11-06 14:53:38.572 E/BatteryService( 1073): Processing new values: info={.chargerAcOnline = false, .chargerUsbOnline = true, .chargerWirelessOnline = false, .maxChargingCurrent = 0, .maxChargingVoltage = 0, .batteryStatus = CHARGING, .batteryHealth = GOOD, .batteryPresent = true, .batteryLevel = 87, .batteryVoltage = 4080, .batteryTemperature = 340, .batteryCurrent = -197754, .batteryCycleCount = 0, .batteryFullCharge = 0, .batteryChargeCounter = 0, .batteryTechnology = Li-ion}, mBatteryLevelCritical=false, batteryTemperature=340, mPlugType=2
11-06 14:53:38.572 E/BatteryService( 1073): shutdownIfOverTempLocked batteryTemperature=340
11-06 14:53:38.573 D/BatteryService( 1073): Sending ACTION_BATTERY_CHANGED. scale:100, info:{.chargerAcOnline = false, .chargerUsbOnline = true, .chargerWirelessOnline = false, .maxChargingCurrent = 0, .maxChargingVoltage = 0, .batteryStatus = CHARGING, .batteryHealth = GOOD, .batteryPresent = true, .batteryLevel = 87, .batteryVoltage = 4080, .batteryTemperature = 340, .batteryCurrent = -197754, .batteryCycleCount = 0, .batteryFullCharge = 0, .batteryChargeCounter = 0, .batteryTechnology = Li-ion}
11-06 14:53:38.577 D/KeyguardUpdateMonitor( 2121): received broadcast android.intent.action.BATTERY_CHANGED
11-06 14:53:38.578 D/QtiCarrierConfigHelper( 2433): WARNING, no carrier configs on phone Id: 0
11-06 14:53:38.590 D/KeyguardUpdateMonitor( 2121): handleBatteryUpdate
11-06 14:53:39.744 I/ReactNativeJNI( 6850): Error occurred, shutting down websocket connection: WebSocket exception Failed to connect to localhost/127.0.0.1:8081
11-06 14:53:40.170 D/QCNEJ/WlanStaInfoRelay( 2379): Received action: android.net.wifi.RSSI_CHANGED
11-06 14:53:41.230 E/ALG     (    0): get_time_to_full_locked: failed to get ACT_BATT_CAP rc=-19
11-06 14:53:41.231 W/healthd (    0): battery l=87 v=4080 t=34.0 h=2 st=2 c=-210113 fc=0 cc=0 chg=u
11-06 14:53:41.234 E/ALG     (    0): get_time_to_full_locked: failed to get ACT_BATT_CAP rc=-19
11-06 14:53:41.321 V/LocSvc_BatteryListener(  628): healthInfoChanged_2_1:236] healthInfoChanged_2_1: 2
11-06 14:53:41.321 V/LocSvc_BatteryListener(  628): healthInfoChanged:225] healthInfoChanged: 2
11-06 14:53:41.322 E/BatteryService( 1073): Processing new values: info={.chargerAcOnline = false, .chargerUsbOnline = true, .chargerWirelessOnline = false, .maxChargingCurrent = 0, .maxChargingVoltage = 0, .batteryStatus = CHARGING, .batteryHealth = GOOD, .batteryPresent = true, .batteryLevel = 87, .batteryVoltage = 4080, .batteryTemperature = 340, .batteryCurrent = -210113, .batteryCycleCount = 0, .batteryFullCharge = 0, .batteryChargeCounter = 0, .batteryTechnology = Li-ion}, mBatteryLevelCritical=false, batteryTemperature=340, mPlugType=2
11-06 14:53:41.322 E/BatteryService( 1073): shutdownIfOverTempLocked batteryTemperature=340
11-06 14:53:41.747 I/ReactNativeJNI( 6850): Error occurred, shutting down websocket connection: WebSocket exception Failed to connect to localhost/127.0.0.1:8081
11-06 14:53:43.755 I/chatty  ( 6850): uid=10094(u0_a94) com.ma1heussantos.teste identical 1 line
11-06 14:53:45.761 I/ReactNativeJNI( 6850): Error occurred, shutting down websocket connection: WebSocket exception Failed to connect to localhost/127.0.0.1:8081
11-06 14:53:45.890 D/br.com.gertec.service.AlarmReceiver( 3532): serviceState : NULL
11-06 14:53:46.669 E/        (    0): cw_update_data vol = 4079  cap = 87 temp = 340
11-06 14:53:46.672 I/        (    0): smblite_lib_get_prop_usb_present 1229
11-06 14:53:46.673 I/chatty  (    0): uid=0(root) logd identical 2 lines
11-06 14:53:46.674 I/        (    0): smblite_lib_get_prop_usb_present 1229
11-06 14:53:46.678 E/ALG     (    0): get_time_to_full_locked: failed to get ACT_BATT_CAP rc=-19
11-06 14:53:46.681 W/healthd (    0): battery l=87 v=4079 t=34.0 h=2 st=2 c=-187530 fc=0 cc=0 chg=u
11-06 14:53:46.684 E/ALG     (    0): get_time_to_full_locked: failed to get ACT_BATT_CAP rc=-19
11-06 14:53:46.685 I/        (    0): smblite_lib_get_prop_usb_present 1229
11-06 14:53:46.773 V/LocSvc_BatteryListener(  628): healthInfoChanged_2_1:236] healthInfoChanged_2_1: 2
11-06 14:53:46.773 V/LocSvc_BatteryListener(  628): healthInfoChanged:225] healthInfoChanged: 2
11-06 14:53:46.775 E/BatteryService( 1073): Processing new values: info={.chargerAcOnline = false, .chargerUsbOnline = true, .chargerWirelessOnline = false, .maxChargingCurrent = 0, .maxChargingVoltage = 0, .batteryStatus = CHARGING, .batteryHealth = GOOD, .batteryPresent = true, .batteryLevel = 87, .batteryVoltage = 4079, .batteryTemperature = 340, .batteryCurrent = -187530, .batteryCycleCount = 0, .batteryFullCharge = 0, .batteryChargeCounter = 0, .batteryTechnology = Li-ion}, mBatteryLevelCritical=false, batteryTemperature=340, mPlugType=2
11-06 14:53:46.776 E/BatteryService( 1073): shutdownIfOverTempLocked batteryTemperature=340
11-06 14:53:46.776 D/BatteryService( 1073): Sending ACTION_BATTERY_CHANGED. scale:100, info:{.chargerAcOnline = false, .chargerUsbOnline = true, .chargerWirelessOnline = false, .maxChargingCurrent = 0, .maxChargingVoltage = 0, .batteryStatus = CHARGING, .batteryHealth = GOOD, .batteryPresent = true, .batteryLevel = 87, .batteryVoltage = 4079, .batteryTemperature = 340, .batteryCurrent = -187530, .batteryCycleCount = 0, .batteryFullCharge = 0, .batteryChargeCounter = 0, .batteryTechnology = Li-ion}
11-06 14:53:46.781 D/QtiCarrierConfigHelper( 2433): WARNING, no carrier configs on phone Id: 0
11-06 14:53:46.781 D/KeyguardUpdateMonitor( 2121): received broadcast android.intent.action.BATTERY_CHANGED
11-06 14:53:46.787 D/KeyguardUpdateMonitor( 2121): handleBatteryUpdate
11-06 14:53:47.771 I/ReactNativeJNI( 6850): Error occurred, shutting down websocket connection: WebSocket exception Failed to connect to localhost/127.0.0.1:8081
11-06 14:53:49.286 D/QCNEJ/WlanStaInfoRelay( 2379): Received action: android.net.wifi.RSSI_CHANGED
11-06 14:53:49.547 I/br.com.gertec.service.BatteryLevelService( 3532): Nível da bateria: 87
11-06 14:53:49.548 W/ContextImpl( 3532): Calling a method in the system process without a qualified user: android.app.ContextImpl.stopService:1681 android.content.ContextWrapper.stopService:730 br.com.gertec.service.BatteryLevelService.f:7 br.com.gertec.service.BatteryLevelService$a.run:88 android.os.Handler.handleCallback:938 
11-06 14:53:49.772 I/ReactNativeJNI( 6850): Error occurred, shutting down websocket connection: WebSocket exception Failed to connect to localhost/127.0.0.1:8081
11-06 14:53:51.783 I/ReactNativeJNI( 6850): Error occurred, shutting down websocket connection: WebSocket exception Failed to connect to localhost/127.0.0.1:8081
11-06 14:53:52.342 D/QCNEJ/WlanStaInfoRelay( 2379): Received action: android.net.wifi.RSSI_CHANGED
11-06 14:53:53.792 I/ReactNativeJNI( 6850): Error occurred, shutting down websocket connection: WebSocket exception Failed to connect to localhost/127.0.0.1:8081
11-06 14:53:54.858 E/        (    0): cw_update_data vol = 4080  cap = 87 temp = 340
11-06 14:53:54.861 I/        (    0): smblite_lib_get_prop_usb_present 1229
11-06 14:53:54.865 I/chatty  (    0): uid=0(root) logd identical 3 lines
11-06 14:53:54.866 I/        (    0): smblite_lib_get_prop_usb_present 1229
11-06 14:53:54.870 E/ALG     (    0): get_time_to_full_locked: failed to get ACT_BATT_CAP rc=-19
11-06 14:53:54.871 W/healthd (    0): battery l=87 v=4080 t=34.0 h=2 st=2 c=-209503 fc=0 cc=0 chg=u
11-06 14:53:54.875 E/ALG     (    0): get_time_to_full_locked: failed to get ACT_BATT_CAP rc=-19
11-06 14:53:54.963 V/LocSvc_BatteryListener(  628): healthInfoChanged_2_1:236] healthInfoChanged_2_1: 2
11-06 14:53:54.963 V/LocSvc_BatteryListener(  628): healthInfoChanged:225] healthInfoChanged: 2
11-06 14:53:54.964 E/BatteryService( 1073): Processing new values: info={.chargerAcOnline = false, .chargerUsbOnline = true, .chargerWirelessOnline = false, .maxChargingCurrent = 0, .maxChargingVoltage = 0, .batteryStatus = CHARGING, .batteryHealth = GOOD, .batteryPresent = true, .batteryLevel = 87, .batteryVoltage = 4080, .batteryTemperature = 340, .batteryCurrent = -209503, .batteryCycleCount = 0, .batteryFullCharge = 0, .batteryChargeCounter = 0, .batteryTechnology = Li-ion}, mBatteryLevelCritical=false, batteryTemperature=340, mPlugType=2
11-06 14:53:54.964 E/BatteryService( 1073): shutdownIfOverTempLocked batteryTemperature=340
11-06 14:53:54.965 D/BatteryService( 1073): Sending ACTION_BATTERY_CHANGED. scale:100, info:{.chargerAcOnline = false, .chargerUsbOnline = true, .chargerWirelessOnline = false, .maxChargingCurrent = 0, .maxChargingVoltage = 0, .batteryStatus = CHARGING, .batteryHealth = GOOD, .batteryPresent = true, .batteryLevel = 87, .batteryVoltage = 4080, .batteryTemperature = 340, .batteryCurrent = -209503, .batteryCycleCount = 0, .batteryFullCharge = 0, .batteryChargeCounter = 0, .batteryTechnology = Li-ion}
11-06 14:53:54.969 D/QtiCarrierConfigHelper( 2433): WARNING, no carrier configs on phone Id: 0
11-06 14:53:54.971 D/KeyguardUpdateMonitor( 2121): received broadcast android.intent.action.BATTERY_CHANGED
11-06 14:53:54.975 D/KeyguardUpdateMonitor( 2121): handleBatteryUpdate
11-06 14:53:55.801 I/ReactNativeJNI( 6850): Error occurred, shutting down websocket connection: WebSocket exception Failed to connect to localhost/127.0.0.1:8081
11-06 14:53:57.262 W/Choreographer( 6850): Frame time is 9.01E-4 ms in the future!  Check that graphics HAL is generating vsync timestamps using the correct timebase.
11-06 14:53:57.807 I/ReactNativeJNI( 6850): Error occurred, shutting down websocket connection: WebSocket exception Failed to connect to localhost/127.0.0.1:8081
11-06 14:53:58.418 D/QCNEJ/WlanStaInfoRelay( 2379): Received action: android.net.wifi.RSSI_CHANGED
11-06 14:53:59.815 I/ReactNativeJNI( 6850): Error occurred, shutting down websocket connection: WebSocket exception Failed to connect to localhost/127.0.0.1:8081
11-06 14:54:00.007 D/KeyguardUpdateMonitor( 2121): received broadcast android.intent.action.TIME_TICK
11-06 14:54:00.008 I/StatusBarTime( 2121): Clock, isFirstRecoveryCompleted, evtExist == false
11-06 14:54:00.009 I/StatusBarTime( 2121): Clock, isFirstRecoveryCompleted, kernelExist == false
11-06 14:54:00.009 I/StatusBarTime( 2121): Clock, isFirstRecoveryCompleted, nativeExist == false
11-06 14:54:00.009 I/StatusBarTime( 2121): Clock, updateClock, firstRecoveryCompletedFlag == true
11-06 14:54:00.011 I/StatusBarTime( 2121): Clock, isFirstRecoveryCompleted, evtExist == false
11-06 14:54:00.011 I/StatusBarTime( 2121): Clock, isFirstRecoveryCompleted, kernelExist == false
11-06 14:54:00.011 I/StatusBarTime( 2121): Clock, isFirstRecoveryCompleted, nativeExist == false
11-06 14:54:00.012 I/StatusBarTime( 2121): Clock, updateClock, firstRecoveryCompletedFlag == true
11-06 14:54:00.015 I/StatusBarTime( 2121): Clock, isFirstRecoveryCompleted, evtExist == false
11-06 14:54:00.015 I/StatusBarTime( 2121): Clock, isFirstRecoveryCompleted, kernelExist == false
11-06 14:54:00.016 I/StatusBarTime( 2121): Clock, isFirstRecoveryCompleted, nativeExist == false
11-06 14:54:00.016 I/StatusBarTime( 2121): Clock, updateClock, firstRecoveryCompletedFlag == true
11-06 14:54:00.018 D/KeyguardUpdateMonitor( 2121): handleTimeUpdate
11-06 14:54:00.023 D/KeyguardClockSwitch( 2121): Updating clock: 1454
11-06 14:54:01.465 D/QCNEJ/WlanStaInfoRelay( 2379): Received action: android.net.wifi.RSSI_CHANGED
11-06 14:54:01.720 V/DisplayPowerController( 1073): Brightness [0.05] reason changing to: 'manual [ dim ]', previous reason: 'manual'.
11-06 14:54:01.643 E/        (    0): hlt panel,modify duty
11-06 14:54:01.643 E/        (    0): dsi_panel_update_pwm_backlight 745 panel name is st7703 video mode dsi hlt panel
11-06 14:54:01.658 E/        (    0): hlt panel,modify duty
11-06 14:54:01.658 E/        (    0): dsi_panel_update_pwm_backlight 745 panel name is st7703 video mode dsi hlt panel
11-06 14:54:01.675 E/        (    0): hlt panel,modify duty
11-06 14:54:01.675 E/        (    0): dsi_panel_update_pwm_backlight 745 panel name is st7703 video mode dsi hlt panel
11-06 14:54:01.691 E/        (    0): hlt panel,modify duty
11-06 14:54:01.691 E/        (    0): dsi_panel_update_pwm_backlight 745 panel name is st7703 video mode dsi hlt panel
11-06 14:54:01.708 E/        (    0): hlt panel,modify duty
11-06 14:54:01.708 E/        (    0): dsi_panel_update_pwm_backlight 745 panel name is st7703 video mode dsi hlt panel
11-06 14:54:01.730 E/        (    0): hlt panel,modify duty
11-06 14:54:01.730 E/        (    0): dsi_panel_update_pwm_backlight 745 panel name is st7703 video mode dsi hlt panel
11-06 14:54:01.822 I/ReactNativeJNI( 6850): Error occurred, shutting down websocket connection: WebSocket exception Failed to connect to localhost/127.0.0.1:8081
11-06 14:54:01.741 E/        (    0): hlt panel,modify duty
11-06 14:54:01.741 E/        (    0): dsi_panel_update_pwm_backlight 745 panel name is st7703 video mode dsi hlt panel
11-06 14:54:01.758 E/        (    0): hlt panel,modify duty
11-06 14:54:01.758 E/        (    0): dsi_panel_update_pwm_backlight 745 panel name is st7703 video mode dsi hlt panel
11-06 14:54:01.776 E/        (    0): hlt panel,modify duty
11-06 14:54:01.776 E/        (    0): dsi_panel_update_pwm_backlight 745 panel name is st7703 video mode dsi hlt panel
11-06 14:54:01.792 E/        (    0): hlt panel,modify duty
11-06 14:54:01.792 E/        (    0): dsi_panel_update_pwm_backlight 745 panel name is st7703 video mode dsi hlt panel
11-06 14:54:01.809 E/        (    0): hlt panel,modify duty
11-06 14:54:01.809 E/        (    0): dsi_panel_update_pwm_backlight 745 panel name is st7703 video mode dsi hlt panel
11-06 14:54:01.828 E/        (    0): hlt panel,modify duty
11-06 14:54:01.828 E/        (    0): dsi_panel_update_pwm_backlight 745 panel name is st7703 video mode dsi hlt panel
11-06 14:54:01.843 E/        (    0): hlt panel,modify duty
11-06 14:54:01.843 E/        (    0): dsi_panel_update_pwm_backlight 745 panel name is st7703 video mode dsi hlt panel
11-06 14:54:01.859 E/        (    0): hlt panel,modify duty
11-06 14:54:01.859 E/        (    0): dsi_panel_update_pwm_backlight 745 panel name is st7703 video mode dsi hlt panel
11-06 14:54:01.875 E/        (    0): hlt panel,modify duty
11-06 14:54:01.875 E/        (    0): dsi_panel_update_pwm_backlight 745 panel name is st7703 video mode dsi hlt panel
11-06 14:54:01.892 E/        (    0): hlt panel,modify duty
11-06 14:54:01.892 E/        (    0): dsi_panel_update_pwm_backlight 745 panel name is st7703 video mode dsi hlt panel
11-06 14:54:01.910 E/        (    0): hlt panel,modify duty
11-06 14:54:01.910 E/        (    0): dsi_panel_update_pwm_backlight 745 panel name is st7703 video mode dsi hlt panel
11-06 14:54:01.927 E/        (    0): hlt panel,modify duty
11-06 14:54:01.927 E/        (    0): dsi_panel_update_pwm_backlight 745 panel name is st7703 video mode dsi hlt panel
11-06 14:54:01.942 E/        (    0): hlt panel,modify duty
11-06 14:54:01.942 E/        (    0): dsi_panel_update_pwm_backlight 745 panel name is st7703 video mode dsi hlt panel
11-06 14:54:01.958 E/        (    0): hlt panel,modify duty
11-06 14:54:01.958 E/        (    0): dsi_panel_update_pwm_backlight 745 panel name is st7703 video mode dsi hlt panel
11-06 14:54:01.976 E/        (    0): hlt panel,modify duty
11-06 14:54:01.976 E/        (    0): dsi_panel_update_pwm_backlight 745 panel name is st7703 video mode dsi hlt panel
11-06 14:54:01.992 E/        (    0): hlt panel,modify duty
11-06 14:54:01.992 E/        (    0): dsi_panel_update_pwm_backlight 745 panel name is st7703 video mode dsi hlt panel
11-06 14:54:02.009 E/        (    0): hlt panel,modify duty
11-06 14:54:02.009 E/        (    0): dsi_panel_update_pwm_backlight 745 panel name is st7703 video mode dsi hlt panel
11-06 14:54:02.029 E/        (    0): hlt panel,modify duty
11-06 14:54:02.029 E/        (    0): dsi_panel_update_pwm_backlight 745 panel name is st7703 video mode dsi hlt panel
11-06 14:54:02.042 E/        (    0): hlt panel,modify duty
11-06 14:54:02.042 E/        (    0): dsi_panel_update_pwm_backlight 745 panel name is st7703 video mode dsi hlt panel
11-06 14:54:02.059 E/        (    0): hlt panel,modify duty
11-06 14:54:02.059 E/        (    0): dsi_panel_update_pwm_backlight 745 panel name is st7703 video mode dsi hlt panel
11-06 14:54:02.077 E/        (    0): hlt panel,modify duty
11-06 14:54:02.077 E/        (    0): dsi_panel_update_pwm_backlight 745 panel name is st7703 video mode dsi hlt panel
11-06 14:54:02.093 E/        (    0): hlt panel,modify duty
11-06 14:54:02.093 E/        (    0): dsi_panel_update_pwm_backlight 745 panel name is st7703 video mode dsi hlt panel
11-06 14:54:02.109 E/        (    0): hlt panel,modify duty
11-06 14:54:02.109 E/        (    0): dsi_panel_update_pwm_backlight 745 panel name is st7703 video mode dsi hlt panel
11-06 14:54:02.130 E/        (    0): hlt panel,modify duty
11-06 14:54:02.130 E/        (    0): dsi_panel_update_pwm_backlight 745 panel name is st7703 video mode dsi hlt panel
11-06 14:54:02.143 E/        (    0): hlt panel,modify duty
11-06 14:54:02.143 E/        (    0): dsi_panel_update_pwm_backlight 745 panel name is st7703 video mode dsi hlt panel
11-06 14:54:02.160 E/        (    0): hlt panel,modify duty
11-06 14:54:02.160 E/        (    0): dsi_panel_update_pwm_backlight 745 panel name is st7703 video mode dsi hlt panel
11-06 14:54:02.175 E/        (    0): hlt panel,modify duty
11-06 14:54:02.175 E/        (    0): dsi_panel_update_pwm_backlight 745 panel name is st7703 video mode dsi hlt panel
11-06 14:54:02.193 E/        (    0): hlt panel,modify duty
11-06 14:54:02.193 E/        (    0): dsi_panel_update_pwm_backlight 745 panel name is st7703 video mode dsi hlt panel
11-06 14:54:02.210 E/        (    0): hlt panel,modify duty
11-06 14:54:02.210 E/        (    0): dsi_panel_update_pwm_backlight 745 panel name is st7703 video mode dsi hlt panel
11-06 14:54:02.228 E/        (    0): hlt panel,modify duty
11-06 14:54:02.229 E/        (    0): dsi_panel_update_pwm_backlight 745 panel name is st7703 video mode dsi hlt panel
11-06 14:54:02.242 E/        (    0): hlt panel,modify duty
11-06 14:54:02.242 E/        (    0): dsi_panel_update_pwm_backlight 745 panel name is st7703 video mode dsi hlt panel
11-06 14:54:02.259 E/        (    0): hlt panel,modify duty
11-06 14:54:02.259 E/        (    0): dsi_panel_update_pwm_backlight 745 panel name is st7703 video mode dsi hlt panel
11-06 14:54:02.276 E/        (    0): hlt panel,modify duty
11-06 14:54:02.276 E/        (    0): dsi_panel_update_pwm_backlight 745 panel name is st7703 video mode dsi hlt panel
11-06 14:54:02.293 E/        (    0): hlt panel,modify duty
11-06 14:54:02.293 E/        (    0): dsi_panel_update_pwm_backlight 745 panel name is st7703 video mode dsi hlt panel
11-06 14:54:02.309 E/        (    0): hlt panel,modify duty
11-06 14:54:02.309 E/        (    0): dsi_panel_update_pwm_backlight 745 panel name is st7703 video mode dsi hlt panel
11-06 14:54:02.329 E/        (    0): hlt panel,modify duty
11-06 14:54:02.329 E/        (    0): dsi_panel_update_pwm_backlight 745 panel name is st7703 video mode dsi hlt panel
11-06 14:54:02.342 E/        (    0): hlt panel,modify duty
11-06 14:54:02.342 E/        (    0): dsi_panel_update_pwm_backlight 745 panel name is st7703 video mode dsi hlt panel
11-06 14:54:02.359 E/        (    0): hlt panel,modify duty
11-06 14:54:02.359 E/        (    0): dsi_panel_update_pwm_backlight 745 panel name is st7703 video mode dsi hlt panel
11-06 14:54:02.376 E/        (    0): hlt panel,modify duty
11-06 14:54:02.376 E/        (    0): dsi_panel_update_pwm_backlight 745 panel name is st7703 video mode dsi hlt panel
11-06 14:54:02.392 E/        (    0): hlt panel,modify duty
11-06 14:54:02.392 E/        (    0): dsi_panel_update_pwm_backlight 745 panel name is st7703 video mode dsi hlt panel
11-06 14:54:02.410 E/        (    0): hlt panel,modify duty
11-06 14:54:02.410 E/        (    0): dsi_panel_update_pwm_backlight 745 panel name is st7703 video mode dsi hlt panel
11-06 14:54:02.430 E/        (    0): hlt panel,modify duty
11-06 14:54:02.430 E/        (    0): dsi_panel_update_pwm_backlight 745 panel name is st7703 video mode dsi hlt panel
11-06 14:54:02.442 E/        (    0): hlt panel,modify duty
11-06 14:54:02.442 E/        (    0): dsi_panel_update_pwm_backlight 745 panel name is st7703 video mode dsi hlt panel
11-06 14:54:02.460 E/        (    0): hlt panel,modify duty
11-06 14:54:02.460 E/        (    0): dsi_panel_update_pwm_backlight 745 panel name is st7703 video mode dsi hlt panel
11-06 14:54:02.476 E/        (    0): hlt panel,modify duty
11-06 14:54:02.476 E/        (    0): dsi_panel_update_pwm_backlight 745 panel name is st7703 video mode dsi hlt panel
11-06 14:54:02.493 E/        (    0): hlt panel,modify duty
11-06 14:54:02.493 E/        (    0): dsi_panel_update_pwm_backlight 745 panel name is st7703 video mode dsi hlt panel
11-06 14:54:02.510 E/        (    0): hlt panel,modify duty
11-06 14:54:02.510 E/        (    0): dsi_panel_update_pwm_backlight 745 panel name is st7703 video mode dsi hlt panel
11-06 14:54:02.529 E/        (    0): hlt panel,modify duty
11-06 14:54:02.529 E/        (    0): dsi_panel_update_pwm_backlight 745 panel name is st7703 video mode dsi hlt panel
11-06 14:54:03.054 E/        (    0): cw_update_data vol = 4084  cap = 87 temp = 340
11-06 14:54:03.056 I/        (    0): smblite_lib_get_prop_usb_present 1229
11-06 14:54:03.057 I/chatty  (    0): uid=0(root) logd identical 1 line
11-06 14:54:03.058 I/        (    0): smblite_lib_get_prop_usb_present 1229
11-06 14:54:03.059 E/ALG     (    0): get_time_to_full_locked: failed to get ACT_BATT_CAP rc=-19
11-06 14:54:03.059 I/        (    0): smblite_lib_get_prop_usb_present 1229
11-06 14:54:03.060 I/        (    0): smblite_lib_get_prop_usb_present 1229
11-06 14:54:03.061 W/healthd (    0): battery l=87 v=4084 t=34.0 h=2 st=2 c=-143432 fc=0 cc=0 chg=u
11-06 14:54:03.152 V/LocSvc_BatteryListener(  628): healthInfoChanged_2_1:236] healthInfoChanged_2_1: 2
11-06 14:54:03.152 V/LocSvc_BatteryListener(  628): healthInfoChanged:225] healthInfoChanged: 2
