11-06 15:06:20.430 V/LocSvc_BatteryListener(  628): healthInfoChanged:225] healthInfoChanged: 2
11-06 15:06:20.430 E/BatteryService( 1073): Processing new values: info={.chargerAcOnline = false, .chargerUsbOnline = true, .chargerWirelessOnline = false, .maxChargingCurrent = 0, .maxChargingVoltage = 0, .batteryStatus = CHARGING, .batteryHealth = GOOD, .batteryPresent = true, .batteryLevel = 89, .batteryVoltage = 4105, .batteryTemperature = 335, .batteryCurrent = -123748, .batteryCycleCount = 0, .batteryFullCharge = 0, .batteryChargeCounter = 0, .batteryTechnology = Li-ion}, mBatteryLevelCritical=false, batteryTemperature=335, mPlugType=2
11-06 15:06:20.431 E/BatteryService( 1073): shutdownIfOverTempLocked batteryTemperature=335
11-06 15:06:20.431 D/BatteryService( 1073): Sending ACTION_BATTERY_CHANGED. scale:100, info:{.chargerAcOnline = false, .chargerUsbOnline = true, .chargerWirelessOnline = false, .maxChargingCurrent = 0, .maxChargingVoltage = 0, .batteryStatus = CHARGING, .batteryHealth = GOOD, .batteryPresent = true, .batteryLevel = 89, .batteryVoltage = 4105, .batteryTemperature = 335, .batteryCurrent = -123748, .batteryCycleCount = 0, .batteryFullCharge = 0, .batteryChargeCounter = 0, .batteryTechnology = Li-ion}
11-06 15:06:20.434 D/KeyguardUpdateMonitor( 2121): received broadcast android.intent.action.BATTERY_CHANGED
11-06 15:06:20.434 D/QtiCarrierConfigHelper( 2433): WARNING, no carrier configs on phone Id: 0
11-06 15:06:20.438 D/KeyguardUpdateMonitor( 2121): handleBatteryUpdate
11-06 15:06:20.925 I/ReactNativeJNI( 6850): Error occurred, shutting down websocket connection: WebSocket exception Failed to connect to localhost/127.0.0.1:8081
11-06 15:06:23.259 I/[schedu][0xb29d6add09][15:06:23.344182] wlan(    0): [1855:I:WMA] [15:06:18.238000] [ROAM_TRIGGER]: VDEV[0] Reason: "LOW RSSI" Sub-Reason: FULL SCANCur_rssi_threshold: 81
11-06 15:06:23.259 I/[schedu][0xb29d6ae216][15:06:23.344250] wlan(    0): [1855:I:WMA] [15:06:18.238000] [ROAM_SCAN]: VDEV[0] Scan_type: FULL next_rssi_threshold: 81 dBm
11-06 15:06:23.259 I/[schedu][0xb29d6ae770][15:06:23.344321] wlan(    0): [1855:I:WMA]      AP BSSID           TSTAMP       CH   TY  ETP  RSSI/SCR CU%/SCR TOT_SCR
11-06 15:06:23.259 I/[schedu][0xb29d6aea81][15:06:23.344362] wlan(    0): [1855:I:WMA] 44:3b:32:9a:8f:dd [15:06:18.238000] 2427 P_AP    0  76/0     0/0     1529
11-06 15:06:23.259 I/[schedu][0xb29d6aecb2][15:06:23.344391] wlan(    0): [1855:I:WMA] [15:06:23.334000] [ROAM_RESULT]: VDEV[0] FAILED Reason: NO AP FOUND
11-06 15:06:28.525 E/        (    0): cw_update_data vol = 4109  cap = 89 temp = 335
11-06 15:06:28.527 I/        (    0): smblite_lib_get_prop_usb_present 1229
11-06 15:06:28.527 I/chatty  (    0): uid=0(root) logd identical 1 line
11-06 15:06:28.528 I/        (    0): smblite_lib_get_prop_usb_present 1229
11-06 15:06:28.530 E/ALG     (    0): get_time_to_full_locked: failed to get ACT_BATT_CAP rc=-19
11-06 15:06:28.531 I/        (    0): smblite_lib_get_prop_usb_present 1229
11-06 15:06:28.532 W/healthd (    0): battery l=89 v=4109 t=33.5 h=2 st=2 c=-28076 fc=0 cc=0 chg=u
11-06 15:06:28.532 I/        (    0): smblite_lib_get_prop_usb_present 1229
11-06 15:06:24.987 I/chatty  ( 6850): uid=10094(u0_a94) com.ma1heussantos.teste identical 2 lines
11-06 15:06:27.039 I/ReactNativeJNI( 6850): Error occurred, shutting down websocket connection: WebSocket exception Failed to connect to localhost/127.0.0.1:8081
11-06 15:06:28.621 V/LocSvc_BatteryListener(  628): healthInfoChanged_2_1:236] healthInfoChanged_2_1: 2
11-06 15:06:28.621 V/LocSvc_BatteryListener(  628): healthInfoChanged:225] healthInfoChanged: 2
11-06 15:06:28.534 E/ALG     (    0): get_time_to_full_locked: failed to get ACT_BATT_CAP rc=-19
11-06 15:06:28.622 E/BatteryService( 1073): Processing new values: info={.chargerAcOnline = false, .chargerUsbOnline = true, .chargerWirelessOnline = false, .maxChargingCurrent = 0, .maxChargingVoltage = 0, .batteryStatus = CHARGING, .batteryHealth = GOOD, .batteryPresent = true, .batteryLevel = 89, .batteryVoltage = 4109, .batteryTemperature = 335, .batteryCurrent = -28076, .batteryCycleCount = 0, .batteryFullCharge = 0, .batteryChargeCounter = 0, .batteryTechnology = Li-ion}, mBatteryLevelCritical=false, batteryTemperature=335, mPlugType=2
11-06 15:06:28.622 E/BatteryService( 1073): shutdownIfOverTempLocked batteryTemperature=335
11-06 15:06:28.623 D/BatteryService( 1073): Sending ACTION_BATTERY_CHANGED. scale:100, info:{.chargerAcOnline = false, .chargerUsbOnline = true, .chargerWirelessOnline = false, .maxChargingCurrent = 0, .maxChargingVoltage = 0, .batteryStatus = CHARGING, .batteryHealth = GOOD, .batteryPresent = true, .batteryLevel = 89, .batteryVoltage = 4109, .batteryTemperature = 335, .batteryCurrent = -28076, .batteryCycleCount = 0, .batteryFullCharge = 0, .batteryChargeCounter = 0, .batteryTechnology = Li-ion}
11-06 15:06:28.626 D/QtiCarrierConfigHelper( 2433): WARNING, no carrier configs on phone Id: 0
11-06 15:06:28.626 D/KeyguardUpdateMonitor( 2121): received broadcast android.intent.action.BATTERY_CHANGED
11-06 15:06:28.631 D/KeyguardUpdateMonitor( 2121): handleBatteryUpdate
11-06 15:06:29.069 I/ReactNativeJNI( 6850): Error occurred, shutting down websocket connection: WebSocket exception Failed to connect to localhost/127.0.0.1:8081
11-06 15:06:34.611 E/[schedu][0xb2aa68b807][15:06:34.696436] wlan(    0): [1855:E:WMA] wma_roam_stats_event_handler: Roam 11kv stats extract failed vdev 0
11-06 15:06:36.716 E/        (    0): cw_update_data vol = 4110  cap = 89 temp = 335
11-06 15:06:36.719 I/        (    0): smblite_lib_get_prop_usb_present 1229
11-06 15:06:36.720 I/        (    0): smblite_lib_get_prop_usb_present 1229
11-06 15:06:36.723 E/ALG     (    0): get_time_to_full_locked: failed to get ACT_BATT_CAP rc=-19
11-06 15:06:36.724 W/healthd (    0): battery l=89 v=4110 t=33.5 h=2 st=2 c=-27618 fc=0 cc=0 chg=u
11-06 15:06:36.725 I/        (    0): smblite_lib_get_prop_usb_present 1229
11-06 15:06:36.725 I/        (    0): smblite_lib_get_prop_usb_present 1229
11-06 15:06:36.726 E/ALG     (    0): get_time_to_full_locked: failed to get ACT_BATT_CAP rc=-19
11-06 15:06:36.727 I/        (    0): smblite_lib_get_prop_usb_present 1229
11-06 15:06:33.141 I/chatty  ( 6850): uid=10094(u0_a94) com.ma1heussantos.teste identical 2 lines
11-06 15:06:35.194 I/ReactNativeJNI( 6850): Error occurred, shutting down websocket connection: WebSocket exception Failed to connect to localhost/127.0.0.1:8081
11-06 15:06:36.813 V/LocSvc_BatteryListener(  628): healthInfoChanged_2_1:236] healthInfoChanged_2_1: 2
11-06 15:06:36.814 V/LocSvc_BatteryListener(  628): healthInfoChanged:225] healthInfoChanged: 2
11-06 15:06:36.815 E/BatteryService( 1073): Processing new values: info={.chargerAcOnline = false, .chargerUsbOnline = true, .chargerWirelessOnline = false, .maxChargingCurrent = 0, .maxChargingVoltage = 0, .batteryStatus = CHARGING, .batteryHealth = GOOD, .batteryPresent = true, .batteryLevel = 89, .batteryVoltage = 4110, .batteryTemperature = 335, .batteryCurrent = -27618, .batteryCycleCount = 0, .batteryFullCharge = 0, .batteryChargeCounter = 0, .batteryTechnology = Li-ion}, mBatteryLevelCritical=false, batteryTemperature=335, mPlugType=2
11-06 15:06:36.816 E/BatteryService( 1073): shutdownIfOverTempLocked batteryTemperature=335
11-06 15:06:36.816 D/BatteryService( 1073): Sending ACTION_BATTERY_CHANGED. scale:100, info:{.chargerAcOnline = false, .chargerUsbOnline = true, .chargerWirelessOnline = false, .maxChargingCurrent = 0, .maxChargingVoltage = 0, .batteryStatus = CHARGING, .batteryHealth = GOOD, .batteryPresent = true, .batteryLevel = 89, .batteryVoltage = 4110, .batteryTemperature = 335, .batteryCurrent = -27618, .batteryCycleCount = 0, .batteryFullCharge = 0, .batteryChargeCounter = 0, .batteryTechnology = Li-ion}
11-06 15:06:36.820 D/QtiCarrierConfigHelper( 2433): WARNING, no carrier configs on phone Id: 0
11-06 15:06:36.820 D/KeyguardUpdateMonitor( 2121): received broadcast android.intent.action.BATTERY_CHANGED
11-06 15:06:36.824 D/KeyguardUpdateMonitor( 2121): handleBatteryUpdate
11-06 15:06:37.212 I/ReactNativeJNI( 6850): Error occurred, shutting down websocket connection: WebSocket exception Failed to connect to localhost/127.0.0.1:8081
11-06 15:06:37.386 I/chenjun ( 1073): drop_caches
11-06 15:06:37.301 I/Timer-0 (2353)(    0): drop_caches: 3
11-06 15:06:41.231 E/ALG     (    0): get_time_to_full_locked: failed to get ACT_BATT_CAP rc=-19
11-06 15:06:41.233 W/healthd (    0): battery l=89 v=4110 t=33.5 h=2 st=2 c=-57983 fc=0 cc=0 chg=u
11-06 15:06:41.235 E/ALG     (    0): get_time_to_full_locked: failed to get ACT_BATT_CAP rc=-19
11-06 15:06:39.274 I/chatty  ( 6850): uid=10094(u0_a94) com.ma1heussantos.teste identical 1 line
11-06 15:06:41.301 I/ReactNativeJNI( 6850): Error occurred, shutting down websocket connection: WebSocket exception Failed to connect to localhost/127.0.0.1:8081
11-06 15:06:41.323 V/LocSvc_BatteryListener(  628): healthInfoChanged_2_1:236] healthInfoChanged_2_1: 2
11-06 15:06:41.323 V/LocSvc_BatteryListener(  628): healthInfoChanged:225] healthInfoChanged: 2
11-06 15:06:41.324 E/BatteryService( 1073): Processing new values: info={.chargerAcOnline = false, .chargerUsbOnline = true, .chargerWirelessOnline = false, .maxChargingCurrent = 0, .maxChargingVoltage = 0, .batteryStatus = CHARGING, .batteryHealth = GOOD, .batteryPresent = true, .batteryLevel = 89, .batteryVoltage = 4110, .batteryTemperature = 335, .batteryCurrent = -57983, .batteryCycleCount = 0, .batteryFullCharge = 0, .batteryChargeCounter = 0, .batteryTechnology = Li-ion}, mBatteryLevelCritical=false, batteryTemperature=335, mPlugType=2
11-06 15:06:41.324 E/BatteryService( 1073): shutdownIfOverTempLocked batteryTemperature=335
11-06 15:06:42.012 E/WifiClientModeImpl( 1073): ConnectModeState processMessage 131274
11-06 15:06:42.013 V/WifiHAL (  656): WifiVendorCommand 0xb40000743a16fbc0 created vendor_id:0x1374 subcmd:83
11-06 15:06:42.607 I/CNSS    ( 1045): cnss_open_log_file: directory /data/vendor/wifi/wlan_logs/ created
11-06 15:06:43.347 I/ReactNativeJNI( 6850): Error occurred, shutting down websocket connection: WebSocket exception Failed to connect to localhost/127.0.0.1:8081
11-06 15:06:44.909 E/        (    0): cw_update_data vol = 4110  cap = 89 temp = 335
11-06 15:06:44.911 I/        (    0): smblite_lib_get_prop_usb_present 1229
11-06 15:06:44.914 I/chatty  (    0): uid=0(root) logd identical 2 lines
11-06 15:06:44.915 I/        (    0): smblite_lib_get_prop_usb_present 1229
11-06 15:06:44.916 E/ALG     (    0): get_time_to_full_locked: failed to get ACT_BATT_CAP rc=-19
11-06 15:06:44.916 I/        (    0): smblite_lib_get_prop_usb_present 1229
11-06 15:06:44.917 W/healthd (    0): battery l=89 v=4110 t=33.5 h=2 st=2 c=-31433 fc=0 cc=0 chg=u
11-06 15:06:45.007 V/LocSvc_BatteryListener(  628): healthInfoChanged_2_1:236] healthInfoChanged_2_1: 2
11-06 15:06:45.007 V/LocSvc_BatteryListener(  628): healthInfoChanged:225] healthInfoChanged: 2
11-06 15:06:45.008 E/BatteryService( 1073): Processing new values: info={.chargerAcOnline = false, .chargerUsbOnline = true, .chargerWirelessOnline = false, .maxChargingCurrent = 0, .maxChargingVoltage = 0, .batteryStatus = CHARGING, .batteryHealth = GOOD, .batteryPresent = true, .batteryLevel = 89, .batteryVoltage = 4110, .batteryTemperature = 335, .batteryCurrent = -31433, .batteryCycleCount = 0, .batteryFullCharge = 0, .batteryChargeCounter = 0, .batteryTechnology = Li-ion}, mBatteryLevelCritical=false, batteryTemperature=335, mPlugType=2
11-06 15:06:44.919 E/ALG     (    0): get_time_to_full_locked: failed to get ACT_BATT_CAP rc=-19
11-06 15:06:45.008 E/BatteryService( 1073): shutdownIfOverTempLocked batteryTemperature=335
11-06 15:06:45.393 I/ReactNativeJNI( 6850): Error occurred, shutting down websocket connection: WebSocket exception Failed to connect to localhost/127.0.0.1:8081
11-06 15:06:47.439 I/chatty  ( 6850): uid=10094(u0_a94) com.ma1heussantos.teste identical 1 line
11-06 15:06:49.486 I/ReactNativeJNI( 6850): Error occurred, shutting down websocket connection: WebSocket exception Failed to connect to localhost/127.0.0.1:8081
11-06 15:06:50.028 I/br.com.gertec.service.BatteryLevelService( 3532): Nível da bateria: 89
11-06 15:06:50.029 W/ContextImpl( 3532): Calling a method in the system process without a qualified user: android.app.ContextImpl.stopService:1681 android.content.ContextWrapper.stopService:730 br.com.gertec.service.BatteryLevelService.f:7 br.com.gertec.service.BatteryLevelService$a.run:88 android.os.Handler.handleCallback:938 
11-06 15:06:51.529 I/ReactNativeJNI( 6850): Error occurred, shutting down websocket connection: WebSocket exception Failed to connect to localhost/127.0.0.1:8081
11-06 15:06:53.100 E/        (    0): cw_update_data vol = 4110  cap = 89 temp = 335
11-06 15:06:53.102 I/        (    0): smblite_lib_get_prop_usb_present 1229
11-06 15:06:53.102 I/chatty  (    0): uid=0(root) logd identical 1 line
11-06 15:06:53.103 I/        (    0): smblite_lib_get_prop_usb_present 1229
11-06 15:06:53.104 E/ALG     (    0): get_time_to_full_locked: failed to get ACT_BATT_CAP rc=-19
11-06 15:06:53.105 I/        (    0): smblite_lib_get_prop_usb_present 1229
11-06 15:06:53.106 I/        (    0): smblite_lib_get_prop_usb_present 1229
11-06 15:06:53.106 W/healthd (    0): battery l=89 v=4110 t=33.5 h=2 st=2 c=-30212 fc=0 cc=0 chg=u
11-06 15:06:53.196 V/LocSvc_BatteryListener(  628): healthInfoChanged_2_1:236] healthInfoChanged_2_1: 2
11-06 15:06:53.196 V/LocSvc_BatteryListener(  628): healthInfoChanged:225] healthInfoChanged: 2
11-06 15:06:53.197 E/BatteryService( 1073): Processing new values: info={.chargerAcOnline = false, .chargerUsbOnline = true, .chargerWirelessOnline = false, .maxChargingCurrent = 0, .maxChargingVoltage = 0, .batteryStatus = CHARGING, .batteryHealth = GOOD, .batteryPresent = true, .batteryLevel = 89, .batteryVoltage = 4110, .batteryTemperature = 335, .batteryCurrent = -30212, .batteryCycleCount = 0, .batteryFullCharge = 0, .batteryChargeCounter = 0, .batteryTechnology = Li-ion}, mBatteryLevelCritical=false, batteryTemperature=335, mPlugType=2
11-06 15:06:53.197 E/BatteryService( 1073): shutdownIfOverTempLocked batteryTemperature=335
11-06 15:06:53.109 E/ALG     (    0): get_time_to_full_locked: failed to get ACT_BATT_CAP rc=-19
11-06 15:06:53.576 I/ReactNativeJNI( 6850): Error occurred, shutting down websocket connection: WebSocket exception Failed to connect to localhost/127.0.0.1:8081
11-06 15:06:54.725 I/UsageStatsService( 1073): User[0] Flushing usage stats to disk
11-06 15:07:01.296 E/        (    0): cw_update_data vol = 4110  cap = 89 temp = 335
11-06 15:07:01.299 I/        (    0): smblite_lib_get_prop_usb_present 1229
11-06 15:07:01.299 I/chatty  (    0): uid=0(root) logd identical 1 line
11-06 15:07:01.300 I/        (    0): smblite_lib_get_prop_usb_present 1229
11-06 15:07:01.301 E/ALG     (    0): get_time_to_full_locked: failed to get ACT_BATT_CAP rc=-19
11-06 15:07:01.302 I/        (    0): smblite_lib_get_prop_usb_present 1229
11-06 15:07:01.303 I/        (    0): smblite_lib_get_prop_usb_present 1229
11-06 15:07:01.303 W/healthd (    0): battery l=89 v=4110 t=33.5 h=2 st=2 c=-32806 fc=0 cc=0 chg=u
11-06 15:06:57.666 I/chatty  ( 6850): uid=10094(u0_a94) com.ma1heussantos.teste identical 2 lines
11-06 15:06:59.714 I/ReactNativeJNI( 6850): Error occurred, shutting down websocket connection: WebSocket exception Failed to connect to localhost/127.0.0.1:8081
11-06 15:07:01.393 V/LocSvc_BatteryListener(  628): healthInfoChanged_2_1:236] healthInfoChanged_2_1: 2
11-06 15:07:01.393 V/LocSvc_BatteryListener(  628): healthInfoChanged:225] healthInfoChanged: 2
11-06 15:07:01.393 E/BatteryService( 1073): Processing new values: info={.chargerAcOnline = false, .chargerUsbOnline = true, .chargerWirelessOnline = false, .maxChargingCurrent = 0, .maxChargingVoltage = 0, .batteryStatus = CHARGING, .batteryHealth = GOOD, .batteryPresent = true, .batteryLevel = 89, .batteryVoltage = 4110, .batteryTemperature = 335, .batteryCurrent = -32806, .batteryCycleCount = 0, .batteryFullCharge = 0, .batteryChargeCounter = 0, .batteryTechnology = Li-ion}, mBatteryLevelCritical=false, batteryTemperature=335, mPlugType=2
11-06 15:07:01.394 E/BatteryService( 1073): shutdownIfOverTempLocked batteryTemperature=335
11-06 15:07:01.305 E/ALG     (    0): get_time_to_full_locked: failed to get ACT_BATT_CAP rc=-19
11-06 15:07:01.760 I/ReactNativeJNI( 6850): Error occurred, shutting down websocket connection: WebSocket exception Failed to connect to localhost/127.0.0.1:8081
11-06 15:07:09.488 E/        (    0): cw_update_data vol = 4110  cap = 89 temp = 335
11-06 15:07:09.493 I/        (    0): smblite_lib_get_prop_usb_present 1229
11-06 15:07:09.494 I/chatty  (    0): uid=0(root) logd identical 2 lines
11-06 15:07:09.494 I/        (    0): smblite_lib_get_prop_usb_present 1229
11-06 15:07:09.494 E/ALG     (    0): get_time_to_full_locked: failed to get ACT_BATT_CAP rc=-19
11-06 15:07:09.496 I/        (    0): smblite_lib_get_prop_usb_present 1229
11-06 15:07:09.496 W/healthd (    0): battery l=89 v=4110 t=33.5 h=2 st=2 c=-27771 fc=0 cc=0 chg=u
11-06 15:07:05.851 I/chatty  ( 6850): uid=10094(u0_a94) com.ma1heussantos.teste identical 2 lines
11-06 15:07:07.902 I/ReactNativeJNI( 6850): Error occurred, shutting down websocket connection: WebSocket exception Failed to connect to localhost/127.0.0.1:8081
11-06 15:07:09.587 V/LocSvc_BatteryListener(  628): healthInfoChanged_2_1:236] healthInfoChanged_2_1: 2
11-06 15:07:09.587 V/LocSvc_BatteryListener(  628): healthInfoChanged:225] healthInfoChanged: 2
11-06 15:07:09.588 E/BatteryService( 1073): Processing new values: info={.chargerAcOnline = false, .chargerUsbOnline = true, .chargerWirelessOnline = false, .maxChargingCurrent = 0, .maxChargingVoltage = 0, .batteryStatus = CHARGING, .batteryHealth = GOOD, .batteryPresent = true, .batteryLevel = 89, .batteryVoltage = 4110, .batteryTemperature = 335, .batteryCurrent = -36468, .batteryCycleCount = 0, .batteryFullCharge = 0, .batteryChargeCounter = 0, .batteryTechnology = Li-ion}, mBatteryLevelCritical=false, batteryTemperature=335, mPlugType=2
11-06 15:07:09.588 E/BatteryService( 1073): shutdownIfOverTempLocked batteryTemperature=335
11-06 15:07:09.500 E/ALG     (    0): get_time_to_full_locked: failed to get ACT_BATT_CAP rc=-19
11-06 15:07:09.918 I/ReactNativeJNI( 6850): Error occurred, shutting down websocket connection: WebSocket exception Failed to connect to localhost/127.0.0.1:8081
11-06 15:07:17.679 E/        (    0): cw_update_data vol = 4110  cap = 89 temp = 335
11-06 15:07:17.681 I/        (    0): smblite_lib_get_prop_usb_present 1229
11-06 15:07:17.683 I/chatty  (    0): uid=0(root) logd identical 2 lines
11-06 15:07:17.683 I/        (    0): smblite_lib_get_prop_usb_present 1229
11-06 15:07:17.687 E/ALG     (    0): get_time_to_full_locked: failed to get ACT_BATT_CAP rc=-19
11-06 15:07:17.688 W/healthd (    0): battery l=89 v=4110 t=33.5 h=2 st=2 c=-34484 fc=0 cc=0 chg=u
11-06 15:07:17.691 E/ALG     (    0): get_time_to_full_locked: failed to get ACT_BATT_CAP rc=-19
11-06 15:07:14.010 I/chatty  ( 6850): uid=10094(u0_a94) com.ma1heussantos.teste identical 2 lines
11-06 15:07:16.055 I/ReactNativeJNI( 6850): Error occurred, shutting down websocket connection: WebSocket exception Failed to connect to localhost/127.0.0.1:8081
11-06 15:07:17.780 V/LocSvc_BatteryListener(  628): healthInfoChanged_2_1:236] healthInfoChanged_2_1: 2
11-06 15:07:17.780 V/LocSvc_BatteryListener(  628): healthInfoChanged:225] healthInfoChanged: 2
11-06 15:07:17.692 I/        (    0): smblite_lib_get_prop_usb_present 1229
11-06 15:07:17.782 E/BatteryService( 1073): Processing new values: info={.chargerAcOnline = false, .chargerUsbOnline = true, .chargerWirelessOnline = false, .maxChargingCurrent = 0, .maxChargingVoltage = 0, .batteryStatus = CHARGING, .batteryHealth = GOOD, .batteryPresent = true, .batteryLevel = 89, .batteryVoltage = 4110, .batteryTemperature = 335, .batteryCurrent = -34484, .batteryCycleCount = 0, .batteryFullCharge = 0, .batteryChargeCounter = 0, .batteryTechnology = Li-ion}, mBatteryLevelCritical=false, batteryTemperature=335, mPlugType=2
11-06 15:07:17.783 E/BatteryService( 1073): shutdownIfOverTempLocked batteryTemperature=335
11-06 15:07:18.100 I/ReactNativeJNI( 6850): Error occurred, shutting down websocket connection: WebSocket exception Failed to connect to localhost/127.0.0.1:8081
11-06 15:07:25.867 E/        (    0): cw_update_data vol = 4111  cap = 89 temp = 335
11-06 15:07:25.871 E/ALG     (    0): get_time_to_full_locked: failed to get ACT_BATT_CAP rc=-19
11-06 15:07:25.872 I/        (    0): smblite_lib_get_prop_usb_present 1229
11-06 15:07:25.872 I/        (    0): smblite_lib_get_prop_usb_present 1229
11-06 15:07:25.873 W/healthd (    0): battery l=89 v=4110 t=33.5 h=2 st=2 c=-35247 fc=0 cc=0 chg=u
11-06 15:07:25.874 I/        (    0): smblite_lib_get_prop_usb_present 1229
11-06 15:07:25.875 E/ALG     (    0): get_time_to_full_locked: failed to get ACT_BATT_CAP rc=-19
11-06 15:07:25.875 I/        (    0): smblite_lib_get_prop_usb_present 1229
11-06 15:07:22.192 I/chatty  ( 6850): uid=10094(u0_a94) com.ma1heussantos.teste identical 2 lines
11-06 15:07:24.204 I/ReactNativeJNI( 6850): Error occurred, shutting down websocket connection: WebSocket exception Failed to connect to localhost/127.0.0.1:8081
11-06 15:07:25.962 V/LocSvc_BatteryListener(  628): healthInfoChanged_2_1:236] healthInfoChanged_2_1: 2
11-06 15:07:25.962 V/LocSvc_BatteryListener(  628): healthInfoChanged:225] healthInfoChanged: 2
11-06 15:07:25.966 E/BatteryService( 1073): Processing new values: info={.chargerAcOnline = false, .chargerUsbOnline = true, .chargerWirelessOnline = false, .maxChargingCurrent = 0, .maxChargingVoltage = 0, .batteryStatus = CHARGING, .batteryHealth = GOOD, .batteryPresent = true, .batteryLevel = 89, .batteryVoltage = 4110, .batteryTemperature = 335, .batteryCurrent = -35247, .batteryCycleCount = 0, .batteryFullCharge = 0, .batteryChargeCounter = 0, .batteryTechnology = Li-ion}, mBatteryLevelCritical=false, batteryTemperature=335, mPlugType=2
11-06 15:07:25.966 E/BatteryService( 1073): shutdownIfOverTempLocked batteryTemperature=335
11-06 15:07:26.226 I/ReactNativeJNI( 6850): Error occurred, shutting down websocket connection: WebSocket exception Failed to connect to localhost/127.0.0.1:8081
11-06 15:07:28.273 I/chatty  ( 6850): uid=10094(u0_a94) com.ma1heussantos.teste identical 1 line
11-06 15:07:30.315 I/ReactNativeJNI( 6850): Error occurred, shutting down websocket connection: WebSocket exception Failed to connect to localhost/127.0.0.1:8081
11-06 15:07:30.785 D/KeyguardUpdateMonitor( 2121): received broadcast android.intent.action.TIME_TICK
11-06 15:07:30.787 E/ActivityManager( 1073): Sending non-protected broadcast CHECK_CONNECTION from system uid 1000 pkg br.com.gertec.service
11-06 15:07:30.787 E/ActivityManager( 1073): java.lang.Throwable
11-06 15:07:30.787 E/ActivityManager( 1073): 	at com.android.server.am.ActivityManagerService.checkBroadcastFromSystem(ActivityManagerService.java:16129)
11-06 15:07:30.787 E/ActivityManager( 1073): 	at com.android.server.am.ActivityManagerService.broadcastIntentLocked(ActivityManagerService.java:16800)
11-06 15:07:30.787 E/ActivityManager( 1073): 	at com.android.server.am.ActivityManagerService.broadcastIntentInPackage(ActivityManagerService.java:16979)
11-06 15:07:30.787 E/ActivityManager( 1073): 	at com.android.server.am.ActivityManagerService$LocalService.broadcastIntentInPackage(ActivityManagerService.java:19647)
11-06 15:07:30.787 E/ActivityManager( 1073): 	at com.android.server.am.PendingIntentRecord.sendInner(PendingIntentRecord.java:462)
11-06 15:07:30.787 E/ActivityManager( 1073): 	at com.android.server.am.PendingIntentRecord.sendWithResult(PendingIntentRecord.java:285)
11-06 15:07:30.787 E/ActivityManager( 1073): 	at com.android.server.am.ActivityManagerService.sendIntentSender(ActivityManagerService.java:5863)
11-06 15:07:30.787 E/ActivityManager( 1073): 	at android.app.PendingIntent.sendAndReturnResult(PendingIntent.java:913)
11-06 15:07:30.787 E/ActivityManager( 1073): 	at android.app.PendingIntent.send(PendingIntent.java:884)
11-06 15:07:30.787 E/ActivityManager( 1073): 	at com.android.server.AlarmManagerService$DeliveryTracker.deliverLocked(AlarmManagerService.java:4760)
11-06 15:07:30.787 E/ActivityManager( 1073): 	at com.android.server.AlarmManagerService.deliverAlarmsLocked(AlarmManagerService.java:3884)
11-06 15:07:30.787 E/ActivityManager( 1073): 	at com.android.server.AlarmManagerService$AlarmThread.run(AlarmManagerService.java:4128)
11-06 15:07:30.794 I/DropBoxManagerService( 1073): add tag=system_server_wtf isTagEnabled=true flags=0x2
11-06 15:07:30.795 D/KeyguardUpdateMonitor( 2121): handleTimeUpdate
11-06 15:07:30.804 D/KeyguardClockSwitch( 2121): Updating clock: 1507
11-06 15:07:30.809 I/StatusBarTime( 2121): Clock, isFirstRecoveryCompleted, evtExist == false
11-06 15:07:30.809 I/StatusBarTime( 2121): Clock, isFirstRecoveryCompleted, kernelExist == false
11-06 15:07:30.810 I/StatusBarTime( 2121): Clock, isFirstRecoveryCompleted, nativeExist == false
11-06 15:07:30.810 I/StatusBarTime( 2121): Clock, updateClock, firstRecoveryCompletedFlag == true
11-06 15:07:30.812 D/CompatibilityInfo( 1073): mCompatibilityFlags - 10
11-06 15:07:30.812 D/CompatibilityInfo( 1073): applicationDensity - 320
11-06 15:07:30.812 D/CompatibilityInfo( 1073): applicationScale - 1.0
11-06 15:07:30.813 I/StatusBarTime( 2121): Clock, isFirstRecoveryCompleted, evtExist == false
11-06 15:07:30.815 I/StatusBarTime( 2121): Clock, isFirstRecoveryCompleted, kernelExist == false
11-06 15:07:30.815 I/StatusBarTime( 2121): Clock, isFirstRecoveryCompleted, nativeExist == false
11-06 15:07:30.816 I/StatusBarTime( 2121): Clock, updateClock, firstRecoveryCompletedFlag == true
11-06 15:07:30.816 I/br.com.gertec.service.AlarmReceiver( 3532): onReceive: CHECK_CONNECTION
11-06 15:07:30.820 I/StatusBarTime( 2121): Clock, isFirstRecoveryCompleted, evtExist == false
11-06 15:07:30.820 I/StatusBarTime( 2121): Clock, isFirstRecoveryCompleted, kernelExist == false
11-06 15:07:30.821 I/StatusBarTime( 2121): Clock, isFirstRecoveryCompleted, nativeExist == false
11-06 15:07:30.821 I/StatusBarTime( 2121): Clock, updateClock, firstRecoveryCompletedFlag == true
11-06 15:07:32.363 I/ReactNativeJNI( 6850): Error occurred, shutting down websocket connection: WebSocket exception Failed to connect to localhost/127.0.0.1:8081
11-06 15:07:25.876 I/        (    0): smblite_lib_get_prop_usb_present 1229
11-06 15:07:34.062 E/        (    0): cw_update_data vol = 4111  cap = 89 temp = 335
11-06 15:07:34.065 I/        (    0): smblite_lib_get_prop_usb_present 1229
11-06 15:07:34.065 I/        (    0): smblite_lib_get_prop_usb_present 1229
11-06 15:07:34.067 E/ALG     (    0): get_time_to_full_locked: failed to get ACT_BATT_CAP rc=-19
11-06 15:07:34.068 I/        (    0): smblite_lib_get_prop_usb_present 1229
11-06 15:07:34.069 I/        (    0): smblite_lib_get_prop_usb_present 1229
11-06 15:07:34.070 W/healthd (    0): battery l=89 v=4111 t=33.5 h=2 st=2 c=-27618 fc=0 cc=0 chg=u
11-06 15:07:34.070 I/        (    0): smblite_lib_get_prop_usb_present 1229
11-06 15:07:34.159 V/LocSvc_BatteryListener(  628): healthInfoChanged_2_1:236] healthInfoChanged_2_1: 2
11-06 15:07:34.159 V/LocSvc_BatteryListener(  628): healthInfoChanged:225] healthInfoChanged: 2
11-06 15:07:34.072 E/ALG     (    0): get_time_to_full_locked: failed to get ACT_BATT_CAP rc=-19
11-06 15:07:34.160 E/BatteryService( 1073): Processing new values: info={.chargerAcOnline = false, .chargerUsbOnline = true, .chargerWirelessOnline = false, .maxChargingCurrent = 0, .maxChargingVoltage = 0, .batteryStatus = CHARGING, .batteryHealth = GOOD, .batteryPresent = true, .batteryLevel = 89, .batteryVoltage = 4111, .batteryTemperature = 335, .batteryCurrent = -27618, .batteryCycleCount = 0, .batteryFullCharge = 0, .batteryChargeCounter = 0, .batteryTechnology = Li-ion}, mBatteryLevelCritical=false, batteryTemperature=335, mPlugType=2
11-06 15:07:34.161 E/BatteryService( 1073): shutdownIfOverTempLocked batteryTemperature=335
11-06 15:07:34.161 D/BatteryService( 1073): Sending ACTION_BATTERY_CHANGED. scale:100, info:{.chargerAcOnline = false, .chargerUsbOnline = true, .chargerWirelessOnline = false, .maxChargingCurrent = 0, .maxChargingVoltage = 0, .batteryStatus = CHARGING, .batteryHealth = GOOD, .batteryPresent = true, .batteryLevel = 89, .batteryVoltage = 4111, .batteryTemperature = 335, .batteryCurrent = -27618, .batteryCycleCount = 0, .batteryFullCharge = 0, .batteryChargeCounter = 0, .batteryTechnology = Li-ion}
11-06 15:07:34.164 D/QtiCarrierConfigHelper( 2433): WARNING, no carrier configs on phone Id: 0
11-06 15:07:34.165 D/KeyguardUpdateMonitor( 2121): received broadcast android.intent.action.BATTERY_CHANGED
11-06 15:07:34.169 D/KeyguardUpdateMonitor( 2121): handleBatteryUpdate
11-06 15:07:34.408 I/ReactNativeJNI( 6850): Error occurred, shutting down websocket connection: WebSocket exception Failed to connect to localhost/127.0.0.1:8081
11-06 15:07:41.231 E/ALG     (    0): get_time_to_full_locked: failed to get ACT_BATT_CAP rc=-19
11-06 15:07:41.233 W/healthd (    0): battery l=89 v=4111 t=33.5 h=2 st=2 c=-34332 fc=0 cc=0 chg=u
11-06 15:07:41.235 E/ALG     (    0): get_time_to_full_locked: failed to get ACT_BATT_CAP rc=-19
11-06 15:07:38.499 I/chatty  ( 6850): uid=10094(u0_a94) com.ma1heussantos.teste identical 2 lines
11-06 15:07:40.546 I/ReactNativeJNI( 6850): Error occurred, shutting down websocket connection: WebSocket exception Failed to connect to localhost/127.0.0.1:8081
11-06 15:07:41.322 V/LocSvc_BatteryListener(  628): healthInfoChanged_2_1:236] healthInfoChanged_2_1: 2
11-06 15:07:41.323 V/LocSvc_BatteryListener(  628): healthInfoChanged:225] healthInfoChanged: 2
11-06 15:07:41.324 E/BatteryService( 1073): Processing new values: info={.chargerAcOnline = false, .chargerUsbOnline = true, .chargerWirelessOnline = false, .maxChargingCurrent = 0, .maxChargingVoltage = 0, .batteryStatus = CHARGING, .batteryHealth = GOOD, .batteryPresent = true, .batteryLevel = 89, .batteryVoltage = 4111, .batteryTemperature = 335, .batteryCurrent = -34332, .batteryCycleCount = 0, .batteryFullCharge = 0, .batteryChargeCounter = 0, .batteryTechnology = Li-ion}, mBatteryLevelCritical=false, batteryTemperature=335, mPlugType=2
11-06 15:07:41.324 E/BatteryService( 1073): shutdownIfOverTempLocked batteryTemperature=335
11-06 15:07:42.252 E/        (    0): cw_update_data vol = 4111  cap = 89 temp = 335
11-06 15:07:42.254 I/        (    0): smblite_lib_get_prop_usb_present 1229
11-06 15:07:42.254 I/chatty  (    0): uid=0(root) logd identical 1 line
11-06 15:07:42.255 I/        (    0): smblite_lib_get_prop_usb_present 1229
11-06 15:07:42.256 E/ALG     (    0): get_time_to_full_locked: failed to get ACT_BATT_CAP rc=-19
11-06 15:07:42.258 W/healthd (    0): battery l=89 v=4111 t=33.5 h=2 st=2 c=-41961 fc=0 cc=0 chg=u
11-06 15:07:42.258 I/        (    0): smblite_lib_get_prop_usb_present 1229
11-06 15:07:42.260 E/ALG     (    0): get_time_to_full_locked: failed to get ACT_BATT_CAP rc=-19
11-06 15:07:42.347 V/LocSvc_BatteryListener(  628): healthInfoChanged_2_1:236] healthInfoChanged_2_1: 2
11-06 15:07:42.347 V/LocSvc_BatteryListener(  628): healthInfoChanged:225] healthInfoChanged: 2
11-06 15:07:42.348 E/BatteryService( 1073): Processing new values: info={.chargerAcOnline = false, .chargerUsbOnline = true, .chargerWirelessOnline = false, .maxChargingCurrent = 0, .maxChargingVoltage = 0, .batteryStatus = CHARGING, .batteryHealth = GOOD, .batteryPresent = true, .batteryLevel = 89, .batteryVoltage = 4111, .batteryTemperature = 335, .batteryCurrent = -41961, .batteryCycleCount = 0, .batteryFullCharge = 0, .batteryChargeCounter = 0, .batteryTechnology = Li-ion}, mBatteryLevelCritical=false, batteryTemperature=335, mPlugType=2
11-06 15:07:42.349 E/BatteryService( 1073): shutdownIfOverTempLocked batteryTemperature=335
11-06 15:07:42.261 I/        (    0): smblite_lib_get_prop_usb_present 1229
11-06 15:07:42.592 I/ReactNativeJNI( 6850): Error occurred, shutting down websocket connection: WebSocket exception Failed to connect to localhost/127.0.0.1:8081
11-06 15:07:44.637 I/ReactNativeJNI( 6850): Error occurred, shutting down websocket connection: WebSocket exception Failed to connect to localhost/127.0.0.1:8081
11-06 15:07:45.903 D/br.com.gertec.service.AlarmReceiver( 3532): serviceState : NULL
11-06 15:07:46.681 I/ReactNativeJNI( 6850): Error occurred, shutting down websocket connection: WebSocket exception Failed to connect to localhost/127.0.0.1:8081
11-06 15:07:48.728 I/ReactNativeJNI( 6850): Error occurred, shutting down websocket connection: WebSocket exception Failed to connect to localhost/127.0.0.1:8081
11-06 15:07:50.039 I/br.com.gertec.service.BatteryLevelService( 3532): Nível da bateria: 89
11-06 15:07:50.040 W/ContextImpl( 3532): Calling a method in the system process without a qualified user: android.app.ContextImpl.stopService:1681 android.content.ContextWrapper.stopService:730 br.com.gertec.service.BatteryLevelService.f:7 br.com.gertec.service.BatteryLevelService$a.run:88 android.os.Handler.handleCallback:938 
11-06 15:07:50.445 E/        (    0): cw_update_data vol = 4112  cap = 89 temp = 335
11-06 15:07:50.447 I/        (    0): smblite_lib_get_prop_usb_present 1229
11-06 15:07:50.448 I/        (    0): smblite_lib_get_prop_usb_present 1229
11-06 15:07:50.448 E/ALG     (    0): get_time_to_full_locked: failed to get ACT_BATT_CAP rc=-19
11-06 15:07:50.450 W/healthd (    0): battery l=89 v=4112 t=33.5 h=2 st=2 c=-38909 fc=0 cc=0 chg=u
11-06 15:07:50.452 E/ALG     (    0): get_time_to_full_locked: failed to get ACT_BATT_CAP rc=-19
11-06 15:07:50.452 I/        (    0): smblite_lib_get_prop_usb_present 1229
11-06 15:07:50.539 V/LocSvc_BatteryListener(  628): healthInfoChanged_2_1:236] healthInfoChanged_2_1: 2
11-06 15:07:50.539 V/LocSvc_BatteryListener(  628): healthInfoChanged:225] healthInfoChanged: 2
11-06 15:07:50.540 E/BatteryService( 1073): Processing new values: info={.chargerAcOnline = false, .chargerUsbOnline = true, .chargerWirelessOnline = false, .maxChargingCurrent = 0, .maxChargingVoltage = 0, .batteryStatus = CHARGING, .batteryHealth = GOOD, .batteryPresent = true, .batteryLevel = 89, .batteryVoltage = 4112, .batteryTemperature = 335, .batteryCurrent = -38909, .batteryCycleCount = 0, .batteryFullCharge = 0, .batteryChargeCounter = 0, .batteryTechnology = Li-ion}, mBatteryLevelCritical=false, batteryTemperature=335, mPlugType=2
11-06 15:07:50.541 E/BatteryService( 1073): shutdownIfOverTempLocked batteryTemperature=335
11-06 15:07:50.541 D/BatteryService( 1073): Sending ACTION_BATTERY_CHANGED. scale:100, info:{.chargerAcOnline = false, .chargerUsbOnline = true, .chargerWirelessOnline = false, .maxChargingCurrent = 0, .maxChargingVoltage = 0, .batteryStatus = CHARGING, .batteryHealth = GOOD, .batteryPresent = true, .batteryLevel = 89, .batteryVoltage = 4112, .batteryTemperature = 335, .batteryCurrent = -38909, .batteryCycleCount = 0, .batteryFullCharge = 0, .batteryChargeCounter = 0, .batteryTechnology = Li-ion}
11-06 15:07:50.545 D/QtiCarrierConfigHelper( 2433): WARNING, no carrier configs on phone Id: 0
11-06 15:07:50.546 D/KeyguardUpdateMonitor( 2121): received broadcast android.intent.action.BATTERY_CHANGED
11-06 15:07:50.551 D/KeyguardUpdateMonitor( 2121): handleBatteryUpdate
11-06 15:07:50.773 I/ReactNativeJNI( 6850): Error occurred, shutting down websocket connection: WebSocket exception Failed to connect to localhost/127.0.0.1:8081
11-06 15:07:50.453 I/chatty  (    0): uid=0(root) logd identical 1 line
11-06 15:07:50.455 I/        (    0): smblite_lib_get_prop_usb_present 1229
11-06 15:07:58.636 E/        (    0): cw_update_data vol = 4111  cap = 89 temp = 335
11-06 15:07:58.640 I/        (    0): smblite_lib_get_prop_usb_present 1229
11-06 15:07:58.640 I/        (    0): smblite_lib_get_prop_usb_present 1229
11-06 15:07:58.641 E/ALG     (    0): get_time_to_full_locked: failed to get ACT_BATT_CAP rc=-19
11-06 15:07:58.642 I/        (    0): smblite_lib_get_prop_usb_present 1229
11-06 15:07:54.866 I/chatty  ( 6850): uid=10094(u0_a94) com.ma1heussantos.teste identical 2 lines
11-06 15:07:56.912 I/ReactNativeJNI( 6850): Error occurred, shutting down websocket connection: WebSocket exception Failed to connect to localhost/127.0.0.1:8081
11-06 15:07:58.732 V/LocSvc_BatteryListener(  628): healthInfoChanged_2_1:236] healthInfoChanged_2_1: 2
11-06 15:07:58.643 W/healthd (    0): battery l=89 v=4111 t=33.5 h=2 st=2 c=-42419 fc=0 cc=0 chg=u
11-06 15:07:58.732 V/LocSvc_BatteryListener(  628): healthInfoChanged:225] healthInfoChanged: 2
11-06 15:07:58.644 I/        (    0): smblite_lib_get_prop_usb_present 1229
11-06 15:07:58.645 I/        (    0): smblite_lib_get_prop_usb_present 1229
11-06 15:07:58.645 E/ALG     (    0): get_time_to_full_locked: failed to get ACT_BATT_CAP rc=-19
11-06 15:07:58.733 E/BatteryService( 1073): Processing new values: info={.chargerAcOnline = false, .chargerUsbOnline = true, .chargerWirelessOnline = false, .maxChargingCurrent = 0, .maxChargingVoltage = 0, .batteryStatus = CHARGING, .batteryHealth = GOOD, .batteryPresent = true, .batteryLevel = 89, .batteryVoltage = 4111, .batteryTemperature = 335, .batteryCurrent = -42419, .batteryCycleCount = 0, .batteryFullCharge = 0, .batteryChargeCounter = 0, .batteryTechnology = Li-ion}, mBatteryLevelCritical=false, batteryTemperature=335, mPlugType=2
11-06 15:07:58.734 E/BatteryService( 1073): shutdownIfOverTempLocked batteryTemperature=335
11-06 15:07:58.734 D/BatteryService( 1073): Sending ACTION_BATTERY_CHANGED. scale:100, info:{.chargerAcOnline = false, .chargerUsbOnline = true, .chargerWirelessOnline = false, .maxChargingCurrent = 0, .maxChargingVoltage = 0, .batteryStatus = CHARGING, .batteryHealth = GOOD, .batteryPresent = true, .batteryLevel = 89, .batteryVoltage = 4111, .batteryTemperature = 335, .batteryCurrent = -42419, .batteryCycleCount = 0, .batteryFullCharge = 0, .batteryChargeCounter = 0, .batteryTechnology = Li-ion}
11-06 15:07:58.737 D/QtiCarrierConfigHelper( 2433): WARNING, no carrier configs on phone Id: 0
11-06 15:07:58.738 D/KeyguardUpdateMonitor( 2121): received broadcast android.intent.action.BATTERY_CHANGED
11-06 15:07:58.745 D/KeyguardUpdateMonitor( 2121): handleBatteryUpdate
11-06 15:07:58.957 I/ReactNativeJNI( 6850): Error occurred, shutting down websocket connection: WebSocket exception Failed to connect to localhost/127.0.0.1:8081
11-06 15:08:06.832 E/        (    0): cw_update_data vol = 4111  cap = 89 temp = 330
11-06 15:08:06.834 I/        (    0): smblite_lib_get_prop_usb_present 1229
11-06 15:08:06.835 I/chatty  (    0): uid=0(root) logd identical 1 line
11-06 15:08:06.836 I/        (    0): smblite_lib_get_prop_usb_present 1229
11-06 15:08:06.837 E/ALG     (    0): get_time_to_full_locked: failed to get ACT_BATT_CAP rc=-19
11-06 15:08:06.838 I/        (    0): smblite_lib_get_prop_usb_present 1229
11-06 15:08:06.839 W/healthd (    0): battery l=89 v=4111 t=33.0 h=2 st=2 c=-28381 fc=0 cc=0 chg=u
11-06 15:08:06.840 I/        (    0): smblite_lib_get_prop_usb_present 1229
11-06 15:08:03.047 I/chatty  ( 6850): uid=10094(u0_a94) com.ma1heussantos.teste identical 2 lines
11-06 15:08:05.093 I/ReactNativeJNI( 6850): Error occurred, shutting down websocket connection: WebSocket exception Failed to connect to localhost/127.0.0.1:8081
11-06 15:08:06.928 V/LocSvc_BatteryListener(  628): healthInfoChanged_2_1:236] healthInfoChanged_2_1: 2
11-06 15:08:06.928 V/LocSvc_BatteryListener(  628): healthInfoChanged:225] healthInfoChanged: 2
11-06 15:08:06.841 E/ALG     (    0): get_time_to_full_locked: failed to get ACT_BATT_CAP rc=-19
11-06 15:08:06.929 E/BatteryService( 1073): Processing new values: info={.chargerAcOnline = false, .chargerUsbOnline = true, .chargerWirelessOnline = false, .maxChargingCurrent = 0, .maxChargingVoltage = 0, .batteryStatus = CHARGING, .batteryHealth = GOOD, .batteryPresent = true, .batteryLevel = 89, .batteryVoltage = 4111, .batteryTemperature = 330, .batteryCurrent = -28381, .batteryCycleCount = 0, .batteryFullCharge = 0, .batteryChargeCounter = 0, .batteryTechnology = Li-ion}, mBatteryLevelCritical=false, batteryTemperature=330, mPlugType=2
11-06 15:08:06.930 E/BatteryService( 1073): shutdownIfOverTempLocked batteryTemperature=330
11-06 15:08:06.930 D/BatteryService( 1073): Sending ACTION_BATTERY_CHANGED. scale:100, info:{.chargerAcOnline = false, .chargerUsbOnline = true, .chargerWirelessOnline = false, .maxChargingCurrent = 0, .maxChargingVoltage = 0, .batteryStatus = CHARGING, .batteryHealth = GOOD, .batteryPresent = true, .batteryLevel = 89, .batteryVoltage = 4111, .batteryTemperature = 330, .batteryCurrent = -28381, .batteryCycleCount = 0, .batteryFullCharge = 0, .batteryChargeCounter = 0, .batteryTechnology = Li-ion}
11-06 15:08:06.934 D/QtiCarrierConfigHelper( 2433): WARNING, no carrier configs on phone Id: 0
11-06 15:08:06.935 D/KeyguardUpdateMonitor( 2121): received broadcast android.intent.action.BATTERY_CHANGED
11-06 15:08:06.939 D/KeyguardUpdateMonitor( 2121): handleBatteryUpdate
11-06 15:08:07.117 I/ReactNativeJNI( 6850): Error occurred, shutting down websocket connection: WebSocket exception Failed to connect to localhost/127.0.0.1:8081
11-06 15:08:09.165 I/ReactNativeJNI( 6850): Error occurred, shutting down websocket connection: WebSocket exception Failed to connect to localhost/127.0.0.1:8081
11-06 15:08:10.894 E/WifiClientModeImpl( 1073): ConnectModeState processMessage 131274
11-06 15:08:10.895 V/WifiHAL (  656): WifiVendorCommand 0xb40000743a16fbc0 created vendor_id:0x1374 subcmd:83
11-06 15:08:11.208 I/ReactNativeJNI( 6850): Error occurred, shutting down websocket connection: WebSocket exception Failed to connect to localhost/127.0.0.1:8081
11-06 15:08:15.024 E/        (    0): cw_update_data vol = 4111  cap = 89 temp = 330
11-06 15:08:15.026 I/        (    0): smblite_lib_get_prop_usb_present 1229
11-06 15:08:15.029 E/ALG     (    0): get_time_to_full_locked: failed to get ACT_BATT_CAP rc=-19
11-06 15:08:15.029 I/        (    0): smblite_lib_get_prop_usb_present 1229
11-06 15:08:15.030 I/chatty  (    0): uid=0(root) logd identical 1 line
11-06 15:08:15.030 I/        (    0): smblite_lib_get_prop_usb_present 1229
11-06 15:08:15.031 W/healthd (    0): battery l=89 v=4111 t=33.0 h=2 st=2 c=-27618 fc=0 cc=0 chg=u
11-06 15:08:15.031 I/        (    0): smblite_lib_get_prop_usb_present 1229
11-06 15:08:15.033 E/ALG     (    0): get_time_to_full_locked: failed to get ACT_BATT_CAP rc=-19
11-06 15:08:13.255 I/ReactNativeJNI( 6850): Error occurred, shutting down websocket connection: WebSocket exception Failed to connect to localhost/127.0.0.1:8081
11-06 15:08:15.120 V/LocSvc_BatteryListener(  628): healthInfoChanged_2_1:236] healthInfoChanged_2_1: 2
11-06 15:08:15.121 V/LocSvc_BatteryListener(  628): healthInfoChanged:225] healthInfoChanged: 2
11-06 15:08:15.122 E/BatteryService( 1073): Processing new values: info={.chargerAcOnline = false, .chargerUsbOnline = true, .chargerWirelessOnline = false, .maxChargingCurrent = 0, .maxChargingVoltage = 0, .batteryStatus = CHARGING, .batteryHealth = GOOD, .batteryPresent = true, .batteryLevel = 89, .batteryVoltage = 4111, .batteryTemperature = 330, .batteryCurrent = -27618, .batteryCycleCount = 0, .batteryFullCharge = 0, .batteryChargeCounter = 0, .batteryTechnology = Li-ion}, mBatteryLevelCritical=false, batteryTemperature=330, mPlugType=2
11-06 15:08:15.122 E/BatteryService( 1073): shutdownIfOverTempLocked batteryTemperature=330
11-06 15:08:15.296 I/ReactNativeJNI( 6850): Error occurred, shutting down websocket connection: WebSocket exception Failed to connect to localhost/127.0.0.1:8081
11-06 15:08:23.216 E/        (    0): cw_update_data vol = 4112  cap = 89 temp = 330
11-06 15:08:23.221 E/ALG     (    0): get_time_to_full_locked: failed to get ACT_BATT_CAP rc=-19
11-06 15:08:23.221 I/        (    0): smblite_lib_get_prop_usb_present 1229
11-06 15:08:23.221 I/chatty  (    0): uid=0(root) logd identical 1 line
11-06 15:08:23.222 I/        (    0): smblite_lib_get_prop_usb_present 1229
11-06 15:08:23.222 W/healthd (    0): battery l=89 v=4112 t=33.0 h=2 st=2 c=-55847 fc=0 cc=0 chg=u
11-06 15:08:19.373 I/chatty  ( 6850): uid=10094(u0_a94) com.ma1heussantos.teste identical 2 lines
11-06 15:08:21.421 I/ReactNativeJNI( 6850): Error occurred, shutting down websocket connection: WebSocket exception Failed to connect to localhost/127.0.0.1:8081
11-06 15:08:23.312 V/LocSvc_BatteryListener(  628): healthInfoChanged_2_1:236] healthInfoChanged_2_1: 2
11-06 15:08:23.225 E/ALG     (    0): get_time_to_full_locked: failed to get ACT_BATT_CAP rc=-19
11-06 15:08:23.312 V/LocSvc_BatteryListener(  628): healthInfoChanged:225] healthInfoChanged: 2
11-06 15:08:23.231 I/        (    0): smblite_lib_get_prop_usb_present 1229
11-06 15:08:23.314 E/BatteryService( 1073): Processing new values: info={.chargerAcOnline = false, .chargerUsbOnline = true, .chargerWirelessOnline = false, .maxChargingCurrent = 0, .maxChargingVoltage = 0, .batteryStatus = CHARGING, .batteryHealth = GOOD, .batteryPresent = true, .batteryLevel = 89, .batteryVoltage = 4112, .batteryTemperature = 330, .batteryCurrent = -55847, .batteryCycleCount = 0, .batteryFullCharge = 0, .batteryChargeCounter = 0, .batteryTechnology = Li-ion}, mBatteryLevelCritical=false, batteryTemperature=330, mPlugType=2
11-06 15:08:23.314 E/BatteryService( 1073): shutdownIfOverTempLocked batteryTemperature=330
11-06 15:08:23.314 D/BatteryService( 1073): Sending ACTION_BATTERY_CHANGED. scale:100, info:{.chargerAcOnline = false, .chargerUsbOnline = true, .chargerWirelessOnline = false, .maxChargingCurrent = 0, .maxChargingVoltage = 0, .batteryStatus = CHARGING, .batteryHealth = GOOD, .batteryPresent = true, .batteryLevel = 89, .batteryVoltage = 4112, .batteryTemperature = 330, .batteryCurrent = -55847, .batteryCycleCount = 0, .batteryFullCharge = 0, .batteryChargeCounter = 0, .batteryTechnology = Li-ion}
11-06 15:08:23.318 D/QtiCarrierConfigHelper( 2433): WARNING, no carrier configs on phone Id: 0
11-06 15:08:23.321 D/KeyguardUpdateMonitor( 2121): received broadcast android.intent.action.BATTERY_CHANGED
11-06 15:08:23.329 D/KeyguardUpdateMonitor( 2121): handleBatteryUpdate
11-06 15:08:23.465 I/ReactNativeJNI( 6850): Error occurred, shutting down websocket connection: WebSocket exception Failed to connect to localhost/127.0.0.1:8081
11-06 15:08:23.235 I/        (    0): smblite_lib_get_prop_usb_present 1229
11-06 15:08:31.408 E/        (    0): cw_update_data vol = 4112  cap = 89 temp = 330
11-06 15:08:31.410 I/        (    0): smblite_lib_get_prop_usb_present 1229
11-06 15:08:31.411 I/        (    0): smblite_lib_get_prop_usb_present 1229
11-06 15:08:31.413 E/ALG     (    0): get_time_to_full_locked: failed to get ACT_BATT_CAP rc=-19
11-06 15:08:31.414 I/        (    0): smblite_lib_get_prop_usb_present 1229
11-06 15:08:31.414 I/        (    0): smblite_lib_get_prop_usb_present 1229
11-06 15:08:31.416 W/healthd (    0): battery l=89 v=4112 t=33.0 h=2 st=2 c=-35247 fc=0 cc=0 chg=u
11-06 15:08:31.416 I/        (    0): smblite_lib_get_prop_usb_present 1229
11-06 15:08:31.418 E/ALG     (    0): get_time_to_full_locked: failed to get ACT_BATT_CAP rc=-19
11-06 15:08:27.553 I/chatty  ( 6850): uid=10094(u0_a94) com.ma1heussantos.teste identical 2 lines
11-06 15:08:29.599 I/ReactNativeJNI( 6850): Error occurred, shutting down websocket connection: WebSocket exception Failed to connect to localhost/127.0.0.1:8081
11-06 15:08:31.505 V/LocSvc_BatteryListener(  628): healthInfoChanged_2_1:236] healthInfoChanged_2_1: 2
11-06 15:08:31.506 V/LocSvc_BatteryListener(  628): healthInfoChanged:225] healthInfoChanged: 2
11-06 15:08:31.506 E/BatteryService( 1073): Processing new values: info={.chargerAcOnline = false, .chargerUsbOnline = true, .chargerWirelessOnline = false, .maxChargingCurrent = 0, .maxChargingVoltage = 0, .batteryStatus = CHARGING, .batteryHealth = GOOD, .batteryPresent = true, .batteryLevel = 89, .batteryVoltage = 4112, .batteryTemperature = 330, .batteryCurrent = -35247, .batteryCycleCount = 0, .batteryFullCharge = 0, .batteryChargeCounter = 0, .batteryTechnology = Li-ion}, mBatteryLevelCritical=false, batteryTemperature=330, mPlugType=2
11-06 15:08:31.507 E/BatteryService( 1073): shutdownIfOverTempLocked batteryTemperature=330
11-06 15:08:31.642 I/ReactNativeJNI( 6850): Error occurred, shutting down websocket connection: WebSocket exception Failed to connect to localhost/127.0.0.1:8081
11-06 15:08:33.687 I/chatty  ( 6850): uid=10094(u0_a94) com.ma1heussantos.teste identical 1 line
11-06 15:08:35.734 I/ReactNativeJNI( 6850): Error occurred, shutting down websocket connection: WebSocket exception Failed to connect to localhost/127.0.0.1:8081
11-06 15:08:36.904 E/WifiClientModeImpl( 1073): ConnectModeState processMessage 131274
11-06 15:08:36.905 V/WifiHAL (  656): WifiVendorCommand 0xb40000743a16fbc0 created vendor_id:0x1374 subcmd:83
11-06 15:08:37.775 I/ReactNativeJNI( 6850): Error occurred, shutting down websocket connection: WebSocket exception Failed to connect to localhost/127.0.0.1:8081
11-06 15:08:39.597 E/        (    0): cw_update_data vol = 4112  cap = 89 temp = 330
11-06 15:08:39.599 I/        (    0): smblite_lib_get_prop_usb_present 1229
11-06 15:08:39.601 E/ALG     (    0): get_time_to_full_locked: failed to get ACT_BATT_CAP rc=-19
11-06 15:08:39.602 I/        (    0): smblite_lib_get_prop_usb_present 1229
11-06 15:08:39.603 I/        (    0): smblite_lib_get_prop_usb_present 1229
11-06 15:08:39.603 W/healthd (    0): battery l=89 v=4112 t=33.0 h=2 st=2 c=-30212 fc=0 cc=0 chg=u
11-06 15:08:39.604 I/        (    0): smblite_lib_get_prop_usb_present 1229
11-06 15:08:39.605 I/        (    0): smblite_lib_get_prop_usb_present 1229
